nohup: ignoring input
569690 2019-04-01 04:53:16
569689 2019-04-01 04:48:21
569688 2019-04-01 04:34:31
569687 2019-04-01 04:22:21
569686 2019-04-01 04:21:24
569685 2019-04-01 04:17:03
569684 2019-04-01 04:10:49
569683 2019-04-01 04:08:53
569682 2019-04-01 03:57:30
569681 2019-04-01 03:48:31
569680 2019-04-01 03:23:42
569679 2019-04-01 02:53:33
569678 2019-04-01 02:40:00
569677 2019-04-01 02:36:57
569676 2019-04-01 02:31:35
569675 2019-04-01 02:17:39
569674 2019-04-01 02:04:43
569673 2019-04-01 02:02:40
569672 2019-04-01 01:50:32
569671 2019-04-01 01:47:10
569670 2019-04-01 01:44:07
569669 2019-04-01 01:34:39
569668 2019-04-01 01:12:51
569667 2019-04-01 01:07:06
569666 2019-04-01 01:04:33
569665 2019-04-01 00:56:15
569664 2019-04-01 00:54:19
569663 2019-04-01 00:50:09
569662 2019-04-01 00:37:11
569661 2019-04-01 00:34:43
get 200 tx in 00000000000000000022a69e86499a2ad804d56280b9706be5f52896ea9e1a09

get 200 tx in 00000000000000000009b1e0823c3d6b861295683da9affe5eb7f50168cdfebc

get 200 tx in 0000000000000000001ef2e0edc7f396733fe87e8fb363adfd73a911e2deb103

get 200 tx in 0000000000000000001e5ea6696b7114eb42696a2351ebe45142bbc65d350605

get 200 tx in 000000000000000000195cce8b2daa7afa1a4911b6ecb98cf6b4e592b3b17dc2

get 200 tx in 0000000000000000001a805557bdac5906ac937e9b3467fa278a7a55c33e728c

get 200 tx in 00000000000000000016e89237f211d350211ab4b9507117c23f35f8dcfa69c4

get 200 tx in 0000000000000000000c203dcfd2a999553dc1431fe9183fac737f61db040e64

get 200 tx in 0000000000000000001023990d9b1afbe84f077c0ac11acef730a70d5040725b

get 200 tx in 0000000000000000000016bf6fe5158d3aaccf13c59b3b672441d5f24d166b1f

get 200 tx in 0000000000000000002b2801c812c2b69d917d1d4265e1977e482ff910b92310

get 200 tx in 000000000000000000106608ea9ecc345a9ded8bf641eaeacd97c40cf91cb2c2

get 200 tx in 00000000000000000015425603fb1dd2574ffcdf6a2c0d5f5155741f1c2567a2

get 200 tx in 000000000000000000178fff4a3d245abe737403f84045b333ae2a7b11c232d3

get 200 tx in 000000000000000000194b90f26bf7957710fd6271d55eaa7940ced25bf6298b

get 200 tx in 0000000000000000001b648753e7e403b10017f7f6b478240d16eec74e6c3609

get 200 tx in 0000000000000000000154c8b10ea0a7038ae70d0b0fb6c60232927c28022349

get 200 tx in 0000000000000000002027639d3c1f5fc3a690baf39628c0cd5dfda15b2edb3d

get 200 tx in 0000000000000000001c5929e1cd5ce1a1dbc677773c592b89b204856a04b46e

get 200 tx in 00000000000000000021807ecae84d80d91901052e6f56d211f31461cacc1748

get 200 tx in 00000000000000000025276a1683ce713aa1b23d4bdfd964240541c9c29f63da

get 200 tx in 00000000000000000009018668efdfd3091e4d8f1ec9cbae622949b8da4192b0

get 200 tx in 00000000000000000001aa3a747635bceb4baf7fc7ff6804aa1f540559538957

get 200 tx in 0000000000000000001a4913fa3802f19d12dfa9dd92d9dba8497d2514632ab6

get 200 tx in 000000000000000000164ec679c970288207078bd266f6250212af6272862e3d

get 200 tx in 00000000000000000009aef3a720ead3df9bb334590b5635da748c7a7b5c42b7

get 200 tx in 00000000000000000016e986dd155a607cd3260c16a7479d7bde76848225bb06

get 200 tx in 0000000000000000000595f4f9835ae451db1a68855ba6a11eaf49ce986eb576

get 200 tx in 0000000000000000001e5e46dd9d5a0147734f60f5646941208034de756b6f52

get 200 tx in 000000000000000000289c2e109d0aa5410daecaae34a6e23477aa506ad6fec0

get 400 tx in 00000000000000000022a69e86499a2ad804d56280b9706be5f52896ea9e1a09

get 400 tx in 00000000000000000009b1e0823c3d6b861295683da9affe5eb7f50168cdfebc

get 400 tx in 0000000000000000001ef2e0edc7f396733fe87e8fb363adfd73a911e2deb103

get 400 tx in 0000000000000000001e5ea6696b7114eb42696a2351ebe45142bbc65d350605

get 400 tx in 000000000000000000195cce8b2daa7afa1a4911b6ecb98cf6b4e592b3b17dc2

get 400 tx in 0000000000000000000c203dcfd2a999553dc1431fe9183fac737f61db040e64

get 400 tx in 0000000000000000001a805557bdac5906ac937e9b3467fa278a7a55c33e728c

get 400 tx in 00000000000000000016e89237f211d350211ab4b9507117c23f35f8dcfa69c4

get 400 tx in 0000000000000000000016bf6fe5158d3aaccf13c59b3b672441d5f24d166b1f

get 400 tx in 0000000000000000001023990d9b1afbe84f077c0ac11acef730a70d5040725b

get 400 tx in 0000000000000000002b2801c812c2b69d917d1d4265e1977e482ff910b92310

get 400 tx in 000000000000000000194b90f26bf7957710fd6271d55eaa7940ced25bf6298b

get 400 tx in 000000000000000000106608ea9ecc345a9ded8bf641eaeacd97c40cf91cb2c2

get 400 tx in 000000000000000000178fff4a3d245abe737403f84045b333ae2a7b11c232d3

get 400 tx in 00000000000000000015425603fb1dd2574ffcdf6a2c0d5f5155741f1c2567a2

get 400 tx in 0000000000000000001b648753e7e403b10017f7f6b478240d16eec74e6c3609

get 400 tx in 0000000000000000001c5929e1cd5ce1a1dbc677773c592b89b204856a04b46e

get 400 tx in 0000000000000000000154c8b10ea0a7038ae70d0b0fb6c60232927c28022349

get 400 tx in 0000000000000000002027639d3c1f5fc3a690baf39628c0cd5dfda15b2edb3d

get 400 tx in 00000000000000000021807ecae84d80d91901052e6f56d211f31461cacc1748

get 400 tx in 00000000000000000025276a1683ce713aa1b23d4bdfd964240541c9c29f63da

get 400 tx in 00000000000000000001aa3a747635bceb4baf7fc7ff6804aa1f540559538957

get 400 tx in 00000000000000000009018668efdfd3091e4d8f1ec9cbae622949b8da4192b0

get 400 tx in 0000000000000000001a4913fa3802f19d12dfa9dd92d9dba8497d2514632ab6

get 400 tx in 00000000000000000016e986dd155a607cd3260c16a7479d7bde76848225bb06

get 400 tx in 00000000000000000009aef3a720ead3df9bb334590b5635da748c7a7b5c42b7

get 400 tx in 0000000000000000000595f4f9835ae451db1a68855ba6a11eaf49ce986eb576

get 400 tx in 000000000000000000164ec679c970288207078bd266f6250212af6272862e3d

get 400 tx in 000000000000000000289c2e109d0aa5410daecaae34a6e23477aa506ad6fec0

get 400 tx in 0000000000000000001e5e46dd9d5a0147734f60f5646941208034de756b6f52

get 600 tx in 00000000000000000022a69e86499a2ad804d56280b9706be5f52896ea9e1a09

get 600 tx in 00000000000000000009b1e0823c3d6b861295683da9affe5eb7f50168cdfebc

get 600 tx in 0000000000000000001ef2e0edc7f396733fe87e8fb363adfd73a911e2deb103

get 600 tx in 0000000000000000001e5ea6696b7114eb42696a2351ebe45142bbc65d350605

get 600 tx in 000000000000000000195cce8b2daa7afa1a4911b6ecb98cf6b4e592b3b17dc2

get 600 tx in 0000000000000000001a805557bdac5906ac937e9b3467fa278a7a55c33e728c

get 600 tx in 00000000000000000016e89237f211d350211ab4b9507117c23f35f8dcfa69c4

get 600 tx in 0000000000000000001023990d9b1afbe84f077c0ac11acef730a70d5040725b

get 600 tx in 0000000000000000000c203dcfd2a999553dc1431fe9183fac737f61db040e64

get 600 tx in 0000000000000000000016bf6fe5158d3aaccf13c59b3b672441d5f24d166b1f

get 600 tx in 000000000000000000106608ea9ecc345a9ded8bf641eaeacd97c40cf91cb2c2

get 600 tx in 0000000000000000002b2801c812c2b69d917d1d4265e1977e482ff910b92310

get 600 tx in 000000000000000000194b90f26bf7957710fd6271d55eaa7940ced25bf6298b

get 600 tx in 00000000000000000015425603fb1dd2574ffcdf6a2c0d5f5155741f1c2567a2

get 600 tx in 000000000000000000178fff4a3d245abe737403f84045b333ae2a7b11c232d3

get 600 tx in 0000000000000000000154c8b10ea0a7038ae70d0b0fb6c60232927c28022349

get 600 tx in 0000000000000000001b648753e7e403b10017f7f6b478240d16eec74e6c3609

get 600 tx in 00000000000000000021807ecae84d80d91901052e6f56d211f31461cacc1748

get 600 tx in 0000000000000000002027639d3c1f5fc3a690baf39628c0cd5dfda15b2edb3d

get 600 tx in 0000000000000000001c5929e1cd5ce1a1dbc677773c592b89b204856a04b46e

get 600 tx in 00000000000000000025276a1683ce713aa1b23d4bdfd964240541c9c29f63da

get 600 tx in 0000000000000000001a4913fa3802f19d12dfa9dd92d9dba8497d2514632ab6

get 600 tx in 00000000000000000001aa3a747635bceb4baf7fc7ff6804aa1f540559538957

get 600 tx in 00000000000000000009018668efdfd3091e4d8f1ec9cbae622949b8da4192b0

get 600 tx in 00000000000000000016e986dd155a607cd3260c16a7479d7bde76848225bb06

get 600 tx in 00000000000000000009aef3a720ead3df9bb334590b5635da748c7a7b5c42b7

get 600 tx in 0000000000000000000595f4f9835ae451db1a68855ba6a11eaf49ce986eb576

get 600 tx in 000000000000000000164ec679c970288207078bd266f6250212af6272862e3d

get 600 tx in 000000000000000000289c2e109d0aa5410daecaae34a6e23477aa506ad6fec0

get 600 tx in 0000000000000000001e5e46dd9d5a0147734f60f5646941208034de756b6f52

get 800 tx in 00000000000000000022a69e86499a2ad804d56280b9706be5f52896ea9e1a09

get 800 tx in 00000000000000000009b1e0823c3d6b861295683da9affe5eb7f50168cdfebc

get 800 tx in 0000000000000000001ef2e0edc7f396733fe87e8fb363adfd73a911e2deb103

get 800 tx in 0000000000000000001e5ea6696b7114eb42696a2351ebe45142bbc65d350605

get 800 tx in 000000000000000000195cce8b2daa7afa1a4911b6ecb98cf6b4e592b3b17dc2

get 800 tx in 0000000000000000001a805557bdac5906ac937e9b3467fa278a7a55c33e728c

get 800 tx in 0000000000000000000016bf6fe5158d3aaccf13c59b3b672441d5f24d166b1f

get 800 tx in 0000000000000000001023990d9b1afbe84f077c0ac11acef730a70d5040725b

get 800 tx in 000000000000000000106608ea9ecc345a9ded8bf641eaeacd97c40cf91cb2c2

get 800 tx in 0000000000000000000c203dcfd2a999553dc1431fe9183fac737f61db040e64

get 800 tx in 0000000000000000002b2801c812c2b69d917d1d4265e1977e482ff910b92310

get 800 tx in 000000000000000000194b90f26bf7957710fd6271d55eaa7940ced25bf6298b

get 800 tx in 0000000000000000001b648753e7e403b10017f7f6b478240d16eec74e6c3609

get 800 tx in 000000000000000000178fff4a3d245abe737403f84045b333ae2a7b11c232d3

get 800 tx in 0000000000000000000154c8b10ea0a7038ae70d0b0fb6c60232927c28022349

get 800 tx in 00000000000000000015425603fb1dd2574ffcdf6a2c0d5f5155741f1c2567a2

get 800 tx in 00000000000000000021807ecae84d80d91901052e6f56d211f31461cacc1748

get 800 tx in 00000000000000000016e89237f211d350211ab4b9507117c23f35f8dcfa69c4

get 800 tx in 0000000000000000001c5929e1cd5ce1a1dbc677773c592b89b204856a04b46e

get 800 tx in 00000000000000000025276a1683ce713aa1b23d4bdfd964240541c9c29f63da

get 800 tx in 0000000000000000002027639d3c1f5fc3a690baf39628c0cd5dfda15b2edb3d

get 800 tx in 00000000000000000001aa3a747635bceb4baf7fc7ff6804aa1f540559538957

get 800 tx in 00000000000000000009018668efdfd3091e4d8f1ec9cbae622949b8da4192b0

get 800 tx in 0000000000000000001a4913fa3802f19d12dfa9dd92d9dba8497d2514632ab6

get 800 tx in 00000000000000000016e986dd155a607cd3260c16a7479d7bde76848225bb06

get 800 tx in 00000000000000000009aef3a720ead3df9bb334590b5635da748c7a7b5c42b7

get 800 tx in 0000000000000000000595f4f9835ae451db1a68855ba6a11eaf49ce986eb576

get 800 tx in 000000000000000000164ec679c970288207078bd266f6250212af6272862e3d

get 800 tx in 000000000000000000289c2e109d0aa5410daecaae34a6e23477aa506ad6fec0

get 800 tx in 0000000000000000001e5e46dd9d5a0147734f60f5646941208034de756b6f52

get 1000 tx in 00000000000000000022a69e86499a2ad804d56280b9706be5f52896ea9e1a09

get 1000 tx in 00000000000000000009b1e0823c3d6b861295683da9affe5eb7f50168cdfebc

get 1000 tx in 0000000000000000001ef2e0edc7f396733fe87e8fb363adfd73a911e2deb103

get 1000 tx in 0000000000000000001e5ea6696b7114eb42696a2351ebe45142bbc65d350605

get 1000 tx in 000000000000000000195cce8b2daa7afa1a4911b6ecb98cf6b4e592b3b17dc2

get 1000 tx in 0000000000000000001a805557bdac5906ac937e9b3467fa278a7a55c33e728c

get 1000 tx in 0000000000000000000016bf6fe5158d3aaccf13c59b3b672441d5f24d166b1f

get 1000 tx in 0000000000000000001023990d9b1afbe84f077c0ac11acef730a70d5040725b

get 1000 tx in 0000000000000000000c203dcfd2a999553dc1431fe9183fac737f61db040e64

get 1000 tx in 0000000000000000002b2801c812c2b69d917d1d4265e1977e482ff910b92310

get 1000 tx in 000000000000000000106608ea9ecc345a9ded8bf641eaeacd97c40cf91cb2c2

get 1000 tx in 000000000000000000178fff4a3d245abe737403f84045b333ae2a7b11c232d3

get 1000 tx in 000000000000000000194b90f26bf7957710fd6271d55eaa7940ced25bf6298b

get 1000 tx in 0000000000000000001b648753e7e403b10017f7f6b478240d16eec74e6c3609

get 1000 tx in 00000000000000000021807ecae84d80d91901052e6f56d211f31461cacc1748

get 1000 tx in 0000000000000000000154c8b10ea0a7038ae70d0b0fb6c60232927c28022349

get 1000 tx in 00000000000000000015425603fb1dd2574ffcdf6a2c0d5f5155741f1c2567a2

get 1000 tx in 0000000000000000001c5929e1cd5ce1a1dbc677773c592b89b204856a04b46e

get 1000 tx in 00000000000000000016e89237f211d350211ab4b9507117c23f35f8dcfa69c4

get 1000 tx in 00000000000000000001aa3a747635bceb4baf7fc7ff6804aa1f540559538957

get 1000 tx in 00000000000000000025276a1683ce713aa1b23d4bdfd964240541c9c29f63da

get 1000 tx in 00000000000000000009018668efdfd3091e4d8f1ec9cbae622949b8da4192b0

get 1000 tx in 0000000000000000001a4913fa3802f19d12dfa9dd92d9dba8497d2514632ab6

get 1000 tx in 0000000000000000002027639d3c1f5fc3a690baf39628c0cd5dfda15b2edb3d

get 1000 tx in 00000000000000000009aef3a720ead3df9bb334590b5635da748c7a7b5c42b7

get 1000 tx in 00000000000000000016e986dd155a607cd3260c16a7479d7bde76848225bb06

get 1000 tx in 000000000000000000164ec679c970288207078bd266f6250212af6272862e3d

get 1000 tx in 0000000000000000000595f4f9835ae451db1a68855ba6a11eaf49ce986eb576

get 1000 tx in 000000000000000000289c2e109d0aa5410daecaae34a6e23477aa506ad6fec0

get 1000 tx in 0000000000000000001e5e46dd9d5a0147734f60f5646941208034de756b6f52

get 1200 tx in 00000000000000000022a69e86499a2ad804d56280b9706be5f52896ea9e1a09

get 1200 tx in 00000000000000000009b1e0823c3d6b861295683da9affe5eb7f50168cdfebc

get 1200 tx in 0000000000000000001ef2e0edc7f396733fe87e8fb363adfd73a911e2deb103

get 1200 tx in 0000000000000000001e5ea6696b7114eb42696a2351ebe45142bbc65d350605

get 1200 tx in 000000000000000000195cce8b2daa7afa1a4911b6ecb98cf6b4e592b3b17dc2

get 1200 tx in 0000000000000000001a805557bdac5906ac937e9b3467fa278a7a55c33e728c

get 1200 tx in 0000000000000000001023990d9b1afbe84f077c0ac11acef730a70d5040725b

get 1200 tx in 0000000000000000000016bf6fe5158d3aaccf13c59b3b672441d5f24d166b1f

get 1200 tx in 000000000000000000106608ea9ecc345a9ded8bf641eaeacd97c40cf91cb2c2

get 1200 tx in 0000000000000000002b2801c812c2b69d917d1d4265e1977e482ff910b92310

get 1200 tx in 0000000000000000000c203dcfd2a999553dc1431fe9183fac737f61db040e64

get 1200 tx in 000000000000000000194b90f26bf7957710fd6271d55eaa7940ced25bf6298b

get 1200 tx in 000000000000000000178fff4a3d245abe737403f84045b333ae2a7b11c232d3

get 1200 tx in 0000000000000000001b648753e7e403b10017f7f6b478240d16eec74e6c3609

get 1200 tx in 0000000000000000000154c8b10ea0a7038ae70d0b0fb6c60232927c28022349

get 1200 tx in 00000000000000000015425603fb1dd2574ffcdf6a2c0d5f5155741f1c2567a2

get 1200 tx in 00000000000000000021807ecae84d80d91901052e6f56d211f31461cacc1748

get 1200 tx in 0000000000000000001c5929e1cd5ce1a1dbc677773c592b89b204856a04b46e

get 1200 tx in 00000000000000000016e89237f211d350211ab4b9507117c23f35f8dcfa69c4

get 1200 tx in 00000000000000000001aa3a747635bceb4baf7fc7ff6804aa1f540559538957

get 1200 tx in 00000000000000000025276a1683ce713aa1b23d4bdfd964240541c9c29f63da

get 1200 tx in 00000000000000000009018668efdfd3091e4d8f1ec9cbae622949b8da4192b0

get 1200 tx in 00000000000000000009aef3a720ead3df9bb334590b5635da748c7a7b5c42b7

get 1200 tx in 0000000000000000002027639d3c1f5fc3a690baf39628c0cd5dfda15b2edb3d

get 1200 tx in 000000000000000000164ec679c970288207078bd266f6250212af6272862e3d

get 1200 tx in 00000000000000000016e986dd155a607cd3260c16a7479d7bde76848225bb06

get 1200 tx in 0000000000000000000595f4f9835ae451db1a68855ba6a11eaf49ce986eb576

get 1200 tx in 0000000000000000001a4913fa3802f19d12dfa9dd92d9dba8497d2514632ab6

get 1200 tx in 000000000000000000289c2e109d0aa5410daecaae34a6e23477aa506ad6fec0

get 1200 tx in 0000000000000000001e5e46dd9d5a0147734f60f5646941208034de756b6f52

get 1400 tx in 00000000000000000022a69e86499a2ad804d56280b9706be5f52896ea9e1a09

get 1400 tx in 00000000000000000009b1e0823c3d6b861295683da9affe5eb7f50168cdfebc

get 1400 tx in 0000000000000000001ef2e0edc7f396733fe87e8fb363adfd73a911e2deb103

get 1400 tx in 0000000000000000001e5ea6696b7114eb42696a2351ebe45142bbc65d350605

get 1400 tx in 000000000000000000195cce8b2daa7afa1a4911b6ecb98cf6b4e592b3b17dc2

get 1400 tx in 0000000000000000000016bf6fe5158d3aaccf13c59b3b672441d5f24d166b1f

get 1400 tx in 0000000000000000001a805557bdac5906ac937e9b3467fa278a7a55c33e728c

get 1400 tx in 0000000000000000001023990d9b1afbe84f077c0ac11acef730a70d5040725b

get 1400 tx in 000000000000000000106608ea9ecc345a9ded8bf641eaeacd97c40cf91cb2c2

get 1400 tx in 0000000000000000002b2801c812c2b69d917d1d4265e1977e482ff910b92310

get 1400 tx in 000000000000000000194b90f26bf7957710fd6271d55eaa7940ced25bf6298b

get 1400 tx in 0000000000000000000c203dcfd2a999553dc1431fe9183fac737f61db040e64

get 1400 tx in 000000000000000000178fff4a3d245abe737403f84045b333ae2a7b11c232d3

get 1400 tx in 0000000000000000000154c8b10ea0a7038ae70d0b0fb6c60232927c28022349

get 1400 tx in 00000000000000000015425603fb1dd2574ffcdf6a2c0d5f5155741f1c2567a2

get 1400 tx in 00000000000000000001aa3a747635bceb4baf7fc7ff6804aa1f540559538957

get 1400 tx in 0000000000000000001c5929e1cd5ce1a1dbc677773c592b89b204856a04b46e

get 1400 tx in 0000000000000000001b648753e7e403b10017f7f6b478240d16eec74e6c3609

get 1400 tx in 00000000000000000016e89237f211d350211ab4b9507117c23f35f8dcfa69c4

get 1400 tx in 00000000000000000021807ecae84d80d91901052e6f56d211f31461cacc1748

get 1400 tx in 00000000000000000009018668efdfd3091e4d8f1ec9cbae622949b8da4192b0

get 1400 tx in 00000000000000000025276a1683ce713aa1b23d4bdfd964240541c9c29f63da

get 1400 tx in 0000000000000000002027639d3c1f5fc3a690baf39628c0cd5dfda15b2edb3d

get 1400 tx in 00000000000000000009aef3a720ead3df9bb334590b5635da748c7a7b5c42b7

get 1400 tx in 0000000000000000000595f4f9835ae451db1a68855ba6a11eaf49ce986eb576

get 1400 tx in 000000000000000000164ec679c970288207078bd266f6250212af6272862e3d

get 1400 tx in 00000000000000000016e986dd155a607cd3260c16a7479d7bde76848225bb06

get 1400 tx in 0000000000000000001a4913fa3802f19d12dfa9dd92d9dba8497d2514632ab6

get 1400 tx in 000000000000000000289c2e109d0aa5410daecaae34a6e23477aa506ad6fec0

get 1400 tx in 0000000000000000001e5e46dd9d5a0147734f60f5646941208034de756b6f52

get 1600 tx in 00000000000000000022a69e86499a2ad804d56280b9706be5f52896ea9e1a09

finish get block 569682  00000000000000000009b1e0823c3d6b861295683da9affe5eb7f50168cdfebc

569660 2019-04-01 00:21:56
get 1600 tx in 0000000000000000001ef2e0edc7f396733fe87e8fb363adfd73a911e2deb103

get 1600 tx in 0000000000000000001e5ea6696b7114eb42696a2351ebe45142bbc65d350605

get 1600 tx in 000000000000000000195cce8b2daa7afa1a4911b6ecb98cf6b4e592b3b17dc2

get 1600 tx in 0000000000000000001a805557bdac5906ac937e9b3467fa278a7a55c33e728c

get 1600 tx in 0000000000000000001023990d9b1afbe84f077c0ac11acef730a70d5040725b

get 1600 tx in 0000000000000000000016bf6fe5158d3aaccf13c59b3b672441d5f24d166b1f

get 1600 tx in 0000000000000000002b2801c812c2b69d917d1d4265e1977e482ff910b92310

get 1600 tx in 000000000000000000106608ea9ecc345a9ded8bf641eaeacd97c40cf91cb2c2

get 1600 tx in 000000000000000000194b90f26bf7957710fd6271d55eaa7940ced25bf6298b

get 1600 tx in 0000000000000000000c203dcfd2a999553dc1431fe9183fac737f61db040e64

get 1600 tx in 000000000000000000178fff4a3d245abe737403f84045b333ae2a7b11c232d3

get 1600 tx in 0000000000000000000154c8b10ea0a7038ae70d0b0fb6c60232927c28022349

get 1600 tx in 00000000000000000001aa3a747635bceb4baf7fc7ff6804aa1f540559538957

get 1600 tx in 00000000000000000015425603fb1dd2574ffcdf6a2c0d5f5155741f1c2567a2

get 1600 tx in 00000000000000000016e89237f211d350211ab4b9507117c23f35f8dcfa69c4

get 1600 tx in 0000000000000000001c5929e1cd5ce1a1dbc677773c592b89b204856a04b46e

get 1600 tx in 0000000000000000001b648753e7e403b10017f7f6b478240d16eec74e6c3609

get 1600 tx in 00000000000000000021807ecae84d80d91901052e6f56d211f31461cacc1748

get 1600 tx in 00000000000000000009018668efdfd3091e4d8f1ec9cbae622949b8da4192b0

get 1600 tx in 00000000000000000025276a1683ce713aa1b23d4bdfd964240541c9c29f63da

get 1600 tx in 0000000000000000002027639d3c1f5fc3a690baf39628c0cd5dfda15b2edb3d

get 1600 tx in 00000000000000000009aef3a720ead3df9bb334590b5635da748c7a7b5c42b7

get 1600 tx in 00000000000000000016e986dd155a607cd3260c16a7479d7bde76848225bb06

get 1600 tx in 000000000000000000164ec679c970288207078bd266f6250212af6272862e3d

get 1600 tx in 0000000000000000000595f4f9835ae451db1a68855ba6a11eaf49ce986eb576

get 1600 tx in 0000000000000000001a4913fa3802f19d12dfa9dd92d9dba8497d2514632ab6

get 1600 tx in 000000000000000000289c2e109d0aa5410daecaae34a6e23477aa506ad6fec0

get 1600 tx in 0000000000000000001e5e46dd9d5a0147734f60f5646941208034de756b6f52

get 1800 tx in 00000000000000000022a69e86499a2ad804d56280b9706be5f52896ea9e1a09

get 1800 tx in 0000000000000000001ef2e0edc7f396733fe87e8fb363adfd73a911e2deb103

get 1800 tx in 0000000000000000001e5ea6696b7114eb42696a2351ebe45142bbc65d350605

get 1800 tx in 000000000000000000195cce8b2daa7afa1a4911b6ecb98cf6b4e592b3b17dc2

get 1800 tx in 0000000000000000001a805557bdac5906ac937e9b3467fa278a7a55c33e728c

get 1800 tx in 0000000000000000000016bf6fe5158d3aaccf13c59b3b672441d5f24d166b1f

get 1800 tx in 0000000000000000001023990d9b1afbe84f077c0ac11acef730a70d5040725b

get 1800 tx in 0000000000000000002b2801c812c2b69d917d1d4265e1977e482ff910b92310

get 1800 tx in 000000000000000000106608ea9ecc345a9ded8bf641eaeacd97c40cf91cb2c2

get 1800 tx in 000000000000000000194b90f26bf7957710fd6271d55eaa7940ced25bf6298b

get 1800 tx in 0000000000000000000154c8b10ea0a7038ae70d0b0fb6c60232927c28022349

get 1800 tx in 0000000000000000000c203dcfd2a999553dc1431fe9183fac737f61db040e64

get 1800 tx in 000000000000000000178fff4a3d245abe737403f84045b333ae2a7b11c232d3

get 1800 tx in 00000000000000000001aa3a747635bceb4baf7fc7ff6804aa1f540559538957

get 1800 tx in 00000000000000000015425603fb1dd2574ffcdf6a2c0d5f5155741f1c2567a2

get 1800 tx in 00000000000000000016e89237f211d350211ab4b9507117c23f35f8dcfa69c4

get 1800 tx in 00000000000000000021807ecae84d80d91901052e6f56d211f31461cacc1748

get 1800 tx in 0000000000000000001c5929e1cd5ce1a1dbc677773c592b89b204856a04b46e

get 1800 tx in 0000000000000000001b648753e7e403b10017f7f6b478240d16eec74e6c3609

get 1800 tx in 00000000000000000009018668efdfd3091e4d8f1ec9cbae622949b8da4192b0

get 1800 tx in 00000000000000000025276a1683ce713aa1b23d4bdfd964240541c9c29f63da

get 1800 tx in 0000000000000000002027639d3c1f5fc3a690baf39628c0cd5dfda15b2edb3d

get 1800 tx in 00000000000000000016e986dd155a607cd3260c16a7479d7bde76848225bb06

get 1800 tx in 0000000000000000000595f4f9835ae451db1a68855ba6a11eaf49ce986eb576

get 1800 tx in 00000000000000000009aef3a720ead3df9bb334590b5635da748c7a7b5c42b7

get 1800 tx in 000000000000000000164ec679c970288207078bd266f6250212af6272862e3d

get 1800 tx in 0000000000000000001a4913fa3802f19d12dfa9dd92d9dba8497d2514632ab6

get 200 tx in 0000000000000000000c88c00a33748c8dbcc8a0344b03df67aa24d10fe27fb0

get 1800 tx in 000000000000000000289c2e109d0aa5410daecaae34a6e23477aa506ad6fec0

get 1800 tx in 0000000000000000001e5e46dd9d5a0147734f60f5646941208034de756b6f52

get 2000 tx in 00000000000000000022a69e86499a2ad804d56280b9706be5f52896ea9e1a09

get 2000 tx in 0000000000000000001ef2e0edc7f396733fe87e8fb363adfd73a911e2deb103

get 2000 tx in 0000000000000000001e5ea6696b7114eb42696a2351ebe45142bbc65d350605

get 2000 tx in 000000000000000000195cce8b2daa7afa1a4911b6ecb98cf6b4e592b3b17dc2

get 2000 tx in 0000000000000000000016bf6fe5158d3aaccf13c59b3b672441d5f24d166b1f

get 2000 tx in 0000000000000000001a805557bdac5906ac937e9b3467fa278a7a55c33e728c

get 2000 tx in 0000000000000000001023990d9b1afbe84f077c0ac11acef730a70d5040725b

get 2000 tx in 0000000000000000002b2801c812c2b69d917d1d4265e1977e482ff910b92310

get 2000 tx in 000000000000000000178fff4a3d245abe737403f84045b333ae2a7b11c232d3

get 2000 tx in 00000000000000000016e89237f211d350211ab4b9507117c23f35f8dcfa69c4

get 2000 tx in 000000000000000000194b90f26bf7957710fd6271d55eaa7940ced25bf6298b

get 2000 tx in 0000000000000000000154c8b10ea0a7038ae70d0b0fb6c60232927c28022349

get 2000 tx in 00000000000000000001aa3a747635bceb4baf7fc7ff6804aa1f540559538957

get 2000 tx in 0000000000000000000c203dcfd2a999553dc1431fe9183fac737f61db040e64

get 2000 tx in 00000000000000000021807ecae84d80d91901052e6f56d211f31461cacc1748

get 2000 tx in 00000000000000000015425603fb1dd2574ffcdf6a2c0d5f5155741f1c2567a2

get 2000 tx in 00000000000000000025276a1683ce713aa1b23d4bdfd964240541c9c29f63da

get 2000 tx in 00000000000000000009018668efdfd3091e4d8f1ec9cbae622949b8da4192b0

get 2000 tx in 000000000000000000106608ea9ecc345a9ded8bf641eaeacd97c40cf91cb2c2

get 2000 tx in 0000000000000000001b648753e7e403b10017f7f6b478240d16eec74e6c3609

get 2000 tx in 00000000000000000016e986dd155a607cd3260c16a7479d7bde76848225bb06

get 2000 tx in 0000000000000000001c5929e1cd5ce1a1dbc677773c592b89b204856a04b46e

get 2000 tx in 00000000000000000009aef3a720ead3df9bb334590b5635da748c7a7b5c42b7

get 2000 tx in 0000000000000000002027639d3c1f5fc3a690baf39628c0cd5dfda15b2edb3d

get 2000 tx in 000000000000000000164ec679c970288207078bd266f6250212af6272862e3d

get 2000 tx in 0000000000000000000595f4f9835ae451db1a68855ba6a11eaf49ce986eb576

get 2000 tx in 0000000000000000001a4913fa3802f19d12dfa9dd92d9dba8497d2514632ab6

get 400 tx in 0000000000000000000c88c00a33748c8dbcc8a0344b03df67aa24d10fe27fb0

get 2000 tx in 000000000000000000289c2e109d0aa5410daecaae34a6e23477aa506ad6fec0

get 2000 tx in 0000000000000000001e5e46dd9d5a0147734f60f5646941208034de756b6f52

get 2200 tx in 00000000000000000022a69e86499a2ad804d56280b9706be5f52896ea9e1a09

get 2200 tx in 0000000000000000001ef2e0edc7f396733fe87e8fb363adfd73a911e2deb103

get 2200 tx in 0000000000000000001e5ea6696b7114eb42696a2351ebe45142bbc65d350605

get 2200 tx in 000000000000000000195cce8b2daa7afa1a4911b6ecb98cf6b4e592b3b17dc2

get 2200 tx in 0000000000000000001a805557bdac5906ac937e9b3467fa278a7a55c33e728c

get 2200 tx in 0000000000000000000016bf6fe5158d3aaccf13c59b3b672441d5f24d166b1f

get 2200 tx in 000000000000000000194b90f26bf7957710fd6271d55eaa7940ced25bf6298b

get 2200 tx in 0000000000000000002b2801c812c2b69d917d1d4265e1977e482ff910b92310

get 2200 tx in 00000000000000000016e89237f211d350211ab4b9507117c23f35f8dcfa69c4

get 2200 tx in 000000000000000000178fff4a3d245abe737403f84045b333ae2a7b11c232d3

get 2200 tx in 0000000000000000000154c8b10ea0a7038ae70d0b0fb6c60232927c28022349

get 2200 tx in 00000000000000000021807ecae84d80d91901052e6f56d211f31461cacc1748

get 2200 tx in 00000000000000000015425603fb1dd2574ffcdf6a2c0d5f5155741f1c2567a2

get 2200 tx in 00000000000000000001aa3a747635bceb4baf7fc7ff6804aa1f540559538957

get 2200 tx in 0000000000000000000c203dcfd2a999553dc1431fe9183fac737f61db040e64

get 2200 tx in 00000000000000000025276a1683ce713aa1b23d4bdfd964240541c9c29f63da

get 2200 tx in 00000000000000000009018668efdfd3091e4d8f1ec9cbae622949b8da4192b0

get 2200 tx in 0000000000000000001c5929e1cd5ce1a1dbc677773c592b89b204856a04b46e

get 2200 tx in 0000000000000000001b648753e7e403b10017f7f6b478240d16eec74e6c3609

get 2200 tx in 0000000000000000002027639d3c1f5fc3a690baf39628c0cd5dfda15b2edb3d

get 2200 tx in 000000000000000000106608ea9ecc345a9ded8bf641eaeacd97c40cf91cb2c2

get 2200 tx in 00000000000000000009aef3a720ead3df9bb334590b5635da748c7a7b5c42b7

get 2200 tx in 000000000000000000164ec679c970288207078bd266f6250212af6272862e3d

get 2200 tx in 00000000000000000016e986dd155a607cd3260c16a7479d7bde76848225bb06

get 2200 tx in 0000000000000000001a4913fa3802f19d12dfa9dd92d9dba8497d2514632ab6

get 2200 tx in 0000000000000000000595f4f9835ae451db1a68855ba6a11eaf49ce986eb576

get 600 tx in 0000000000000000000c88c00a33748c8dbcc8a0344b03df67aa24d10fe27fb0

get 2200 tx in 000000000000000000289c2e109d0aa5410daecaae34a6e23477aa506ad6fec0

finish get block 569661  0000000000000000001023990d9b1afbe84f077c0ac11acef730a70d5040725b

569659 2019-04-01 00:14:10
finish get block 569672  0000000000000000001a805557bdac5906ac937e9b3467fa278a7a55c33e728c

get 2200 tx in 0000000000000000001e5e46dd9d5a0147734f60f5646941208034de756b6f52

569658 2019-03-31 23:39:14
get 2400 tx in 00000000000000000022a69e86499a2ad804d56280b9706be5f52896ea9e1a09

finish get block 569686  0000000000000000001e5ea6696b7114eb42696a2351ebe45142bbc65d350605

569657 2019-03-31 23:10:46
get 2400 tx in 0000000000000000001ef2e0edc7f396733fe87e8fb363adfd73a911e2deb103

finish get block 569675  0000000000000000001e5e46dd9d5a0147734f60f5646941208034de756b6f52

569656 2019-03-31 23:06:37
get 2400 tx in 000000000000000000195cce8b2daa7afa1a4911b6ecb98cf6b4e592b3b17dc2

get 2400 tx in 0000000000000000000016bf6fe5158d3aaccf13c59b3b672441d5f24d166b1f

get 2400 tx in 000000000000000000194b90f26bf7957710fd6271d55eaa7940ced25bf6298b

get 2400 tx in 00000000000000000016e89237f211d350211ab4b9507117c23f35f8dcfa69c4

get 2400 tx in 000000000000000000178fff4a3d245abe737403f84045b333ae2a7b11c232d3

get 2400 tx in 0000000000000000002b2801c812c2b69d917d1d4265e1977e482ff910b92310

get 2400 tx in 00000000000000000015425603fb1dd2574ffcdf6a2c0d5f5155741f1c2567a2

get 2400 tx in 0000000000000000000154c8b10ea0a7038ae70d0b0fb6c60232927c28022349

get 2400 tx in 00000000000000000021807ecae84d80d91901052e6f56d211f31461cacc1748

get 2400 tx in 00000000000000000001aa3a747635bceb4baf7fc7ff6804aa1f540559538957

get 2400 tx in 00000000000000000025276a1683ce713aa1b23d4bdfd964240541c9c29f63da

get 2400 tx in 0000000000000000000c203dcfd2a999553dc1431fe9183fac737f61db040e64

get 2400 tx in 0000000000000000002027639d3c1f5fc3a690baf39628c0cd5dfda15b2edb3d

get 2400 tx in 0000000000000000001c5929e1cd5ce1a1dbc677773c592b89b204856a04b46e

get 2400 tx in 00000000000000000009018668efdfd3091e4d8f1ec9cbae622949b8da4192b0

get 2400 tx in 000000000000000000164ec679c970288207078bd266f6250212af6272862e3d

get 2400 tx in 000000000000000000106608ea9ecc345a9ded8bf641eaeacd97c40cf91cb2c2

get 2400 tx in 0000000000000000001b648753e7e403b10017f7f6b478240d16eec74e6c3609

get 2400 tx in 00000000000000000009aef3a720ead3df9bb334590b5635da748c7a7b5c42b7

get 2400 tx in 00000000000000000016e986dd155a607cd3260c16a7479d7bde76848225bb06

get 2400 tx in 0000000000000000001a4913fa3802f19d12dfa9dd92d9dba8497d2514632ab6

get 2400 tx in 0000000000000000000595f4f9835ae451db1a68855ba6a11eaf49ce986eb576

get 800 tx in 0000000000000000000c88c00a33748c8dbcc8a0344b03df67aa24d10fe27fb0

get 2400 tx in 000000000000000000289c2e109d0aa5410daecaae34a6e23477aa506ad6fec0

get 2600 tx in 00000000000000000022a69e86499a2ad804d56280b9706be5f52896ea9e1a09

get 2600 tx in 0000000000000000001ef2e0edc7f396733fe87e8fb363adfd73a911e2deb103

get 2600 tx in 000000000000000000195cce8b2daa7afa1a4911b6ecb98cf6b4e592b3b17dc2

get 2600 tx in 0000000000000000000016bf6fe5158d3aaccf13c59b3b672441d5f24d166b1f

get 2600 tx in 000000000000000000178fff4a3d245abe737403f84045b333ae2a7b11c232d3

get 2600 tx in 000000000000000000194b90f26bf7957710fd6271d55eaa7940ced25bf6298b

get 2600 tx in 00000000000000000016e89237f211d350211ab4b9507117c23f35f8dcfa69c4

get 2600 tx in 0000000000000000002b2801c812c2b69d917d1d4265e1977e482ff910b92310

get 2600 tx in 00000000000000000021807ecae84d80d91901052e6f56d211f31461cacc1748

get 2600 tx in 00000000000000000015425603fb1dd2574ffcdf6a2c0d5f5155741f1c2567a2

get 2600 tx in 0000000000000000000154c8b10ea0a7038ae70d0b0fb6c60232927c28022349

get 2600 tx in 00000000000000000025276a1683ce713aa1b23d4bdfd964240541c9c29f63da

get 2600 tx in 00000000000000000001aa3a747635bceb4baf7fc7ff6804aa1f540559538957

get 2600 tx in 0000000000000000002027639d3c1f5fc3a690baf39628c0cd5dfda15b2edb3d

get 2600 tx in 0000000000000000000c203dcfd2a999553dc1431fe9183fac737f61db040e64

get 2600 tx in 00000000000000000009018668efdfd3091e4d8f1ec9cbae622949b8da4192b0

get 2600 tx in 000000000000000000164ec679c970288207078bd266f6250212af6272862e3d

get 2600 tx in 0000000000000000001c5929e1cd5ce1a1dbc677773c592b89b204856a04b46e

get 2600 tx in 0000000000000000001b648753e7e403b10017f7f6b478240d16eec74e6c3609

get 2600 tx in 000000000000000000106608ea9ecc345a9ded8bf641eaeacd97c40cf91cb2c2

get 2600 tx in 00000000000000000009aef3a720ead3df9bb334590b5635da748c7a7b5c42b7

get 2600 tx in 0000000000000000001a4913fa3802f19d12dfa9dd92d9dba8497d2514632ab6

get 2600 tx in 00000000000000000016e986dd155a607cd3260c16a7479d7bde76848225bb06

get 2600 tx in 0000000000000000000595f4f9835ae451db1a68855ba6a11eaf49ce986eb576

get 200 tx in 0000000000000000000f250edc3bc76c56bd00dfcce13afbe7031654759c79c6

get 1000 tx in 0000000000000000000c88c00a33748c8dbcc8a0344b03df67aa24d10fe27fb0

get 200 tx in 00000000000000000029645e07c620d5913bfa502001136d1779fc2f9e333691

get 200 tx in 0000000000000000001a6e95fc987c13e04342ce40e87f59ab8036321f4a8adc

get 2600 tx in 000000000000000000289c2e109d0aa5410daecaae34a6e23477aa506ad6fec0

finish get block 569684  0000000000000000000c203dcfd2a999553dc1431fe9183fac737f61db040e64

569655 2019-03-31 23:03:37
get 200 tx in 000000000000000000298ed96d2f0c42b00fa2f58bd98513e9265dc7aca5289e

get 2800 tx in 00000000000000000022a69e86499a2ad804d56280b9706be5f52896ea9e1a09

finish get block 569683  000000000000000000106608ea9ecc345a9ded8bf641eaeacd97c40cf91cb2c2

569654 2019-03-31 22:57:25
get 2800 tx in 0000000000000000001ef2e0edc7f396733fe87e8fb363adfd73a911e2deb103

finish get block 569688  000000000000000000195cce8b2daa7afa1a4911b6ecb98cf6b4e592b3b17dc2

569653 2019-03-31 22:39:14
get 2800 tx in 000000000000000000178fff4a3d245abe737403f84045b333ae2a7b11c232d3

get 2800 tx in 000000000000000000194b90f26bf7957710fd6271d55eaa7940ced25bf6298b

get 2800 tx in 0000000000000000000016bf6fe5158d3aaccf13c59b3b672441d5f24d166b1f

get 2800 tx in 0000000000000000002b2801c812c2b69d917d1d4265e1977e482ff910b92310

get 2800 tx in 00000000000000000021807ecae84d80d91901052e6f56d211f31461cacc1748

get 2800 tx in 0000000000000000000154c8b10ea0a7038ae70d0b0fb6c60232927c28022349

get 2800 tx in 00000000000000000015425603fb1dd2574ffcdf6a2c0d5f5155741f1c2567a2

get 2800 tx in 00000000000000000001aa3a747635bceb4baf7fc7ff6804aa1f540559538957

get 2800 tx in 0000000000000000002027639d3c1f5fc3a690baf39628c0cd5dfda15b2edb3d

get 2800 tx in 00000000000000000025276a1683ce713aa1b23d4bdfd964240541c9c29f63da

get 2800 tx in 00000000000000000009018668efdfd3091e4d8f1ec9cbae622949b8da4192b0

get 2800 tx in 000000000000000000164ec679c970288207078bd266f6250212af6272862e3d

get 2800 tx in 0000000000000000001c5929e1cd5ce1a1dbc677773c592b89b204856a04b46e

get 2800 tx in 00000000000000000009aef3a720ead3df9bb334590b5635da748c7a7b5c42b7

get 2800 tx in 0000000000000000001b648753e7e403b10017f7f6b478240d16eec74e6c3609

get 2800 tx in 0000000000000000001a4913fa3802f19d12dfa9dd92d9dba8497d2514632ab6

get 2800 tx in 00000000000000000016e986dd155a607cd3260c16a7479d7bde76848225bb06

get 400 tx in 0000000000000000000f250edc3bc76c56bd00dfcce13afbe7031654759c79c6

get 2800 tx in 0000000000000000000595f4f9835ae451db1a68855ba6a11eaf49ce986eb576

finish get block 569687  00000000000000000016e89237f211d350211ab4b9507117c23f35f8dcfa69c4

569652 2019-03-31 22:25:49
get 1200 tx in 0000000000000000000c88c00a33748c8dbcc8a0344b03df67aa24d10fe27fb0

get 400 tx in 00000000000000000029645e07c620d5913bfa502001136d1779fc2f9e333691

get 400 tx in 0000000000000000001a6e95fc987c13e04342ce40e87f59ab8036321f4a8adc

get 2800 tx in 000000000000000000289c2e109d0aa5410daecaae34a6e23477aa506ad6fec0

get 400 tx in 000000000000000000298ed96d2f0c42b00fa2f58bd98513e9265dc7aca5289e

finish get block 569689  0000000000000000001ef2e0edc7f396733fe87e8fb363adfd73a911e2deb103

569651 2019-03-31 22:19:56
get 3000 tx in 00000000000000000022a69e86499a2ad804d56280b9706be5f52896ea9e1a09

get 3000 tx in 000000000000000000194b90f26bf7957710fd6271d55eaa7940ced25bf6298b

get 3000 tx in 00000000000000000021807ecae84d80d91901052e6f56d211f31461cacc1748

get 3000 tx in 00000000000000000025276a1683ce713aa1b23d4bdfd964240541c9c29f63da

get 3000 tx in 00000000000000000001aa3a747635bceb4baf7fc7ff6804aa1f540559538957

get 3000 tx in 00000000000000000015425603fb1dd2574ffcdf6a2c0d5f5155741f1c2567a2

get 3000 tx in 00000000000000000009018668efdfd3091e4d8f1ec9cbae622949b8da4192b0

get 3000 tx in 0000000000000000000154c8b10ea0a7038ae70d0b0fb6c60232927c28022349

get 200 tx in 0000000000000000000e58d9ff4a55309d479e42e710410cf730d1e148f7c1df

get 3000 tx in 000000000000000000164ec679c970288207078bd266f6250212af6272862e3d

get 3000 tx in 00000000000000000009aef3a720ead3df9bb334590b5635da748c7a7b5c42b7

get 3000 tx in 0000000000000000001b648753e7e403b10017f7f6b478240d16eec74e6c3609

get 3000 tx in 0000000000000000001c5929e1cd5ce1a1dbc677773c592b89b204856a04b46e

get 3000 tx in 0000000000000000001a4913fa3802f19d12dfa9dd92d9dba8497d2514632ab6

get 3000 tx in 00000000000000000016e986dd155a607cd3260c16a7479d7bde76848225bb06

get 3000 tx in 0000000000000000000595f4f9835ae451db1a68855ba6a11eaf49ce986eb576

get 600 tx in 0000000000000000000f250edc3bc76c56bd00dfcce13afbe7031654759c79c6

get 600 tx in 00000000000000000029645e07c620d5913bfa502001136d1779fc2f9e333691

get 1400 tx in 0000000000000000000c88c00a33748c8dbcc8a0344b03df67aa24d10fe27fb0

get 600 tx in 0000000000000000001a6e95fc987c13e04342ce40e87f59ab8036321f4a8adc

get 200 tx in 00000000000000000006ecd00356d6b1e634010562fd30b72691121f7f34a712

get 200 tx in 000000000000000000241ff27ef6cac5d6ec4fe5155e9dfd2f1bc74d865a90f7

get 600 tx in 000000000000000000298ed96d2f0c42b00fa2f58bd98513e9265dc7aca5289e

finish get block 569664  000000000000000000289c2e109d0aa5410daecaae34a6e23477aa506ad6fec0

569650 2019-03-31 22:05:39
finish get block 569681  0000000000000000002b2801c812c2b69d917d1d4265e1977e482ff910b92310

569649 2019-03-31 22:01:50
get 200 tx in 0000000000000000002468021d4334789c7a58321dbc19fb49aec169e788c9e4

finish get block 569685  0000000000000000000016bf6fe5158d3aaccf13c59b3b672441d5f24d166b1f

569648 2019-03-31 21:48:15
get 200 tx in 00000000000000000005deda20b8fe48d51849cf7eb0c53acf62006e8baca818

get 3200 tx in 00000000000000000001aa3a747635bceb4baf7fc7ff6804aa1f540559538957

get 400 tx in 0000000000000000000e58d9ff4a55309d479e42e710410cf730d1e148f7c1df

get 3200 tx in 000000000000000000164ec679c970288207078bd266f6250212af6272862e3d

get 3200 tx in 0000000000000000001a4913fa3802f19d12dfa9dd92d9dba8497d2514632ab6

get 800 tx in 0000000000000000000f250edc3bc76c56bd00dfcce13afbe7031654759c79c6

get 1600 tx in 0000000000000000000c88c00a33748c8dbcc8a0344b03df67aa24d10fe27fb0

get 800 tx in 00000000000000000029645e07c620d5913bfa502001136d1779fc2f9e333691

get 800 tx in 0000000000000000001a6e95fc987c13e04342ce40e87f59ab8036321f4a8adc

get 400 tx in 00000000000000000006ecd00356d6b1e634010562fd30b72691121f7f34a712

get 800 tx in 000000000000000000298ed96d2f0c42b00fa2f58bd98513e9265dc7aca5289e

get 400 tx in 000000000000000000241ff27ef6cac5d6ec4fe5155e9dfd2f1bc74d865a90f7

get 400 tx in 0000000000000000002468021d4334789c7a58321dbc19fb49aec169e788c9e4

get 200 tx in 0000000000000000000847274b1670e4ee5731ed2f48223eafa662f26a7f1565

get 400 tx in 00000000000000000005deda20b8fe48d51849cf7eb0c53acf62006e8baca818

get 600 tx in 0000000000000000000e58d9ff4a55309d479e42e710410cf730d1e148f7c1df

get 200 tx in 000000000000000000286aca7d98cbdb362207e52ca4ebde75f69eb866c819cc

get 1000 tx in 0000000000000000000f250edc3bc76c56bd00dfcce13afbe7031654759c79c6

get 1800 tx in 0000000000000000000c88c00a33748c8dbcc8a0344b03df67aa24d10fe27fb0

get 1000 tx in 0000000000000000001a6e95fc987c13e04342ce40e87f59ab8036321f4a8adc

get 1000 tx in 00000000000000000029645e07c620d5913bfa502001136d1779fc2f9e333691

finish get block 569668  0000000000000000002027639d3c1f5fc3a690baf39628c0cd5dfda15b2edb3d

finish get block 569690  00000000000000000022a69e86499a2ad804d56280b9706be5f52896ea9e1a09

finish get block 569677  000000000000000000178fff4a3d245abe737403f84045b333ae2a7b11c232d3

569647 2019-03-31 21:20:25
569646 2019-03-31 21:18:52
569645 2019-03-31 21:00:11
finish get block 569680  00000000000000000015425603fb1dd2574ffcdf6a2c0d5f5155741f1c2567a2

get 600 tx in 00000000000000000006ecd00356d6b1e634010562fd30b72691121f7f34a712

569644 2019-03-31 20:59:55
get 200 tx in 00000000000000000000e980707b432fb01fc02a7a4b5c4c26f47d48abac622a

get 600 tx in 000000000000000000241ff27ef6cac5d6ec4fe5155e9dfd2f1bc74d865a90f7

get 1000 tx in 000000000000000000298ed96d2f0c42b00fa2f58bd98513e9265dc7aca5289e

get 600 tx in 0000000000000000002468021d4334789c7a58321dbc19fb49aec169e788c9e4

get 400 tx in 0000000000000000000847274b1670e4ee5731ed2f48223eafa662f26a7f1565

get 600 tx in 00000000000000000005deda20b8fe48d51849cf7eb0c53acf62006e8baca818

get 800 tx in 0000000000000000000e58d9ff4a55309d479e42e710410cf730d1e148f7c1df

get 400 tx in 000000000000000000286aca7d98cbdb362207e52ca4ebde75f69eb866c819cc

get 1200 tx in 0000000000000000000f250edc3bc76c56bd00dfcce13afbe7031654759c79c6

get 2000 tx in 0000000000000000000c88c00a33748c8dbcc8a0344b03df67aa24d10fe27fb0

get 1200 tx in 0000000000000000001a6e95fc987c13e04342ce40e87f59ab8036321f4a8adc

get 1200 tx in 00000000000000000029645e07c620d5913bfa502001136d1779fc2f9e333691

get 800 tx in 00000000000000000006ecd00356d6b1e634010562fd30b72691121f7f34a712

get 400 tx in 00000000000000000000e980707b432fb01fc02a7a4b5c4c26f47d48abac622a

get 1200 tx in 000000000000000000298ed96d2f0c42b00fa2f58bd98513e9265dc7aca5289e

get 800 tx in 000000000000000000241ff27ef6cac5d6ec4fe5155e9dfd2f1bc74d865a90f7

finish get block 569670  00000000000000000025276a1683ce713aa1b23d4bdfd964240541c9c29f63da

569643 2019-03-31 20:52:16
get 200 tx in 000000000000000000249407c0b20a88ebdf9b42ee58f67ff6f6968e194d7436

get 200 tx in 0000000000000000001e00ba2a658042cec16641b56156e7c3c21552e2b80070

get 200 tx in 0000000000000000002c1abe044ca1db0c2dd8edefe6e986aa3c0190915e089b

get 200 tx in 000000000000000000081d2c30cc9fcbdc8d01ab222532a2fdbfc172e2b1cbeb

finish get block 569678  0000000000000000000154c8b10ea0a7038ae70d0b0fb6c60232927c28022349

569642 2019-03-31 20:37:16
get 800 tx in 0000000000000000002468021d4334789c7a58321dbc19fb49aec169e788c9e4

finish get block 569676  0000000000000000001c5929e1cd5ce1a1dbc677773c592b89b204856a04b46e

569641 2019-03-31 20:35:48
get 600 tx in 0000000000000000000847274b1670e4ee5731ed2f48223eafa662f26a7f1565

get 800 tx in 00000000000000000005deda20b8fe48d51849cf7eb0c53acf62006e8baca818

finish get block 569679  0000000000000000001b648753e7e403b10017f7f6b478240d16eec74e6c3609

569640 2019-03-31 20:34:17
get 1000 tx in 0000000000000000000e58d9ff4a55309d479e42e710410cf730d1e148f7c1df

get 600 tx in 000000000000000000286aca7d98cbdb362207e52ca4ebde75f69eb866c819cc

get 1400 tx in 0000000000000000000f250edc3bc76c56bd00dfcce13afbe7031654759c79c6

get 2200 tx in 0000000000000000000c88c00a33748c8dbcc8a0344b03df67aa24d10fe27fb0

get 1400 tx in 0000000000000000001a6e95fc987c13e04342ce40e87f59ab8036321f4a8adc

get 1400 tx in 00000000000000000029645e07c620d5913bfa502001136d1779fc2f9e333691

get 1000 tx in 00000000000000000006ecd00356d6b1e634010562fd30b72691121f7f34a712

get 600 tx in 00000000000000000000e980707b432fb01fc02a7a4b5c4c26f47d48abac622a

get 1400 tx in 000000000000000000298ed96d2f0c42b00fa2f58bd98513e9265dc7aca5289e

get 1000 tx in 000000000000000000241ff27ef6cac5d6ec4fe5155e9dfd2f1bc74d865a90f7

get 400 tx in 000000000000000000249407c0b20a88ebdf9b42ee58f67ff6f6968e194d7436

get 400 tx in 0000000000000000001e00ba2a658042cec16641b56156e7c3c21552e2b80070

get 400 tx in 0000000000000000002c1abe044ca1db0c2dd8edefe6e986aa3c0190915e089b

get 400 tx in 000000000000000000081d2c30cc9fcbdc8d01ab222532a2fdbfc172e2b1cbeb

get 1000 tx in 0000000000000000002468021d4334789c7a58321dbc19fb49aec169e788c9e4

get 800 tx in 0000000000000000000847274b1670e4ee5731ed2f48223eafa662f26a7f1565

get 200 tx in 000000000000000000159d6b044388842e6463cfcb5d2b2eb95cc4556e8a7233

get 200 tx in 0000000000000000002242d19f59e39df153b7d85ae39d25e35422e7c8de8b93

get 1000 tx in 00000000000000000005deda20b8fe48d51849cf7eb0c53acf62006e8baca818

get 1200 tx in 0000000000000000000e58d9ff4a55309d479e42e710410cf730d1e148f7c1df

get 800 tx in 000000000000000000286aca7d98cbdb362207e52ca4ebde75f69eb866c819cc

get 1600 tx in 0000000000000000000f250edc3bc76c56bd00dfcce13afbe7031654759c79c6

get 1600 tx in 0000000000000000001a6e95fc987c13e04342ce40e87f59ab8036321f4a8adc

get 2400 tx in 0000000000000000000c88c00a33748c8dbcc8a0344b03df67aa24d10fe27fb0

get 1600 tx in 00000000000000000029645e07c620d5913bfa502001136d1779fc2f9e333691

finish get block 569662  0000000000000000000595f4f9835ae451db1a68855ba6a11eaf49ce986eb576

569639 2019-03-31 20:28:59
get 1200 tx in 00000000000000000006ecd00356d6b1e634010562fd30b72691121f7f34a712

get 800 tx in 00000000000000000000e980707b432fb01fc02a7a4b5c4c26f47d48abac622a

get 200 tx in 0000000000000000002a0ca372a0ac0251aad6c3fbf6152d030c98b5225ca36b

get 1600 tx in 000000000000000000298ed96d2f0c42b00fa2f58bd98513e9265dc7aca5289e

get 1200 tx in 000000000000000000241ff27ef6cac5d6ec4fe5155e9dfd2f1bc74d865a90f7

get 200 tx in 00000000000000000028b6a1bce5a9174db0c2a41429bb7f3ed7a79a14744c97

get 600 tx in 000000000000000000249407c0b20a88ebdf9b42ee58f67ff6f6968e194d7436

get 600 tx in 0000000000000000001e00ba2a658042cec16641b56156e7c3c21552e2b80070

get 600 tx in 000000000000000000081d2c30cc9fcbdc8d01ab222532a2fdbfc172e2b1cbeb

get 600 tx in 0000000000000000002c1abe044ca1db0c2dd8edefe6e986aa3c0190915e089b

get 1200 tx in 0000000000000000002468021d4334789c7a58321dbc19fb49aec169e788c9e4

get 1000 tx in 0000000000000000000847274b1670e4ee5731ed2f48223eafa662f26a7f1565

get 400 tx in 0000000000000000002242d19f59e39df153b7d85ae39d25e35422e7c8de8b93

get 400 tx in 000000000000000000159d6b044388842e6463cfcb5d2b2eb95cc4556e8a7233

get 1200 tx in 00000000000000000005deda20b8fe48d51849cf7eb0c53acf62006e8baca818

get 1400 tx in 0000000000000000000e58d9ff4a55309d479e42e710410cf730d1e148f7c1df

get 1000 tx in 000000000000000000286aca7d98cbdb362207e52ca4ebde75f69eb866c819cc

get 1800 tx in 0000000000000000001a6e95fc987c13e04342ce40e87f59ab8036321f4a8adc

get 1800 tx in 0000000000000000000f250edc3bc76c56bd00dfcce13afbe7031654759c79c6

get 2600 tx in 0000000000000000000c88c00a33748c8dbcc8a0344b03df67aa24d10fe27fb0

get 1400 tx in 00000000000000000006ecd00356d6b1e634010562fd30b72691121f7f34a712

get 1800 tx in 00000000000000000029645e07c620d5913bfa502001136d1779fc2f9e333691

get 1000 tx in 00000000000000000000e980707b432fb01fc02a7a4b5c4c26f47d48abac622a

finish get block 569667  00000000000000000009018668efdfd3091e4d8f1ec9cbae622949b8da4192b0

get 400 tx in 0000000000000000002a0ca372a0ac0251aad6c3fbf6152d030c98b5225ca36b

569638 2019-03-31 20:28:36
get 1800 tx in 000000000000000000298ed96d2f0c42b00fa2f58bd98513e9265dc7aca5289e

get 1400 tx in 000000000000000000241ff27ef6cac5d6ec4fe5155e9dfd2f1bc74d865a90f7

get 400 tx in 00000000000000000028b6a1bce5a9174db0c2a41429bb7f3ed7a79a14744c97

get 800 tx in 000000000000000000249407c0b20a88ebdf9b42ee58f67ff6f6968e194d7436

get 200 tx in 0000000000000000001b0031637ca37781e4203c74acac5fd40ffd35ce0878d8

get 800 tx in 0000000000000000001e00ba2a658042cec16641b56156e7c3c21552e2b80070

get 800 tx in 000000000000000000081d2c30cc9fcbdc8d01ab222532a2fdbfc172e2b1cbeb

get 800 tx in 0000000000000000002c1abe044ca1db0c2dd8edefe6e986aa3c0190915e089b

get 1400 tx in 0000000000000000002468021d4334789c7a58321dbc19fb49aec169e788c9e4

get 600 tx in 0000000000000000002242d19f59e39df153b7d85ae39d25e35422e7c8de8b93

get 1200 tx in 0000000000000000000847274b1670e4ee5731ed2f48223eafa662f26a7f1565

get 600 tx in 000000000000000000159d6b044388842e6463cfcb5d2b2eb95cc4556e8a7233

get 1400 tx in 00000000000000000005deda20b8fe48d51849cf7eb0c53acf62006e8baca818

get 1200 tx in 000000000000000000286aca7d98cbdb362207e52ca4ebde75f69eb866c819cc

get 1600 tx in 0000000000000000000e58d9ff4a55309d479e42e710410cf730d1e148f7c1df

get 2000 tx in 0000000000000000001a6e95fc987c13e04342ce40e87f59ab8036321f4a8adc

get 2000 tx in 0000000000000000000f250edc3bc76c56bd00dfcce13afbe7031654759c79c6

get 2000 tx in 00000000000000000029645e07c620d5913bfa502001136d1779fc2f9e333691

get 1600 tx in 00000000000000000006ecd00356d6b1e634010562fd30b72691121f7f34a712

get 1200 tx in 00000000000000000000e980707b432fb01fc02a7a4b5c4c26f47d48abac622a

get 600 tx in 0000000000000000002a0ca372a0ac0251aad6c3fbf6152d030c98b5225ca36b

get 2000 tx in 000000000000000000298ed96d2f0c42b00fa2f58bd98513e9265dc7aca5289e

finish get block 569663  00000000000000000016e986dd155a607cd3260c16a7479d7bde76848225bb06

569637 2019-03-31 20:16:29
get 1600 tx in 000000000000000000241ff27ef6cac5d6ec4fe5155e9dfd2f1bc74d865a90f7

get 600 tx in 00000000000000000028b6a1bce5a9174db0c2a41429bb7f3ed7a79a14744c97

get 400 tx in 0000000000000000001b0031637ca37781e4203c74acac5fd40ffd35ce0878d8

get 1000 tx in 000000000000000000249407c0b20a88ebdf9b42ee58f67ff6f6968e194d7436

get 1000 tx in 0000000000000000001e00ba2a658042cec16641b56156e7c3c21552e2b80070

get 1000 tx in 000000000000000000081d2c30cc9fcbdc8d01ab222532a2fdbfc172e2b1cbeb

finish get block 569674  000000000000000000194b90f26bf7957710fd6271d55eaa7940ced25bf6298b

569636 2019-03-31 20:01:40
get 1000 tx in 0000000000000000002c1abe044ca1db0c2dd8edefe6e986aa3c0190915e089b

get 1600 tx in 0000000000000000002468021d4334789c7a58321dbc19fb49aec169e788c9e4

get 200 tx in 00000000000000000006772890b59c62c64d233f6c257ce6197d53185e0c2f7d

get 800 tx in 0000000000000000002242d19f59e39df153b7d85ae39d25e35422e7c8de8b93

get 800 tx in 000000000000000000159d6b044388842e6463cfcb5d2b2eb95cc4556e8a7233

get 1400 tx in 0000000000000000000847274b1670e4ee5731ed2f48223eafa662f26a7f1565

get 1600 tx in 00000000000000000005deda20b8fe48d51849cf7eb0c53acf62006e8baca818

get 1400 tx in 000000000000000000286aca7d98cbdb362207e52ca4ebde75f69eb866c819cc

get 1800 tx in 0000000000000000000e58d9ff4a55309d479e42e710410cf730d1e148f7c1df

get 2200 tx in 0000000000000000000f250edc3bc76c56bd00dfcce13afbe7031654759c79c6

get 2200 tx in 0000000000000000001a6e95fc987c13e04342ce40e87f59ab8036321f4a8adc

get 1800 tx in 00000000000000000006ecd00356d6b1e634010562fd30b72691121f7f34a712

get 1400 tx in 00000000000000000000e980707b432fb01fc02a7a4b5c4c26f47d48abac622a

get 800 tx in 0000000000000000002a0ca372a0ac0251aad6c3fbf6152d030c98b5225ca36b

get 2200 tx in 000000000000000000298ed96d2f0c42b00fa2f58bd98513e9265dc7aca5289e

get 1800 tx in 000000000000000000241ff27ef6cac5d6ec4fe5155e9dfd2f1bc74d865a90f7

get 1200 tx in 000000000000000000249407c0b20a88ebdf9b42ee58f67ff6f6968e194d7436

get 800 tx in 00000000000000000028b6a1bce5a9174db0c2a41429bb7f3ed7a79a14744c97

get 600 tx in 0000000000000000001b0031637ca37781e4203c74acac5fd40ffd35ce0878d8

get 1200 tx in 0000000000000000001e00ba2a658042cec16641b56156e7c3c21552e2b80070

get 1200 tx in 000000000000000000081d2c30cc9fcbdc8d01ab222532a2fdbfc172e2b1cbeb

get 1200 tx in 0000000000000000002c1abe044ca1db0c2dd8edefe6e986aa3c0190915e089b

finish get block 569666  00000000000000000009aef3a720ead3df9bb334590b5635da748c7a7b5c42b7

569635 2019-03-31 19:38:30
get 1800 tx in 0000000000000000002468021d4334789c7a58321dbc19fb49aec169e788c9e4

get 400 tx in 00000000000000000006772890b59c62c64d233f6c257ce6197d53185e0c2f7d

get 1000 tx in 0000000000000000002242d19f59e39df153b7d85ae39d25e35422e7c8de8b93

get 1000 tx in 000000000000000000159d6b044388842e6463cfcb5d2b2eb95cc4556e8a7233

get 1600 tx in 0000000000000000000847274b1670e4ee5731ed2f48223eafa662f26a7f1565

get 200 tx in 00000000000000000007011648192cfe8a5906499c13e08b49a764e16b5b7177

get 1800 tx in 00000000000000000005deda20b8fe48d51849cf7eb0c53acf62006e8baca818

get 200 tx in 00000000000000000025dc94e0891578cbd233c9110bc1436667ef3f3017c799

get 1600 tx in 000000000000000000286aca7d98cbdb362207e52ca4ebde75f69eb866c819cc

get 2000 tx in 0000000000000000000e58d9ff4a55309d479e42e710410cf730d1e148f7c1df

get 2400 tx in 0000000000000000000f250edc3bc76c56bd00dfcce13afbe7031654759c79c6

get 2400 tx in 0000000000000000001a6e95fc987c13e04342ce40e87f59ab8036321f4a8adc

get 2000 tx in 00000000000000000006ecd00356d6b1e634010562fd30b72691121f7f34a712

get 1600 tx in 00000000000000000000e980707b432fb01fc02a7a4b5c4c26f47d48abac622a

get 1000 tx in 0000000000000000002a0ca372a0ac0251aad6c3fbf6152d030c98b5225ca36b

finish get block 569673  00000000000000000021807ecae84d80d91901052e6f56d211f31461cacc1748

569634 2019-03-31 19:18:01
get 2400 tx in 000000000000000000298ed96d2f0c42b00fa2f58bd98513e9265dc7aca5289e

get 2000 tx in 000000000000000000241ff27ef6cac5d6ec4fe5155e9dfd2f1bc74d865a90f7

get 1000 tx in 00000000000000000028b6a1bce5a9174db0c2a41429bb7f3ed7a79a14744c97

get 1400 tx in 000000000000000000249407c0b20a88ebdf9b42ee58f67ff6f6968e194d7436

get 800 tx in 0000000000000000001b0031637ca37781e4203c74acac5fd40ffd35ce0878d8

get 1400 tx in 0000000000000000001e00ba2a658042cec16641b56156e7c3c21552e2b80070

get 1400 tx in 000000000000000000081d2c30cc9fcbdc8d01ab222532a2fdbfc172e2b1cbeb

get 1400 tx in 0000000000000000002c1abe044ca1db0c2dd8edefe6e986aa3c0190915e089b

get 2000 tx in 0000000000000000002468021d4334789c7a58321dbc19fb49aec169e788c9e4

get 600 tx in 00000000000000000006772890b59c62c64d233f6c257ce6197d53185e0c2f7d

get 1200 tx in 0000000000000000002242d19f59e39df153b7d85ae39d25e35422e7c8de8b93

get 1800 tx in 0000000000000000000847274b1670e4ee5731ed2f48223eafa662f26a7f1565

get 400 tx in 00000000000000000007011648192cfe8a5906499c13e08b49a764e16b5b7177

get 1200 tx in 000000000000000000159d6b044388842e6463cfcb5d2b2eb95cc4556e8a7233

get 2000 tx in 00000000000000000005deda20b8fe48d51849cf7eb0c53acf62006e8baca818

get 400 tx in 00000000000000000025dc94e0891578cbd233c9110bc1436667ef3f3017c799

get 1800 tx in 000000000000000000286aca7d98cbdb362207e52ca4ebde75f69eb866c819cc

get 2200 tx in 0000000000000000000e58d9ff4a55309d479e42e710410cf730d1e148f7c1df

get 2600 tx in 0000000000000000001a6e95fc987c13e04342ce40e87f59ab8036321f4a8adc

get 2600 tx in 0000000000000000000f250edc3bc76c56bd00dfcce13afbe7031654759c79c6

get 200 tx in 00000000000000000028aba531b274199cb6b34aeb2025cf41ebe7fdaaf5805e

get 2200 tx in 00000000000000000006ecd00356d6b1e634010562fd30b72691121f7f34a712

get 1800 tx in 00000000000000000000e980707b432fb01fc02a7a4b5c4c26f47d48abac622a

get 1200 tx in 0000000000000000002a0ca372a0ac0251aad6c3fbf6152d030c98b5225ca36b

get 2600 tx in 000000000000000000298ed96d2f0c42b00fa2f58bd98513e9265dc7aca5289e

get 2200 tx in 000000000000000000241ff27ef6cac5d6ec4fe5155e9dfd2f1bc74d865a90f7

get 1200 tx in 00000000000000000028b6a1bce5a9174db0c2a41429bb7f3ed7a79a14744c97

get 1600 tx in 000000000000000000249407c0b20a88ebdf9b42ee58f67ff6f6968e194d7436

get 1000 tx in 0000000000000000001b0031637ca37781e4203c74acac5fd40ffd35ce0878d8

finish get block 569669  000000000000000000164ec679c970288207078bd266f6250212af6272862e3d

569633 2019-03-31 19:00:25
get 1600 tx in 0000000000000000001e00ba2a658042cec16641b56156e7c3c21552e2b80070

get 1600 tx in 000000000000000000081d2c30cc9fcbdc8d01ab222532a2fdbfc172e2b1cbeb

get 1600 tx in 0000000000000000002c1abe044ca1db0c2dd8edefe6e986aa3c0190915e089b

get 2200 tx in 0000000000000000002468021d4334789c7a58321dbc19fb49aec169e788c9e4

get 800 tx in 00000000000000000006772890b59c62c64d233f6c257ce6197d53185e0c2f7d

get 1400 tx in 0000000000000000002242d19f59e39df153b7d85ae39d25e35422e7c8de8b93

get 600 tx in 00000000000000000007011648192cfe8a5906499c13e08b49a764e16b5b7177

get 2000 tx in 0000000000000000000847274b1670e4ee5731ed2f48223eafa662f26a7f1565

get 1400 tx in 000000000000000000159d6b044388842e6463cfcb5d2b2eb95cc4556e8a7233

get 2200 tx in 00000000000000000005deda20b8fe48d51849cf7eb0c53acf62006e8baca818

get 200 tx in 000000000000000000062deb9c8164fd44febd6da6274759236a0d2679dd4a44

get 600 tx in 00000000000000000025dc94e0891578cbd233c9110bc1436667ef3f3017c799

get 2400 tx in 0000000000000000000e58d9ff4a55309d479e42e710410cf730d1e148f7c1df

get 2000 tx in 000000000000000000286aca7d98cbdb362207e52ca4ebde75f69eb866c819cc

get 2800 tx in 0000000000000000001a6e95fc987c13e04342ce40e87f59ab8036321f4a8adc

get 400 tx in 00000000000000000028aba531b274199cb6b34aeb2025cf41ebe7fdaaf5805e

get 2400 tx in 00000000000000000006ecd00356d6b1e634010562fd30b72691121f7f34a712

get 2000 tx in 00000000000000000000e980707b432fb01fc02a7a4b5c4c26f47d48abac622a

get 1400 tx in 0000000000000000002a0ca372a0ac0251aad6c3fbf6152d030c98b5225ca36b

get 2800 tx in 000000000000000000298ed96d2f0c42b00fa2f58bd98513e9265dc7aca5289e

get 2400 tx in 000000000000000000241ff27ef6cac5d6ec4fe5155e9dfd2f1bc74d865a90f7

get 1400 tx in 00000000000000000028b6a1bce5a9174db0c2a41429bb7f3ed7a79a14744c97

get 1800 tx in 000000000000000000249407c0b20a88ebdf9b42ee58f67ff6f6968e194d7436

get 1200 tx in 0000000000000000001b0031637ca37781e4203c74acac5fd40ffd35ce0878d8

get 1800 tx in 0000000000000000001e00ba2a658042cec16641b56156e7c3c21552e2b80070

get 1800 tx in 000000000000000000081d2c30cc9fcbdc8d01ab222532a2fdbfc172e2b1cbeb

get 1800 tx in 0000000000000000002c1abe044ca1db0c2dd8edefe6e986aa3c0190915e089b

finish get block 569665  00000000000000000001aa3a747635bceb4baf7fc7ff6804aa1f540559538957

569632 2019-03-31 18:51:51
get 2400 tx in 0000000000000000002468021d4334789c7a58321dbc19fb49aec169e788c9e4

get 1000 tx in 00000000000000000006772890b59c62c64d233f6c257ce6197d53185e0c2f7d

get 200 tx in 00000000000000000013025ec54bfcd204b8b7e911aa6e6ecfcb9bc3eada460f

get 1600 tx in 0000000000000000002242d19f59e39df153b7d85ae39d25e35422e7c8de8b93

get 2200 tx in 0000000000000000000847274b1670e4ee5731ed2f48223eafa662f26a7f1565

get 800 tx in 00000000000000000007011648192cfe8a5906499c13e08b49a764e16b5b7177

get 1600 tx in 000000000000000000159d6b044388842e6463cfcb5d2b2eb95cc4556e8a7233

get 2400 tx in 00000000000000000005deda20b8fe48d51849cf7eb0c53acf62006e8baca818

get 800 tx in 00000000000000000025dc94e0891578cbd233c9110bc1436667ef3f3017c799

get 400 tx in 000000000000000000062deb9c8164fd44febd6da6274759236a0d2679dd4a44

get 2600 tx in 0000000000000000000e58d9ff4a55309d479e42e710410cf730d1e148f7c1df

get 2200 tx in 000000000000000000286aca7d98cbdb362207e52ca4ebde75f69eb866c819cc

get 3000 tx in 0000000000000000001a6e95fc987c13e04342ce40e87f59ab8036321f4a8adc

get 600 tx in 00000000000000000028aba531b274199cb6b34aeb2025cf41ebe7fdaaf5805e

get 2600 tx in 00000000000000000006ecd00356d6b1e634010562fd30b72691121f7f34a712

get 2200 tx in 00000000000000000000e980707b432fb01fc02a7a4b5c4c26f47d48abac622a

get 1600 tx in 0000000000000000002a0ca372a0ac0251aad6c3fbf6152d030c98b5225ca36b

get 3000 tx in 000000000000000000298ed96d2f0c42b00fa2f58bd98513e9265dc7aca5289e

get 2600 tx in 000000000000000000241ff27ef6cac5d6ec4fe5155e9dfd2f1bc74d865a90f7

get 2000 tx in 000000000000000000249407c0b20a88ebdf9b42ee58f67ff6f6968e194d7436

get 1600 tx in 00000000000000000028b6a1bce5a9174db0c2a41429bb7f3ed7a79a14744c97

get 1400 tx in 0000000000000000001b0031637ca37781e4203c74acac5fd40ffd35ce0878d8

get 2000 tx in 0000000000000000001e00ba2a658042cec16641b56156e7c3c21552e2b80070

get 2000 tx in 000000000000000000081d2c30cc9fcbdc8d01ab222532a2fdbfc172e2b1cbeb

get 2000 tx in 0000000000000000002c1abe044ca1db0c2dd8edefe6e986aa3c0190915e089b

finish get block 569671  0000000000000000001a4913fa3802f19d12dfa9dd92d9dba8497d2514632ab6

569631 2019-03-31 18:14:14
get 2600 tx in 0000000000000000002468021d4334789c7a58321dbc19fb49aec169e788c9e4

get 1200 tx in 00000000000000000006772890b59c62c64d233f6c257ce6197d53185e0c2f7d

get 400 tx in 00000000000000000013025ec54bfcd204b8b7e911aa6e6ecfcb9bc3eada460f

get 1800 tx in 0000000000000000002242d19f59e39df153b7d85ae39d25e35422e7c8de8b93

get 1000 tx in 00000000000000000007011648192cfe8a5906499c13e08b49a764e16b5b7177

get 1800 tx in 000000000000000000159d6b044388842e6463cfcb5d2b2eb95cc4556e8a7233

get 2400 tx in 0000000000000000000847274b1670e4ee5731ed2f48223eafa662f26a7f1565

get 600 tx in 000000000000000000062deb9c8164fd44febd6da6274759236a0d2679dd4a44

get 1000 tx in 00000000000000000025dc94e0891578cbd233c9110bc1436667ef3f3017c799

get 2800 tx in 0000000000000000000e58d9ff4a55309d479e42e710410cf730d1e148f7c1df

get 200 tx in 00000000000000000028a27bbce43d4ade6ca2b067f1017856d8f9d8683a2816

get 3200 tx in 0000000000000000001a6e95fc987c13e04342ce40e87f59ab8036321f4a8adc

get 2400 tx in 000000000000000000286aca7d98cbdb362207e52ca4ebde75f69eb866c819cc

get 800 tx in 00000000000000000028aba531b274199cb6b34aeb2025cf41ebe7fdaaf5805e

get 2800 tx in 00000000000000000006ecd00356d6b1e634010562fd30b72691121f7f34a712

get 2400 tx in 00000000000000000000e980707b432fb01fc02a7a4b5c4c26f47d48abac622a

get 1800 tx in 0000000000000000002a0ca372a0ac0251aad6c3fbf6152d030c98b5225ca36b

get 3200 tx in 000000000000000000298ed96d2f0c42b00fa2f58bd98513e9265dc7aca5289e

get 2800 tx in 000000000000000000241ff27ef6cac5d6ec4fe5155e9dfd2f1bc74d865a90f7

get 2200 tx in 000000000000000000249407c0b20a88ebdf9b42ee58f67ff6f6968e194d7436

get 1800 tx in 00000000000000000028b6a1bce5a9174db0c2a41429bb7f3ed7a79a14744c97

get 1600 tx in 0000000000000000001b0031637ca37781e4203c74acac5fd40ffd35ce0878d8

get 2200 tx in 0000000000000000002c1abe044ca1db0c2dd8edefe6e986aa3c0190915e089b

get 2200 tx in 0000000000000000001e00ba2a658042cec16641b56156e7c3c21552e2b80070

get 2200 tx in 000000000000000000081d2c30cc9fcbdc8d01ab222532a2fdbfc172e2b1cbeb

finish get block 569660  0000000000000000000c88c00a33748c8dbcc8a0344b03df67aa24d10fe27fb0

569630 2019-03-31 18:10:49
get 2800 tx in 0000000000000000002468021d4334789c7a58321dbc19fb49aec169e788c9e4

get 1400 tx in 00000000000000000006772890b59c62c64d233f6c257ce6197d53185e0c2f7d

get 2000 tx in 0000000000000000002242d19f59e39df153b7d85ae39d25e35422e7c8de8b93

get 600 tx in 00000000000000000013025ec54bfcd204b8b7e911aa6e6ecfcb9bc3eada460f

get 1200 tx in 00000000000000000007011648192cfe8a5906499c13e08b49a764e16b5b7177

get 2600 tx in 0000000000000000000847274b1670e4ee5731ed2f48223eafa662f26a7f1565

get 2000 tx in 000000000000000000159d6b044388842e6463cfcb5d2b2eb95cc4556e8a7233

get 1200 tx in 00000000000000000025dc94e0891578cbd233c9110bc1436667ef3f3017c799

get 800 tx in 000000000000000000062deb9c8164fd44febd6da6274759236a0d2679dd4a44

get 3000 tx in 0000000000000000000e58d9ff4a55309d479e42e710410cf730d1e148f7c1df

get 400 tx in 00000000000000000028a27bbce43d4ade6ca2b067f1017856d8f9d8683a2816

get 2600 tx in 000000000000000000286aca7d98cbdb362207e52ca4ebde75f69eb866c819cc

get 1000 tx in 00000000000000000028aba531b274199cb6b34aeb2025cf41ebe7fdaaf5805e

get 3400 tx in 0000000000000000001a6e95fc987c13e04342ce40e87f59ab8036321f4a8adc

get 3000 tx in 00000000000000000006ecd00356d6b1e634010562fd30b72691121f7f34a712

get 2600 tx in 00000000000000000000e980707b432fb01fc02a7a4b5c4c26f47d48abac622a

get 2000 tx in 0000000000000000002a0ca372a0ac0251aad6c3fbf6152d030c98b5225ca36b

get 200 tx in 00000000000000000021b24e6627996f12ceb3f4e3422216cd189f195688d266

finish get block 569657  00000000000000000029645e07c620d5913bfa502001136d1779fc2f9e333691

569629 2019-03-31 18:05:17
get 2400 tx in 000000000000000000249407c0b20a88ebdf9b42ee58f67ff6f6968e194d7436

get 3000 tx in 000000000000000000241ff27ef6cac5d6ec4fe5155e9dfd2f1bc74d865a90f7

get 2000 tx in 00000000000000000028b6a1bce5a9174db0c2a41429bb7f3ed7a79a14744c97

get 1800 tx in 0000000000000000001b0031637ca37781e4203c74acac5fd40ffd35ce0878d8

get 2400 tx in 0000000000000000001e00ba2a658042cec16641b56156e7c3c21552e2b80070

get 2400 tx in 0000000000000000002c1abe044ca1db0c2dd8edefe6e986aa3c0190915e089b

get 2400 tx in 000000000000000000081d2c30cc9fcbdc8d01ab222532a2fdbfc172e2b1cbeb

get 3000 tx in 0000000000000000002468021d4334789c7a58321dbc19fb49aec169e788c9e4

get 1600 tx in 00000000000000000006772890b59c62c64d233f6c257ce6197d53185e0c2f7d

get 800 tx in 00000000000000000013025ec54bfcd204b8b7e911aa6e6ecfcb9bc3eada460f

get 2800 tx in 0000000000000000000847274b1670e4ee5731ed2f48223eafa662f26a7f1565

get 2200 tx in 000000000000000000159d6b044388842e6463cfcb5d2b2eb95cc4556e8a7233

get 1400 tx in 00000000000000000007011648192cfe8a5906499c13e08b49a764e16b5b7177

get 1400 tx in 00000000000000000025dc94e0891578cbd233c9110bc1436667ef3f3017c799

get 1000 tx in 000000000000000000062deb9c8164fd44febd6da6274759236a0d2679dd4a44

get 3200 tx in 0000000000000000000e58d9ff4a55309d479e42e710410cf730d1e148f7c1df

get 600 tx in 00000000000000000028a27bbce43d4ade6ca2b067f1017856d8f9d8683a2816

get 2800 tx in 000000000000000000286aca7d98cbdb362207e52ca4ebde75f69eb866c819cc

get 200 tx in 0000000000000000000088f5e6fba90d8807332745aeee189beac872009261cd

get 1200 tx in 00000000000000000028aba531b274199cb6b34aeb2025cf41ebe7fdaaf5805e

get 3200 tx in 00000000000000000006ecd00356d6b1e634010562fd30b72691121f7f34a712

get 2800 tx in 00000000000000000000e980707b432fb01fc02a7a4b5c4c26f47d48abac622a

get 2200 tx in 0000000000000000002a0ca372a0ac0251aad6c3fbf6152d030c98b5225ca36b

get 400 tx in 00000000000000000021b24e6627996f12ceb3f4e3422216cd189f195688d266

finish get block 569658  0000000000000000000f250edc3bc76c56bd00dfcce13afbe7031654759c79c6

569628 2019-03-31 17:49:57
get 2600 tx in 000000000000000000249407c0b20a88ebdf9b42ee58f67ff6f6968e194d7436

get 3200 tx in 000000000000000000241ff27ef6cac5d6ec4fe5155e9dfd2f1bc74d865a90f7

get 2200 tx in 00000000000000000028b6a1bce5a9174db0c2a41429bb7f3ed7a79a14744c97

get 2000 tx in 0000000000000000001b0031637ca37781e4203c74acac5fd40ffd35ce0878d8

get 2600 tx in 0000000000000000001e00ba2a658042cec16641b56156e7c3c21552e2b80070

get 2600 tx in 000000000000000000081d2c30cc9fcbdc8d01ab222532a2fdbfc172e2b1cbeb

get 3200 tx in 0000000000000000002468021d4334789c7a58321dbc19fb49aec169e788c9e4

get 1800 tx in 00000000000000000006772890b59c62c64d233f6c257ce6197d53185e0c2f7d

get 1000 tx in 00000000000000000013025ec54bfcd204b8b7e911aa6e6ecfcb9bc3eada460f

get 2400 tx in 000000000000000000159d6b044388842e6463cfcb5d2b2eb95cc4556e8a7233

get 3000 tx in 0000000000000000000847274b1670e4ee5731ed2f48223eafa662f26a7f1565

get 200 tx in 00000000000000000015452a8e51d67c52cfea261bed2845591551fb935fa452

get 1600 tx in 00000000000000000007011648192cfe8a5906499c13e08b49a764e16b5b7177

get 1600 tx in 00000000000000000025dc94e0891578cbd233c9110bc1436667ef3f3017c799

get 1200 tx in 000000000000000000062deb9c8164fd44febd6da6274759236a0d2679dd4a44

get 400 tx in 0000000000000000000088f5e6fba90d8807332745aeee189beac872009261cd

get 3000 tx in 000000000000000000286aca7d98cbdb362207e52ca4ebde75f69eb866c819cc

get 800 tx in 00000000000000000028a27bbce43d4ade6ca2b067f1017856d8f9d8683a2816

get 1400 tx in 00000000000000000028aba531b274199cb6b34aeb2025cf41ebe7fdaaf5805e

get 3400 tx in 00000000000000000006ecd00356d6b1e634010562fd30b72691121f7f34a712

get 3000 tx in 00000000000000000000e980707b432fb01fc02a7a4b5c4c26f47d48abac622a

get 2400 tx in 0000000000000000002a0ca372a0ac0251aad6c3fbf6152d030c98b5225ca36b

finish get block 569651  00000000000000000005deda20b8fe48d51849cf7eb0c53acf62006e8baca818

get 600 tx in 00000000000000000021b24e6627996f12ceb3f4e3422216cd189f195688d266

569627 2019-03-31 17:46:44
get 2800 tx in 000000000000000000249407c0b20a88ebdf9b42ee58f67ff6f6968e194d7436

get 2400 tx in 00000000000000000028b6a1bce5a9174db0c2a41429bb7f3ed7a79a14744c97

get 2200 tx in 0000000000000000001b0031637ca37781e4203c74acac5fd40ffd35ce0878d8

get 2800 tx in 0000000000000000001e00ba2a658042cec16641b56156e7c3c21552e2b80070

get 2800 tx in 000000000000000000081d2c30cc9fcbdc8d01ab222532a2fdbfc172e2b1cbeb

get 2000 tx in 00000000000000000006772890b59c62c64d233f6c257ce6197d53185e0c2f7d

get 2600 tx in 000000000000000000159d6b044388842e6463cfcb5d2b2eb95cc4556e8a7233

get 200 tx in 000000000000000000054a6bbfac93d123f8bbab44c6236d17ea92323e034ebd

get 1800 tx in 00000000000000000007011648192cfe8a5906499c13e08b49a764e16b5b7177

get 400 tx in 00000000000000000015452a8e51d67c52cfea261bed2845591551fb935fa452

get 1200 tx in 00000000000000000013025ec54bfcd204b8b7e911aa6e6ecfcb9bc3eada460f

get 1800 tx in 00000000000000000025dc94e0891578cbd233c9110bc1436667ef3f3017c799

get 1400 tx in 000000000000000000062deb9c8164fd44febd6da6274759236a0d2679dd4a44

get 1000 tx in 00000000000000000028a27bbce43d4ade6ca2b067f1017856d8f9d8683a2816

get 3200 tx in 000000000000000000286aca7d98cbdb362207e52ca4ebde75f69eb866c819cc

get 600 tx in 0000000000000000000088f5e6fba90d8807332745aeee189beac872009261cd

get 1600 tx in 00000000000000000028aba531b274199cb6b34aeb2025cf41ebe7fdaaf5805e

get 2600 tx in 0000000000000000002a0ca372a0ac0251aad6c3fbf6152d030c98b5225ca36b

get 3200 tx in 00000000000000000000e980707b432fb01fc02a7a4b5c4c26f47d48abac622a

get 800 tx in 00000000000000000021b24e6627996f12ceb3f4e3422216cd189f195688d266

get 2400 tx in 0000000000000000001b0031637ca37781e4203c74acac5fd40ffd35ce0878d8

get 2600 tx in 00000000000000000028b6a1bce5a9174db0c2a41429bb7f3ed7a79a14744c97

get 3000 tx in 000000000000000000081d2c30cc9fcbdc8d01ab222532a2fdbfc172e2b1cbeb

finish get block 569659  0000000000000000001a6e95fc987c13e04342ce40e87f59ab8036321f4a8adc

569626 2019-03-31 17:26:11
get 200 tx in 000000000000000000227cba68e24c03d65991a916bc5d0046b847438ddb1852

get 2200 tx in 00000000000000000006772890b59c62c64d233f6c257ce6197d53185e0c2f7d

get 400 tx in 000000000000000000054a6bbfac93d123f8bbab44c6236d17ea92323e034ebd

get 1400 tx in 00000000000000000013025ec54bfcd204b8b7e911aa6e6ecfcb9bc3eada460f

get 2800 tx in 000000000000000000159d6b044388842e6463cfcb5d2b2eb95cc4556e8a7233

get 2000 tx in 00000000000000000025dc94e0891578cbd233c9110bc1436667ef3f3017c799

get 2000 tx in 00000000000000000007011648192cfe8a5906499c13e08b49a764e16b5b7177

get 600 tx in 00000000000000000015452a8e51d67c52cfea261bed2845591551fb935fa452

get 1600 tx in 000000000000000000062deb9c8164fd44febd6da6274759236a0d2679dd4a44

get 1200 tx in 00000000000000000028a27bbce43d4ade6ca2b067f1017856d8f9d8683a2816

get 3400 tx in 000000000000000000286aca7d98cbdb362207e52ca4ebde75f69eb866c819cc

get 1800 tx in 00000000000000000028aba531b274199cb6b34aeb2025cf41ebe7fdaaf5805e

get 800 tx in 0000000000000000000088f5e6fba90d8807332745aeee189beac872009261cd

get 2800 tx in 0000000000000000002a0ca372a0ac0251aad6c3fbf6152d030c98b5225ca36b

get 3400 tx in 00000000000000000000e980707b432fb01fc02a7a4b5c4c26f47d48abac622a

get 1000 tx in 00000000000000000021b24e6627996f12ceb3f4e3422216cd189f195688d266

230f2d468ea38d63ecfbf7627c569056167d7075a2774ff9719b7c86f54e123a
list index out of range
get 2600 tx in 0000000000000000001b0031637ca37781e4203c74acac5fd40ffd35ce0878d8

get 2800 tx in 00000000000000000028b6a1bce5a9174db0c2a41429bb7f3ed7a79a14744c97

get 400 tx in 000000000000000000227cba68e24c03d65991a916bc5d0046b847438ddb1852

get 2400 tx in 00000000000000000006772890b59c62c64d233f6c257ce6197d53185e0c2f7d

get 600 tx in 000000000000000000054a6bbfac93d123f8bbab44c6236d17ea92323e034ebd

get 3000 tx in 000000000000000000159d6b044388842e6463cfcb5d2b2eb95cc4556e8a7233

get 1600 tx in 00000000000000000013025ec54bfcd204b8b7e911aa6e6ecfcb9bc3eada460f

get 2200 tx in 00000000000000000025dc94e0891578cbd233c9110bc1436667ef3f3017c799

get 2200 tx in 00000000000000000007011648192cfe8a5906499c13e08b49a764e16b5b7177

get 800 tx in 00000000000000000015452a8e51d67c52cfea261bed2845591551fb935fa452

get 1800 tx in 000000000000000000062deb9c8164fd44febd6da6274759236a0d2679dd4a44

finish get block 569656  000000000000000000298ed96d2f0c42b00fa2f58bd98513e9265dc7aca5289e

569625 2019-03-31 17:22:25
get 200 tx in 00000000000000000010e0f664a7fbd8bbe76ff8e06c417bc9047e319eedf4eb

get 1400 tx in 00000000000000000028a27bbce43d4ade6ca2b067f1017856d8f9d8683a2816

get 2000 tx in 00000000000000000028aba531b274199cb6b34aeb2025cf41ebe7fdaaf5805e

get 1000 tx in 0000000000000000000088f5e6fba90d8807332745aeee189beac872009261cd

get 1200 tx in 00000000000000000021b24e6627996f12ceb3f4e3422216cd189f195688d266

get 2800 tx in 0000000000000000001b0031637ca37781e4203c74acac5fd40ffd35ce0878d8

get 3000 tx in 00000000000000000028b6a1bce5a9174db0c2a41429bb7f3ed7a79a14744c97

get 600 tx in 000000000000000000227cba68e24c03d65991a916bc5d0046b847438ddb1852

get 2600 tx in 00000000000000000006772890b59c62c64d233f6c257ce6197d53185e0c2f7d

get 800 tx in 000000000000000000054a6bbfac93d123f8bbab44c6236d17ea92323e034ebd

finish get block 569642  0000000000000000002242d19f59e39df153b7d85ae39d25e35422e7c8de8b93

569624 2019-03-31 17:18:58
get 2400 tx in 00000000000000000025dc94e0891578cbd233c9110bc1436667ef3f3017c799

get 2400 tx in 00000000000000000007011648192cfe8a5906499c13e08b49a764e16b5b7177

get 2000 tx in 000000000000000000062deb9c8164fd44febd6da6274759236a0d2679dd4a44

get 1000 tx in 00000000000000000015452a8e51d67c52cfea261bed2845591551fb935fa452

get 400 tx in 00000000000000000010e0f664a7fbd8bbe76ff8e06c417bc9047e319eedf4eb

get 1600 tx in 00000000000000000028a27bbce43d4ade6ca2b067f1017856d8f9d8683a2816

get 2200 tx in 00000000000000000028aba531b274199cb6b34aeb2025cf41ebe7fdaaf5805e

get 1200 tx in 0000000000000000000088f5e6fba90d8807332745aeee189beac872009261cd

get 200 tx in 0000000000000000001fa69eeea3a1a4be2324ff6958528210518e71b6811e0c

get 1400 tx in 00000000000000000021b24e6627996f12ceb3f4e3422216cd189f195688d266

get 2800 tx in 00000000000000000006772890b59c62c64d233f6c257ce6197d53185e0c2f7d

get 800 tx in 000000000000000000227cba68e24c03d65991a916bc5d0046b847438ddb1852

get 1000 tx in 000000000000000000054a6bbfac93d123f8bbab44c6236d17ea92323e034ebd

get 2600 tx in 00000000000000000007011648192cfe8a5906499c13e08b49a764e16b5b7177

get 2600 tx in 00000000000000000025dc94e0891578cbd233c9110bc1436667ef3f3017c799

get 600 tx in 00000000000000000010e0f664a7fbd8bbe76ff8e06c417bc9047e319eedf4eb

get 2200 tx in 000000000000000000062deb9c8164fd44febd6da6274759236a0d2679dd4a44

get 1200 tx in 00000000000000000015452a8e51d67c52cfea261bed2845591551fb935fa452

get 1800 tx in 00000000000000000028a27bbce43d4ade6ca2b067f1017856d8f9d8683a2816

finish get block 569645  0000000000000000002c1abe044ca1db0c2dd8edefe6e986aa3c0190915e089b

569623 2019-03-31 17:02:17
get 2400 tx in 00000000000000000028aba531b274199cb6b34aeb2025cf41ebe7fdaaf5805e

get 1400 tx in 0000000000000000000088f5e6fba90d8807332745aeee189beac872009261cd

get 200 tx in 0000000000000000001136619c9dff0678283d4466ac3cf61a1b728fcded31c7

get 400 tx in 0000000000000000001fa69eeea3a1a4be2324ff6958528210518e71b6811e0c

get 1600 tx in 00000000000000000021b24e6627996f12ceb3f4e3422216cd189f195688d266

get 1000 tx in 000000000000000000227cba68e24c03d65991a916bc5d0046b847438ddb1852

get 1200 tx in 000000000000000000054a6bbfac93d123f8bbab44c6236d17ea92323e034ebd

get 3000 tx in 00000000000000000006772890b59c62c64d233f6c257ce6197d53185e0c2f7d

get 2800 tx in 00000000000000000007011648192cfe8a5906499c13e08b49a764e16b5b7177

get 2800 tx in 00000000000000000025dc94e0891578cbd233c9110bc1436667ef3f3017c799

get 2400 tx in 000000000000000000062deb9c8164fd44febd6da6274759236a0d2679dd4a44

get 800 tx in 00000000000000000010e0f664a7fbd8bbe76ff8e06c417bc9047e319eedf4eb

get 1400 tx in 00000000000000000015452a8e51d67c52cfea261bed2845591551fb935fa452

get 2000 tx in 00000000000000000028a27bbce43d4ade6ca2b067f1017856d8f9d8683a2816

get 2600 tx in 00000000000000000028aba531b274199cb6b34aeb2025cf41ebe7fdaaf5805e

get 400 tx in 0000000000000000001136619c9dff0678283d4466ac3cf61a1b728fcded31c7

get 1600 tx in 0000000000000000000088f5e6fba90d8807332745aeee189beac872009261cd

get 200 tx in 000000000000000000155886ff8b2c1e701750e6a321160e5d078430353abf15

get 600 tx in 0000000000000000001fa69eeea3a1a4be2324ff6958528210518e71b6811e0c

get 1800 tx in 00000000000000000021b24e6627996f12ceb3f4e3422216cd189f195688d266

finish get block 569655  0000000000000000000e58d9ff4a55309d479e42e710410cf730d1e148f7c1df

569622 2019-03-31 16:51:42
get 1200 tx in 000000000000000000227cba68e24c03d65991a916bc5d0046b847438ddb1852

get 3200 tx in 00000000000000000006772890b59c62c64d233f6c257ce6197d53185e0c2f7d

get 1400 tx in 000000000000000000054a6bbfac93d123f8bbab44c6236d17ea92323e034ebd

get 3000 tx in 00000000000000000007011648192cfe8a5906499c13e08b49a764e16b5b7177

get 2600 tx in 000000000000000000062deb9c8164fd44febd6da6274759236a0d2679dd4a44

get 1600 tx in 00000000000000000015452a8e51d67c52cfea261bed2845591551fb935fa452

get 1000 tx in 00000000000000000010e0f664a7fbd8bbe76ff8e06c417bc9047e319eedf4eb

get 2200 tx in 00000000000000000028a27bbce43d4ade6ca2b067f1017856d8f9d8683a2816

get 600 tx in 0000000000000000001136619c9dff0678283d4466ac3cf61a1b728fcded31c7

get 1800 tx in 0000000000000000000088f5e6fba90d8807332745aeee189beac872009261cd

get 2800 tx in 00000000000000000028aba531b274199cb6b34aeb2025cf41ebe7fdaaf5805e

get 400 tx in 000000000000000000155886ff8b2c1e701750e6a321160e5d078430353abf15

get 800 tx in 0000000000000000001fa69eeea3a1a4be2324ff6958528210518e71b6811e0c

get 2000 tx in 00000000000000000021b24e6627996f12ceb3f4e3422216cd189f195688d266

get 1400 tx in 000000000000000000227cba68e24c03d65991a916bc5d0046b847438ddb1852

get 200 tx in 0000000000000000001d6d9c0e1c4db8f0687fb0cd44f841480c703be825a71e

get 1600 tx in 000000000000000000054a6bbfac93d123f8bbab44c6236d17ea92323e034ebd

get 3200 tx in 00000000000000000007011648192cfe8a5906499c13e08b49a764e16b5b7177

get 2800 tx in 000000000000000000062deb9c8164fd44febd6da6274759236a0d2679dd4a44

get 1800 tx in 00000000000000000015452a8e51d67c52cfea261bed2845591551fb935fa452

get 1200 tx in 00000000000000000010e0f664a7fbd8bbe76ff8e06c417bc9047e319eedf4eb

get 2400 tx in 00000000000000000028a27bbce43d4ade6ca2b067f1017856d8f9d8683a2816

get 800 tx in 0000000000000000001136619c9dff0678283d4466ac3cf61a1b728fcded31c7

get 2000 tx in 0000000000000000000088f5e6fba90d8807332745aeee189beac872009261cd

get 3000 tx in 00000000000000000028aba531b274199cb6b34aeb2025cf41ebe7fdaaf5805e

finish get block 569653  000000000000000000241ff27ef6cac5d6ec4fe5155e9dfd2f1bc74d865a90f7

569621 2019-03-31 16:46:09
get 600 tx in 000000000000000000155886ff8b2c1e701750e6a321160e5d078430353abf15

get 1000 tx in 0000000000000000001fa69eeea3a1a4be2324ff6958528210518e71b6811e0c

get 2200 tx in 00000000000000000021b24e6627996f12ceb3f4e3422216cd189f195688d266

get 1600 tx in 000000000000000000227cba68e24c03d65991a916bc5d0046b847438ddb1852

get 400 tx in 0000000000000000001d6d9c0e1c4db8f0687fb0cd44f841480c703be825a71e

get 1800 tx in 000000000000000000054a6bbfac93d123f8bbab44c6236d17ea92323e034ebd

get 3000 tx in 000000000000000000062deb9c8164fd44febd6da6274759236a0d2679dd4a44

get 1400 tx in 00000000000000000010e0f664a7fbd8bbe76ff8e06c417bc9047e319eedf4eb

get 2000 tx in 00000000000000000015452a8e51d67c52cfea261bed2845591551fb935fa452

get 2600 tx in 00000000000000000028a27bbce43d4ade6ca2b067f1017856d8f9d8683a2816

get 1000 tx in 0000000000000000001136619c9dff0678283d4466ac3cf61a1b728fcded31c7

get 3200 tx in 00000000000000000028aba531b274199cb6b34aeb2025cf41ebe7fdaaf5805e

get 800 tx in 000000000000000000155886ff8b2c1e701750e6a321160e5d078430353abf15

get 1200 tx in 0000000000000000001fa69eeea3a1a4be2324ff6958528210518e71b6811e0c

get 2400 tx in 00000000000000000021b24e6627996f12ceb3f4e3422216cd189f195688d266

get 200 tx in 000000000000000000171778eea32c782364f115da2ea885e291b61614b79956

get 1800 tx in 000000000000000000227cba68e24c03d65991a916bc5d0046b847438ddb1852

finish get block 569654  00000000000000000006ecd00356d6b1e634010562fd30b72691121f7f34a712

569620 2019-03-31 16:44:10
get 600 tx in 0000000000000000001d6d9c0e1c4db8f0687fb0cd44f841480c703be825a71e

get 2000 tx in 000000000000000000054a6bbfac93d123f8bbab44c6236d17ea92323e034ebd

get 1600 tx in 00000000000000000010e0f664a7fbd8bbe76ff8e06c417bc9047e319eedf4eb

get 3200 tx in 000000000000000000062deb9c8164fd44febd6da6274759236a0d2679dd4a44

get 2200 tx in 00000000000000000015452a8e51d67c52cfea261bed2845591551fb935fa452

get 2800 tx in 00000000000000000028a27bbce43d4ade6ca2b067f1017856d8f9d8683a2816

get 1200 tx in 0000000000000000001136619c9dff0678283d4466ac3cf61a1b728fcded31c7

get 1400 tx in 0000000000000000001fa69eeea3a1a4be2324ff6958528210518e71b6811e0c

get 1000 tx in 000000000000000000155886ff8b2c1e701750e6a321160e5d078430353abf15

get 2600 tx in 00000000000000000021b24e6627996f12ceb3f4e3422216cd189f195688d266

get 400 tx in 000000000000000000171778eea32c782364f115da2ea885e291b61614b79956

get 2000 tx in 000000000000000000227cba68e24c03d65991a916bc5d0046b847438ddb1852

get 2200 tx in 000000000000000000054a6bbfac93d123f8bbab44c6236d17ea92323e034ebd

get 800 tx in 0000000000000000001d6d9c0e1c4db8f0687fb0cd44f841480c703be825a71e

get 200 tx in 000000000000000000217984f056b04ed89b2a21caba8708a7b262ba54c1836c

get 1800 tx in 00000000000000000010e0f664a7fbd8bbe76ff8e06c417bc9047e319eedf4eb

get 3400 tx in 000000000000000000062deb9c8164fd44febd6da6274759236a0d2679dd4a44

get 2400 tx in 00000000000000000015452a8e51d67c52cfea261bed2845591551fb935fa452

get 1400 tx in 0000000000000000001136619c9dff0678283d4466ac3cf61a1b728fcded31c7

get 1200 tx in 000000000000000000155886ff8b2c1e701750e6a321160e5d078430353abf15

get 1600 tx in 0000000000000000001fa69eeea3a1a4be2324ff6958528210518e71b6811e0c

get 2800 tx in 00000000000000000021b24e6627996f12ceb3f4e3422216cd189f195688d266

get 600 tx in 000000000000000000171778eea32c782364f115da2ea885e291b61614b79956

finish get block 569652  0000000000000000002468021d4334789c7a58321dbc19fb49aec169e788c9e4

569619 2019-03-31 16:38:40
get 2200 tx in 000000000000000000227cba68e24c03d65991a916bc5d0046b847438ddb1852

get 2400 tx in 000000000000000000054a6bbfac93d123f8bbab44c6236d17ea92323e034ebd

get 1000 tx in 0000000000000000001d6d9c0e1c4db8f0687fb0cd44f841480c703be825a71e

get 400 tx in 000000000000000000217984f056b04ed89b2a21caba8708a7b262ba54c1836c

get 2000 tx in 00000000000000000010e0f664a7fbd8bbe76ff8e06c417bc9047e319eedf4eb

get 2600 tx in 00000000000000000015452a8e51d67c52cfea261bed2845591551fb935fa452

get 1600 tx in 0000000000000000001136619c9dff0678283d4466ac3cf61a1b728fcded31c7

get 1400 tx in 000000000000000000155886ff8b2c1e701750e6a321160e5d078430353abf15

get 3000 tx in 00000000000000000021b24e6627996f12ceb3f4e3422216cd189f195688d266

get 1800 tx in 0000000000000000001fa69eeea3a1a4be2324ff6958528210518e71b6811e0c

get 800 tx in 000000000000000000171778eea32c782364f115da2ea885e291b61614b79956

get 200 tx in 0000000000000000001660431d1762e0bb325ae39f8bf09a1dcd6c8473c85380

get 2400 tx in 000000000000000000227cba68e24c03d65991a916bc5d0046b847438ddb1852

get 2600 tx in 000000000000000000054a6bbfac93d123f8bbab44c6236d17ea92323e034ebd

get 1200 tx in 0000000000000000001d6d9c0e1c4db8f0687fb0cd44f841480c703be825a71e

get 600 tx in 000000000000000000217984f056b04ed89b2a21caba8708a7b262ba54c1836c

get 2200 tx in 00000000000000000010e0f664a7fbd8bbe76ff8e06c417bc9047e319eedf4eb

get 1800 tx in 0000000000000000001136619c9dff0678283d4466ac3cf61a1b728fcded31c7

get 1600 tx in 000000000000000000155886ff8b2c1e701750e6a321160e5d078430353abf15

finish get block 569650  0000000000000000000847274b1670e4ee5731ed2f48223eafa662f26a7f1565

get 2000 tx in 0000000000000000001fa69eeea3a1a4be2324ff6958528210518e71b6811e0c

get 3200 tx in 00000000000000000021b24e6627996f12ceb3f4e3422216cd189f195688d266

569618 2019-03-31 16:36:01
get 1000 tx in 000000000000000000171778eea32c782364f115da2ea885e291b61614b79956

get 400 tx in 0000000000000000001660431d1762e0bb325ae39f8bf09a1dcd6c8473c85380

get 2600 tx in 000000000000000000227cba68e24c03d65991a916bc5d0046b847438ddb1852

get 1400 tx in 0000000000000000001d6d9c0e1c4db8f0687fb0cd44f841480c703be825a71e

get 800 tx in 000000000000000000217984f056b04ed89b2a21caba8708a7b262ba54c1836c

get 2400 tx in 00000000000000000010e0f664a7fbd8bbe76ff8e06c417bc9047e319eedf4eb

get 2000 tx in 0000000000000000001136619c9dff0678283d4466ac3cf61a1b728fcded31c7

get 1800 tx in 000000000000000000155886ff8b2c1e701750e6a321160e5d078430353abf15

get 2200 tx in 0000000000000000001fa69eeea3a1a4be2324ff6958528210518e71b6811e0c

get 1200 tx in 000000000000000000171778eea32c782364f115da2ea885e291b61614b79956

get 200 tx in 0000000000000000000908e4ce68ddf205e9f0a4f70653293be640ce01e0aa79

get 600 tx in 0000000000000000001660431d1762e0bb325ae39f8bf09a1dcd6c8473c85380

get 2800 tx in 000000000000000000227cba68e24c03d65991a916bc5d0046b847438ddb1852

get 1600 tx in 0000000000000000001d6d9c0e1c4db8f0687fb0cd44f841480c703be825a71e

get 1000 tx in 000000000000000000217984f056b04ed89b2a21caba8708a7b262ba54c1836c

get 2600 tx in 00000000000000000010e0f664a7fbd8bbe76ff8e06c417bc9047e319eedf4eb

finish get block 569646  0000000000000000001e00ba2a658042cec16641b56156e7c3c21552e2b80070

569617 2019-03-31 16:33:01
get 2200 tx in 0000000000000000001136619c9dff0678283d4466ac3cf61a1b728fcded31c7

get 2000 tx in 000000000000000000155886ff8b2c1e701750e6a321160e5d078430353abf15

get 2400 tx in 0000000000000000001fa69eeea3a1a4be2324ff6958528210518e71b6811e0c

get 400 tx in 0000000000000000000908e4ce68ddf205e9f0a4f70653293be640ce01e0aa79

get 1400 tx in 000000000000000000171778eea32c782364f115da2ea885e291b61614b79956

get 800 tx in 0000000000000000001660431d1762e0bb325ae39f8bf09a1dcd6c8473c85380

get 3000 tx in 000000000000000000227cba68e24c03d65991a916bc5d0046b847438ddb1852

get 1800 tx in 0000000000000000001d6d9c0e1c4db8f0687fb0cd44f841480c703be825a71e

get 1200 tx in 000000000000000000217984f056b04ed89b2a21caba8708a7b262ba54c1836c

get 2800 tx in 00000000000000000010e0f664a7fbd8bbe76ff8e06c417bc9047e319eedf4eb

get 2400 tx in 0000000000000000001136619c9dff0678283d4466ac3cf61a1b728fcded31c7

get 200 tx in 0000000000000000000e823cea92ed47bc8b91b9db843b12f9a2b975cd927e5f

get 2200 tx in 000000000000000000155886ff8b2c1e701750e6a321160e5d078430353abf15

get 2600 tx in 0000000000000000001fa69eeea3a1a4be2324ff6958528210518e71b6811e0c

get 600 tx in 0000000000000000000908e4ce68ddf205e9f0a4f70653293be640ce01e0aa79

get 1600 tx in 000000000000000000171778eea32c782364f115da2ea885e291b61614b79956

finish get block 569647  000000000000000000249407c0b20a88ebdf9b42ee58f67ff6f6968e194d7436

569616 2019-03-31 16:28:54
get 1000 tx in 0000000000000000001660431d1762e0bb325ae39f8bf09a1dcd6c8473c85380

get 3200 tx in 000000000000000000227cba68e24c03d65991a916bc5d0046b847438ddb1852

get 2000 tx in 0000000000000000001d6d9c0e1c4db8f0687fb0cd44f841480c703be825a71e

get 1400 tx in 000000000000000000217984f056b04ed89b2a21caba8708a7b262ba54c1836c

get 3000 tx in 00000000000000000010e0f664a7fbd8bbe76ff8e06c417bc9047e319eedf4eb

get 2600 tx in 0000000000000000001136619c9dff0678283d4466ac3cf61a1b728fcded31c7

get 400 tx in 0000000000000000000e823cea92ed47bc8b91b9db843b12f9a2b975cd927e5f

get 2400 tx in 000000000000000000155886ff8b2c1e701750e6a321160e5d078430353abf15

get 2800 tx in 0000000000000000001fa69eeea3a1a4be2324ff6958528210518e71b6811e0c

get 800 tx in 0000000000000000000908e4ce68ddf205e9f0a4f70653293be640ce01e0aa79

get 1800 tx in 000000000000000000171778eea32c782364f115da2ea885e291b61614b79956

get 1200 tx in 0000000000000000001660431d1762e0bb325ae39f8bf09a1dcd6c8473c85380

get 200 tx in 000000000000000000295b4186591610f9f06e6dbf8c59c055c1cae9b7e7c536

get 3400 tx in 000000000000000000227cba68e24c03d65991a916bc5d0046b847438ddb1852

get 2200 tx in 0000000000000000001d6d9c0e1c4db8f0687fb0cd44f841480c703be825a71e

get 1600 tx in 000000000000000000217984f056b04ed89b2a21caba8708a7b262ba54c1836c

get 3200 tx in 00000000000000000010e0f664a7fbd8bbe76ff8e06c417bc9047e319eedf4eb

get 2800 tx in 0000000000000000001136619c9dff0678283d4466ac3cf61a1b728fcded31c7

finish get block 569644  000000000000000000081d2c30cc9fcbdc8d01ab222532a2fdbfc172e2b1cbeb

569615 2019-03-31 16:09:29
get 600 tx in 0000000000000000000e823cea92ed47bc8b91b9db843b12f9a2b975cd927e5f

get 2600 tx in 000000000000000000155886ff8b2c1e701750e6a321160e5d078430353abf15

get 3000 tx in 0000000000000000001fa69eeea3a1a4be2324ff6958528210518e71b6811e0c

get 1000 tx in 0000000000000000000908e4ce68ddf205e9f0a4f70653293be640ce01e0aa79

get 2000 tx in 000000000000000000171778eea32c782364f115da2ea885e291b61614b79956

get 1400 tx in 0000000000000000001660431d1762e0bb325ae39f8bf09a1dcd6c8473c85380

get 400 tx in 000000000000000000295b4186591610f9f06e6dbf8c59c055c1cae9b7e7c536

get 2400 tx in 0000000000000000001d6d9c0e1c4db8f0687fb0cd44f841480c703be825a71e

get 1800 tx in 000000000000000000217984f056b04ed89b2a21caba8708a7b262ba54c1836c

get 3000 tx in 0000000000000000001136619c9dff0678283d4466ac3cf61a1b728fcded31c7

get 800 tx in 0000000000000000000e823cea92ed47bc8b91b9db843b12f9a2b975cd927e5f

get 2800 tx in 000000000000000000155886ff8b2c1e701750e6a321160e5d078430353abf15

get 200 tx in 0000000000000000001be682ee80e38bdd2fdced0fcf40a61774fb2a40f1bd67

get 3200 tx in 0000000000000000001fa69eeea3a1a4be2324ff6958528210518e71b6811e0c

get 1200 tx in 0000000000000000000908e4ce68ddf205e9f0a4f70653293be640ce01e0aa79

get 1600 tx in 0000000000000000001660431d1762e0bb325ae39f8bf09a1dcd6c8473c85380

get 600 tx in 000000000000000000295b4186591610f9f06e6dbf8c59c055c1cae9b7e7c536

get 2600 tx in 0000000000000000001d6d9c0e1c4db8f0687fb0cd44f841480c703be825a71e

get 2000 tx in 000000000000000000217984f056b04ed89b2a21caba8708a7b262ba54c1836c

get 3200 tx in 0000000000000000001136619c9dff0678283d4466ac3cf61a1b728fcded31c7

get 1000 tx in 0000000000000000000e823cea92ed47bc8b91b9db843b12f9a2b975cd927e5f

finish get block 569648  00000000000000000000e980707b432fb01fc02a7a4b5c4c26f47d48abac622a

569614 2019-03-31 16:04:55
get 400 tx in 0000000000000000001be682ee80e38bdd2fdced0fcf40a61774fb2a40f1bd67

get 3000 tx in 000000000000000000155886ff8b2c1e701750e6a321160e5d078430353abf15

get 1400 tx in 0000000000000000000908e4ce68ddf205e9f0a4f70653293be640ce01e0aa79

get 1800 tx in 0000000000000000001660431d1762e0bb325ae39f8bf09a1dcd6c8473c85380

get 800 tx in 000000000000000000295b4186591610f9f06e6dbf8c59c055c1cae9b7e7c536

get 2800 tx in 0000000000000000001d6d9c0e1c4db8f0687fb0cd44f841480c703be825a71e

get 3400 tx in 0000000000000000001136619c9dff0678283d4466ac3cf61a1b728fcded31c7

get 1200 tx in 0000000000000000000e823cea92ed47bc8b91b9db843b12f9a2b975cd927e5f

get 600 tx in 0000000000000000001be682ee80e38bdd2fdced0fcf40a61774fb2a40f1bd67

get 200 tx in 00000000000000000008c66b10a71e0c94ec53a076dbf3328cb938939d22d5c6

get 1600 tx in 0000000000000000000908e4ce68ddf205e9f0a4f70653293be640ce01e0aa79

get 2000 tx in 0000000000000000001660431d1762e0bb325ae39f8bf09a1dcd6c8473c85380

get 1000 tx in 000000000000000000295b4186591610f9f06e6dbf8c59c055c1cae9b7e7c536

get 1400 tx in 0000000000000000000e823cea92ed47bc8b91b9db843b12f9a2b975cd927e5f

get 800 tx in 0000000000000000001be682ee80e38bdd2fdced0fcf40a61774fb2a40f1bd67

get 400 tx in 00000000000000000008c66b10a71e0c94ec53a076dbf3328cb938939d22d5c6

get 1800 tx in 0000000000000000000908e4ce68ddf205e9f0a4f70653293be640ce01e0aa79

finish get block 569649  000000000000000000286aca7d98cbdb362207e52ca4ebde75f69eb866c819cc

get 2200 tx in 0000000000000000001660431d1762e0bb325ae39f8bf09a1dcd6c8473c85380

569613 2019-03-31 15:48:30
get 1200 tx in 000000000000000000295b4186591610f9f06e6dbf8c59c055c1cae9b7e7c536

get 1600 tx in 0000000000000000000e823cea92ed47bc8b91b9db843b12f9a2b975cd927e5f

get 1000 tx in 0000000000000000001be682ee80e38bdd2fdced0fcf40a61774fb2a40f1bd67

get 600 tx in 00000000000000000008c66b10a71e0c94ec53a076dbf3328cb938939d22d5c6

get 2000 tx in 0000000000000000000908e4ce68ddf205e9f0a4f70653293be640ce01e0aa79

get 200 tx in 000000000000000000137c0d59bb75425dc0e77c5e517f348e519c6840321ccc

get 1400 tx in 000000000000000000295b4186591610f9f06e6dbf8c59c055c1cae9b7e7c536

get 1800 tx in 0000000000000000000e823cea92ed47bc8b91b9db843b12f9a2b975cd927e5f

get 1200 tx in 0000000000000000001be682ee80e38bdd2fdced0fcf40a61774fb2a40f1bd67

get 800 tx in 00000000000000000008c66b10a71e0c94ec53a076dbf3328cb938939d22d5c6

get 2200 tx in 0000000000000000000908e4ce68ddf205e9f0a4f70653293be640ce01e0aa79

get 400 tx in 000000000000000000137c0d59bb75425dc0e77c5e517f348e519c6840321ccc

get 1600 tx in 000000000000000000295b4186591610f9f06e6dbf8c59c055c1cae9b7e7c536

finish get block 569641  0000000000000000002a0ca372a0ac0251aad6c3fbf6152d030c98b5225ca36b

569612 2019-03-31 15:45:49
get 2000 tx in 0000000000000000000e823cea92ed47bc8b91b9db843b12f9a2b975cd927e5f

get 1400 tx in 0000000000000000001be682ee80e38bdd2fdced0fcf40a61774fb2a40f1bd67

get 1000 tx in 00000000000000000008c66b10a71e0c94ec53a076dbf3328cb938939d22d5c6

get 2400 tx in 0000000000000000000908e4ce68ddf205e9f0a4f70653293be640ce01e0aa79

get 600 tx in 000000000000000000137c0d59bb75425dc0e77c5e517f348e519c6840321ccc

get 1800 tx in 000000000000000000295b4186591610f9f06e6dbf8c59c055c1cae9b7e7c536

get 200 tx in 0000000000000000001dc15c1d6a9d10c6f0d9d24b2ec3a529e0605e390df31b

get 2200 tx in 0000000000000000000e823cea92ed47bc8b91b9db843b12f9a2b975cd927e5f

get 1600 tx in 0000000000000000001be682ee80e38bdd2fdced0fcf40a61774fb2a40f1bd67

get 1200 tx in 00000000000000000008c66b10a71e0c94ec53a076dbf3328cb938939d22d5c6

get 2600 tx in 0000000000000000000908e4ce68ddf205e9f0a4f70653293be640ce01e0aa79

get 800 tx in 000000000000000000137c0d59bb75425dc0e77c5e517f348e519c6840321ccc

get 2000 tx in 000000000000000000295b4186591610f9f06e6dbf8c59c055c1cae9b7e7c536

'NoneType' object is not subscriptable None
get 400 tx in 0000000000000000001dc15c1d6a9d10c6f0d9d24b2ec3a529e0605e390df31b

finish get block 569639  0000000000000000001b0031637ca37781e4203c74acac5fd40ffd35ce0878d8

569611 2019-03-31 15:39:49
get 2400 tx in 0000000000000000000e823cea92ed47bc8b91b9db843b12f9a2b975cd927e5f

get 1800 tx in 0000000000000000001be682ee80e38bdd2fdced0fcf40a61774fb2a40f1bd67

get 1400 tx in 00000000000000000008c66b10a71e0c94ec53a076dbf3328cb938939d22d5c6

get 1000 tx in 000000000000000000137c0d59bb75425dc0e77c5e517f348e519c6840321ccc

get 2200 tx in 000000000000000000295b4186591610f9f06e6dbf8c59c055c1cae9b7e7c536

get 600 tx in 0000000000000000001dc15c1d6a9d10c6f0d9d24b2ec3a529e0605e390df31b

get 200 tx in 0000000000000000000c0fa225535d1b480bdde410e03f714fafb233fee664f5

get 2600 tx in 0000000000000000000e823cea92ed47bc8b91b9db843b12f9a2b975cd927e5f

get 2000 tx in 0000000000000000001be682ee80e38bdd2fdced0fcf40a61774fb2a40f1bd67

finish get block 569633  00000000000000000013025ec54bfcd204b8b7e911aa6e6ecfcb9bc3eada460f

569610 2019-03-31 15:37:35
get 1600 tx in 00000000000000000008c66b10a71e0c94ec53a076dbf3328cb938939d22d5c6

get 1200 tx in 000000000000000000137c0d59bb75425dc0e77c5e517f348e519c6840321ccc

get 2400 tx in 000000000000000000295b4186591610f9f06e6dbf8c59c055c1cae9b7e7c536

get 800 tx in 0000000000000000001dc15c1d6a9d10c6f0d9d24b2ec3a529e0605e390df31b

get 400 tx in 0000000000000000000c0fa225535d1b480bdde410e03f714fafb233fee664f5

get 2800 tx in 0000000000000000000e823cea92ed47bc8b91b9db843b12f9a2b975cd927e5f

get 2200 tx in 0000000000000000001be682ee80e38bdd2fdced0fcf40a61774fb2a40f1bd67

get 1800 tx in 00000000000000000008c66b10a71e0c94ec53a076dbf3328cb938939d22d5c6

get 200 tx in 0000000000000000001f3773f8e840759be91962826fdae26f2b93b658c8086b

get 1400 tx in 000000000000000000137c0d59bb75425dc0e77c5e517f348e519c6840321ccc

get 2600 tx in 000000000000000000295b4186591610f9f06e6dbf8c59c055c1cae9b7e7c536

get 1000 tx in 0000000000000000001dc15c1d6a9d10c6f0d9d24b2ec3a529e0605e390df31b

get 600 tx in 0000000000000000000c0fa225535d1b480bdde410e03f714fafb233fee664f5

get 2400 tx in 0000000000000000001be682ee80e38bdd2fdced0fcf40a61774fb2a40f1bd67

get 2000 tx in 00000000000000000008c66b10a71e0c94ec53a076dbf3328cb938939d22d5c6

get 400 tx in 0000000000000000001f3773f8e840759be91962826fdae26f2b93b658c8086b

finish get block 569640  00000000000000000028b6a1bce5a9174db0c2a41429bb7f3ed7a79a14744c97

569609 2019-03-31 15:32:23
get 1600 tx in 000000000000000000137c0d59bb75425dc0e77c5e517f348e519c6840321ccc

get 2800 tx in 000000000000000000295b4186591610f9f06e6dbf8c59c055c1cae9b7e7c536

get 1200 tx in 0000000000000000001dc15c1d6a9d10c6f0d9d24b2ec3a529e0605e390df31b

get 800 tx in 0000000000000000000c0fa225535d1b480bdde410e03f714fafb233fee664f5

get 2600 tx in 0000000000000000001be682ee80e38bdd2fdced0fcf40a61774fb2a40f1bd67

get 2200 tx in 00000000000000000008c66b10a71e0c94ec53a076dbf3328cb938939d22d5c6

get 600 tx in 0000000000000000001f3773f8e840759be91962826fdae26f2b93b658c8086b

get 200 tx in 00000000000000000025e3e5295ff987b8f8f97f559229609c1481ffc5a34fe2

get 1800 tx in 000000000000000000137c0d59bb75425dc0e77c5e517f348e519c6840321ccc

get 3000 tx in 000000000000000000295b4186591610f9f06e6dbf8c59c055c1cae9b7e7c536

get 1400 tx in 0000000000000000001dc15c1d6a9d10c6f0d9d24b2ec3a529e0605e390df31b

get 1000 tx in 0000000000000000000c0fa225535d1b480bdde410e03f714fafb233fee664f5

get 2400 tx in 00000000000000000008c66b10a71e0c94ec53a076dbf3328cb938939d22d5c6

get 800 tx in 0000000000000000001f3773f8e840759be91962826fdae26f2b93b658c8086b

get 400 tx in 00000000000000000025e3e5295ff987b8f8f97f559229609c1481ffc5a34fe2

finish get block 569643  000000000000000000159d6b044388842e6463cfcb5d2b2eb95cc4556e8a7233

569608 2019-03-31 15:28:25
get 2000 tx in 000000000000000000137c0d59bb75425dc0e77c5e517f348e519c6840321ccc

get 1600 tx in 0000000000000000001dc15c1d6a9d10c6f0d9d24b2ec3a529e0605e390df31b

get 1200 tx in 0000000000000000000c0fa225535d1b480bdde410e03f714fafb233fee664f5

get 2600 tx in 00000000000000000008c66b10a71e0c94ec53a076dbf3328cb938939d22d5c6

get 1000 tx in 0000000000000000001f3773f8e840759be91962826fdae26f2b93b658c8086b

get 600 tx in 00000000000000000025e3e5295ff987b8f8f97f559229609c1481ffc5a34fe2

get 200 tx in 000000000000000000007ca890dcd54ab49bbb937660ec6eda9969f7edd8356c

get 1800 tx in 0000000000000000001dc15c1d6a9d10c6f0d9d24b2ec3a529e0605e390df31b

get 1400 tx in 0000000000000000000c0fa225535d1b480bdde410e03f714fafb233fee664f5

get 2800 tx in 00000000000000000008c66b10a71e0c94ec53a076dbf3328cb938939d22d5c6

get 1200 tx in 0000000000000000001f3773f8e840759be91962826fdae26f2b93b658c8086b

get 800 tx in 00000000000000000025e3e5295ff987b8f8f97f559229609c1481ffc5a34fe2

finish get block 569636  00000000000000000025dc94e0891578cbd233c9110bc1436667ef3f3017c799

569607 2019-03-31 15:09:45
get 400 tx in 000000000000000000007ca890dcd54ab49bbb937660ec6eda9969f7edd8356c

get 2000 tx in 0000000000000000001dc15c1d6a9d10c6f0d9d24b2ec3a529e0605e390df31b

get 1600 tx in 0000000000000000000c0fa225535d1b480bdde410e03f714fafb233fee664f5

get 3000 tx in 00000000000000000008c66b10a71e0c94ec53a076dbf3328cb938939d22d5c6

get 1400 tx in 0000000000000000001f3773f8e840759be91962826fdae26f2b93b658c8086b

get 1000 tx in 00000000000000000025e3e5295ff987b8f8f97f559229609c1481ffc5a34fe2

get 600 tx in 000000000000000000007ca890dcd54ab49bbb937660ec6eda9969f7edd8356c

get 200 tx in 00000000000000000010c154b708c10b3a6bc9a9968625399b53421effc907eb

get 2200 tx in 0000000000000000001dc15c1d6a9d10c6f0d9d24b2ec3a529e0605e390df31b

get 1800 tx in 0000000000000000000c0fa225535d1b480bdde410e03f714fafb233fee664f5

get 1600 tx in 0000000000000000001f3773f8e840759be91962826fdae26f2b93b658c8086b

get 1200 tx in 00000000000000000025e3e5295ff987b8f8f97f559229609c1481ffc5a34fe2

get 800 tx in 000000000000000000007ca890dcd54ab49bbb937660ec6eda9969f7edd8356c

get 400 tx in 00000000000000000010c154b708c10b3a6bc9a9968625399b53421effc907eb

finish get block 569638  00000000000000000006772890b59c62c64d233f6c257ce6197d53185e0c2f7d

569606 2019-03-31 15:02:11
get 2400 tx in 0000000000000000001dc15c1d6a9d10c6f0d9d24b2ec3a529e0605e390df31b

get 2000 tx in 0000000000000000000c0fa225535d1b480bdde410e03f714fafb233fee664f5

get 1800 tx in 0000000000000000001f3773f8e840759be91962826fdae26f2b93b658c8086b

get 1400 tx in 00000000000000000025e3e5295ff987b8f8f97f559229609c1481ffc5a34fe2

get 1000 tx in 000000000000000000007ca890dcd54ab49bbb937660ec6eda9969f7edd8356c

get 600 tx in 00000000000000000010c154b708c10b3a6bc9a9968625399b53421effc907eb

get 200 tx in 00000000000000000011b45d074e84219f158ea0456bf52129d1bdc124703990

get 2000 tx in 0000000000000000001f3773f8e840759be91962826fdae26f2b93b658c8086b

get 1600 tx in 00000000000000000025e3e5295ff987b8f8f97f559229609c1481ffc5a34fe2

get 1200 tx in 000000000000000000007ca890dcd54ab49bbb937660ec6eda9969f7edd8356c

get 800 tx in 00000000000000000010c154b708c10b3a6bc9a9968625399b53421effc907eb

get 400 tx in 00000000000000000011b45d074e84219f158ea0456bf52129d1bdc124703990

finish get block 569637  00000000000000000007011648192cfe8a5906499c13e08b49a764e16b5b7177

569605 2019-03-31 14:59:39
get 1800 tx in 00000000000000000025e3e5295ff987b8f8f97f559229609c1481ffc5a34fe2

get 1400 tx in 000000000000000000007ca890dcd54ab49bbb937660ec6eda9969f7edd8356c

get 1000 tx in 00000000000000000010c154b708c10b3a6bc9a9968625399b53421effc907eb

get 600 tx in 00000000000000000011b45d074e84219f158ea0456bf52129d1bdc124703990

get 200 tx in 00000000000000000029a1e9977caaab392dff28ad7512a68540fa1cccd38b1d

get 2000 tx in 00000000000000000025e3e5295ff987b8f8f97f559229609c1481ffc5a34fe2

get 1600 tx in 000000000000000000007ca890dcd54ab49bbb937660ec6eda9969f7edd8356c

get 1200 tx in 00000000000000000010c154b708c10b3a6bc9a9968625399b53421effc907eb

finish get block 569630  0000000000000000000088f5e6fba90d8807332745aeee189beac872009261cd

569604 2019-03-31 14:56:48
get 800 tx in 00000000000000000011b45d074e84219f158ea0456bf52129d1bdc124703990

get 400 tx in 00000000000000000029a1e9977caaab392dff28ad7512a68540fa1cccd38b1d

get 2200 tx in 00000000000000000025e3e5295ff987b8f8f97f559229609c1481ffc5a34fe2

get 1800 tx in 000000000000000000007ca890dcd54ab49bbb937660ec6eda9969f7edd8356c

get 1400 tx in 00000000000000000010c154b708c10b3a6bc9a9968625399b53421effc907eb

get 200 tx in 00000000000000000014dc9b88d0f9cce6d2b362888eab532b3406c6631f1ab4

get 1000 tx in 00000000000000000011b45d074e84219f158ea0456bf52129d1bdc124703990

get 600 tx in 00000000000000000029a1e9977caaab392dff28ad7512a68540fa1cccd38b1d

get 2400 tx in 00000000000000000025e3e5295ff987b8f8f97f559229609c1481ffc5a34fe2

get 2000 tx in 000000000000000000007ca890dcd54ab49bbb937660ec6eda9969f7edd8356c

get 1600 tx in 00000000000000000010c154b708c10b3a6bc9a9968625399b53421effc907eb

get 400 tx in 00000000000000000014dc9b88d0f9cce6d2b362888eab532b3406c6631f1ab4

get 1200 tx in 00000000000000000011b45d074e84219f158ea0456bf52129d1bdc124703990

get 800 tx in 00000000000000000029a1e9977caaab392dff28ad7512a68540fa1cccd38b1d

finish get block 569635  00000000000000000028aba531b274199cb6b34aeb2025cf41ebe7fdaaf5805e

569603 2019-03-31 14:43:40
get 2600 tx in 00000000000000000025e3e5295ff987b8f8f97f559229609c1481ffc5a34fe2

get 2200 tx in 000000000000000000007ca890dcd54ab49bbb937660ec6eda9969f7edd8356c

get 1800 tx in 00000000000000000010c154b708c10b3a6bc9a9968625399b53421effc907eb

get 600 tx in 00000000000000000014dc9b88d0f9cce6d2b362888eab532b3406c6631f1ab4

get 1400 tx in 00000000000000000011b45d074e84219f158ea0456bf52129d1bdc124703990

get 1000 tx in 00000000000000000029a1e9977caaab392dff28ad7512a68540fa1cccd38b1d

get 2400 tx in 000000000000000000007ca890dcd54ab49bbb937660ec6eda9969f7edd8356c

get 200 tx in 00000000000000000017064d36d18086c66b265a822a51820829fac0e55eb699

get 2000 tx in 00000000000000000010c154b708c10b3a6bc9a9968625399b53421effc907eb

get 800 tx in 00000000000000000014dc9b88d0f9cce6d2b362888eab532b3406c6631f1ab4

get 1600 tx in 00000000000000000011b45d074e84219f158ea0456bf52129d1bdc124703990

get 1200 tx in 00000000000000000029a1e9977caaab392dff28ad7512a68540fa1cccd38b1d

finish get block 569632  00000000000000000028a27bbce43d4ade6ca2b067f1017856d8f9d8683a2816

569602 2019-03-31 14:39:16
get 400 tx in 00000000000000000017064d36d18086c66b265a822a51820829fac0e55eb699

get 2600 tx in 000000000000000000007ca890dcd54ab49bbb937660ec6eda9969f7edd8356c

get 2200 tx in 00000000000000000010c154b708c10b3a6bc9a9968625399b53421effc907eb

get 1000 tx in 00000000000000000014dc9b88d0f9cce6d2b362888eab532b3406c6631f1ab4

get 1800 tx in 00000000000000000011b45d074e84219f158ea0456bf52129d1bdc124703990

get 1400 tx in 00000000000000000029a1e9977caaab392dff28ad7512a68540fa1cccd38b1d

get 200 tx in 0000000000000000000bfbef498416e6c6f832fbdc5d89847eabd4f004d957f7

get 600 tx in 00000000000000000017064d36d18086c66b265a822a51820829fac0e55eb699

get 2800 tx in 000000000000000000007ca890dcd54ab49bbb937660ec6eda9969f7edd8356c

get 1200 tx in 00000000000000000014dc9b88d0f9cce6d2b362888eab532b3406c6631f1ab4

get 2000 tx in 00000000000000000011b45d074e84219f158ea0456bf52129d1bdc124703990

get 1600 tx in 00000000000000000029a1e9977caaab392dff28ad7512a68540fa1cccd38b1d

get 800 tx in 00000000000000000017064d36d18086c66b265a822a51820829fac0e55eb699

get 400 tx in 0000000000000000000bfbef498416e6c6f832fbdc5d89847eabd4f004d957f7

get 3000 tx in 000000000000000000007ca890dcd54ab49bbb937660ec6eda9969f7edd8356c

finish get block 569634  000000000000000000062deb9c8164fd44febd6da6274759236a0d2679dd4a44

569601 2019-03-31 14:14:49
get 1400 tx in 00000000000000000014dc9b88d0f9cce6d2b362888eab532b3406c6631f1ab4

get 2200 tx in 00000000000000000011b45d074e84219f158ea0456bf52129d1bdc124703990

get 1800 tx in 00000000000000000029a1e9977caaab392dff28ad7512a68540fa1cccd38b1d

get 1000 tx in 00000000000000000017064d36d18086c66b265a822a51820829fac0e55eb699

get 600 tx in 0000000000000000000bfbef498416e6c6f832fbdc5d89847eabd4f004d957f7

get 3200 tx in 000000000000000000007ca890dcd54ab49bbb937660ec6eda9969f7edd8356c

get 200 tx in 00000000000000000027bfb96eb39937894f2c07c2e2e4348b8aaec7a4f36c0d

get 1600 tx in 00000000000000000014dc9b88d0f9cce6d2b362888eab532b3406c6631f1ab4

get 2400 tx in 00000000000000000011b45d074e84219f158ea0456bf52129d1bdc124703990

get 2000 tx in 00000000000000000029a1e9977caaab392dff28ad7512a68540fa1cccd38b1d

get 1200 tx in 00000000000000000017064d36d18086c66b265a822a51820829fac0e55eb699

get 800 tx in 0000000000000000000bfbef498416e6c6f832fbdc5d89847eabd4f004d957f7

finish get block 569629  00000000000000000015452a8e51d67c52cfea261bed2845591551fb935fa452

569600 2019-03-31 14:04:39
get 400 tx in 00000000000000000027bfb96eb39937894f2c07c2e2e4348b8aaec7a4f36c0d

get 1800 tx in 00000000000000000014dc9b88d0f9cce6d2b362888eab532b3406c6631f1ab4

get 2200 tx in 00000000000000000029a1e9977caaab392dff28ad7512a68540fa1cccd38b1d

get 1400 tx in 00000000000000000017064d36d18086c66b265a822a51820829fac0e55eb699

get 1000 tx in 0000000000000000000bfbef498416e6c6f832fbdc5d89847eabd4f004d957f7

get 200 tx in 00000000000000000013408e14f91645be922f83f405550a1e4b063226131464

get 600 tx in 00000000000000000027bfb96eb39937894f2c07c2e2e4348b8aaec7a4f36c0d

get 2000 tx in 00000000000000000014dc9b88d0f9cce6d2b362888eab532b3406c6631f1ab4

get 2400 tx in 00000000000000000029a1e9977caaab392dff28ad7512a68540fa1cccd38b1d

get 1200 tx in 0000000000000000000bfbef498416e6c6f832fbdc5d89847eabd4f004d957f7

get 1600 tx in 00000000000000000017064d36d18086c66b265a822a51820829fac0e55eb699

get 400 tx in 00000000000000000013408e14f91645be922f83f405550a1e4b063226131464

finish get block 569631  00000000000000000021b24e6627996f12ceb3f4e3422216cd189f195688d266

get 800 tx in 00000000000000000027bfb96eb39937894f2c07c2e2e4348b8aaec7a4f36c0d

569599 2019-03-31 13:44:56
get 2200 tx in 00000000000000000014dc9b88d0f9cce6d2b362888eab532b3406c6631f1ab4

get 2600 tx in 00000000000000000029a1e9977caaab392dff28ad7512a68540fa1cccd38b1d

get 1800 tx in 00000000000000000017064d36d18086c66b265a822a51820829fac0e55eb699

get 1400 tx in 0000000000000000000bfbef498416e6c6f832fbdc5d89847eabd4f004d957f7

get 600 tx in 00000000000000000013408e14f91645be922f83f405550a1e4b063226131464

get 1000 tx in 00000000000000000027bfb96eb39937894f2c07c2e2e4348b8aaec7a4f36c0d

get 200 tx in 00000000000000000018108c685d80767d8ded2f6092057345ac226be94eaa0d

get 2400 tx in 00000000000000000014dc9b88d0f9cce6d2b362888eab532b3406c6631f1ab4

get 2000 tx in 00000000000000000017064d36d18086c66b265a822a51820829fac0e55eb699

get 1600 tx in 0000000000000000000bfbef498416e6c6f832fbdc5d89847eabd4f004d957f7

get 800 tx in 00000000000000000013408e14f91645be922f83f405550a1e4b063226131464

get 1200 tx in 00000000000000000027bfb96eb39937894f2c07c2e2e4348b8aaec7a4f36c0d

finish get block 569628  000000000000000000054a6bbfac93d123f8bbab44c6236d17ea92323e034ebd

569598 2019-03-31 13:42:44
get 400 tx in 00000000000000000018108c685d80767d8ded2f6092057345ac226be94eaa0d

get 2600 tx in 00000000000000000014dc9b88d0f9cce6d2b362888eab532b3406c6631f1ab4

get 1800 tx in 0000000000000000000bfbef498416e6c6f832fbdc5d89847eabd4f004d957f7

get 2200 tx in 00000000000000000017064d36d18086c66b265a822a51820829fac0e55eb699

get 1000 tx in 00000000000000000013408e14f91645be922f83f405550a1e4b063226131464

get 1400 tx in 00000000000000000027bfb96eb39937894f2c07c2e2e4348b8aaec7a4f36c0d

get 600 tx in 00000000000000000018108c685d80767d8ded2f6092057345ac226be94eaa0d

get 200 tx in 0000000000000000000a4d6edbb74add9e9df732b1dfb78406176c499a6d5932

get 2800 tx in 00000000000000000014dc9b88d0f9cce6d2b362888eab532b3406c6631f1ab4

get 2400 tx in 00000000000000000017064d36d18086c66b265a822a51820829fac0e55eb699

get 2000 tx in 0000000000000000000bfbef498416e6c6f832fbdc5d89847eabd4f004d957f7

get 1200 tx in 00000000000000000013408e14f91645be922f83f405550a1e4b063226131464

get 1600 tx in 00000000000000000027bfb96eb39937894f2c07c2e2e4348b8aaec7a4f36c0d

get 800 tx in 00000000000000000018108c685d80767d8ded2f6092057345ac226be94eaa0d

get 400 tx in 0000000000000000000a4d6edbb74add9e9df732b1dfb78406176c499a6d5932

finish get block 569627  000000000000000000227cba68e24c03d65991a916bc5d0046b847438ddb1852

569597 2019-03-31 13:42:22
get 2600 tx in 00000000000000000017064d36d18086c66b265a822a51820829fac0e55eb699

get 2200 tx in 0000000000000000000bfbef498416e6c6f832fbdc5d89847eabd4f004d957f7

get 1400 tx in 00000000000000000013408e14f91645be922f83f405550a1e4b063226131464

get 1800 tx in 00000000000000000027bfb96eb39937894f2c07c2e2e4348b8aaec7a4f36c0d

get 1000 tx in 00000000000000000018108c685d80767d8ded2f6092057345ac226be94eaa0d

get 600 tx in 0000000000000000000a4d6edbb74add9e9df732b1dfb78406176c499a6d5932

get 2800 tx in 00000000000000000017064d36d18086c66b265a822a51820829fac0e55eb699

get 2400 tx in 0000000000000000000bfbef498416e6c6f832fbdc5d89847eabd4f004d957f7

get 200 tx in 00000000000000000020b4bbbd83c4d35c185f3594ae8f81b609ac564187c33d

get 1600 tx in 00000000000000000013408e14f91645be922f83f405550a1e4b063226131464

finish get block 569621  000000000000000000171778eea32c782364f115da2ea885e291b61614b79956

569596 2019-03-31 13:26:20
get 2000 tx in 00000000000000000027bfb96eb39937894f2c07c2e2e4348b8aaec7a4f36c0d

get 800 tx in 0000000000000000000a4d6edbb74add9e9df732b1dfb78406176c499a6d5932

get 1200 tx in 00000000000000000018108c685d80767d8ded2f6092057345ac226be94eaa0d

get 3000 tx in 00000000000000000017064d36d18086c66b265a822a51820829fac0e55eb699

get 2600 tx in 0000000000000000000bfbef498416e6c6f832fbdc5d89847eabd4f004d957f7

get 400 tx in 00000000000000000020b4bbbd83c4d35c185f3594ae8f81b609ac564187c33d

get 1800 tx in 00000000000000000013408e14f91645be922f83f405550a1e4b063226131464

get 200 tx in 000000000000000000190cc8e97d2b0ac6b0de0fbc101e77f1f1cbeb4878f35c

get 2200 tx in 00000000000000000027bfb96eb39937894f2c07c2e2e4348b8aaec7a4f36c0d

get 1000 tx in 0000000000000000000a4d6edbb74add9e9df732b1dfb78406176c499a6d5932

get 1400 tx in 00000000000000000018108c685d80767d8ded2f6092057345ac226be94eaa0d

get 3200 tx in 00000000000000000017064d36d18086c66b265a822a51820829fac0e55eb699

get 2800 tx in 0000000000000000000bfbef498416e6c6f832fbdc5d89847eabd4f004d957f7

get 600 tx in 00000000000000000020b4bbbd83c4d35c185f3594ae8f81b609ac564187c33d

get 2000 tx in 00000000000000000013408e14f91645be922f83f405550a1e4b063226131464

get 400 tx in 000000000000000000190cc8e97d2b0ac6b0de0fbc101e77f1f1cbeb4878f35c

get 2400 tx in 00000000000000000027bfb96eb39937894f2c07c2e2e4348b8aaec7a4f36c0d

get 1200 tx in 0000000000000000000a4d6edbb74add9e9df732b1dfb78406176c499a6d5932

get 1600 tx in 00000000000000000018108c685d80767d8ded2f6092057345ac226be94eaa0d

finish get block 569626  00000000000000000010e0f664a7fbd8bbe76ff8e06c417bc9047e319eedf4eb

569595 2019-03-31 13:19:48
get 800 tx in 00000000000000000020b4bbbd83c4d35c185f3594ae8f81b609ac564187c33d

get 3000 tx in 0000000000000000000bfbef498416e6c6f832fbdc5d89847eabd4f004d957f7

get 2200 tx in 00000000000000000013408e14f91645be922f83f405550a1e4b063226131464

get 600 tx in 000000000000000000190cc8e97d2b0ac6b0de0fbc101e77f1f1cbeb4878f35c

get 2600 tx in 00000000000000000027bfb96eb39937894f2c07c2e2e4348b8aaec7a4f36c0d

get 1400 tx in 0000000000000000000a4d6edbb74add9e9df732b1dfb78406176c499a6d5932

get 200 tx in 000000000000000000095e483286ccac24d28090f4db7363009318f0ea25eeb3

get 3200 tx in 0000000000000000000bfbef498416e6c6f832fbdc5d89847eabd4f004d957f7

get 1000 tx in 00000000000000000020b4bbbd83c4d35c185f3594ae8f81b609ac564187c33d

get 2400 tx in 00000000000000000013408e14f91645be922f83f405550a1e4b063226131464

get 800 tx in 000000000000000000190cc8e97d2b0ac6b0de0fbc101e77f1f1cbeb4878f35c

get 1600 tx in 0000000000000000000a4d6edbb74add9e9df732b1dfb78406176c499a6d5932

get 400 tx in 000000000000000000095e483286ccac24d28090f4db7363009318f0ea25eeb3

finish get block 569625  0000000000000000001fa69eeea3a1a4be2324ff6958528210518e71b6811e0c

569594 2019-03-31 13:11:00
get 3400 tx in 0000000000000000000bfbef498416e6c6f832fbdc5d89847eabd4f004d957f7

get 1200 tx in 00000000000000000020b4bbbd83c4d35c185f3594ae8f81b609ac564187c33d

get 2600 tx in 00000000000000000013408e14f91645be922f83f405550a1e4b063226131464

get 1000 tx in 000000000000000000190cc8e97d2b0ac6b0de0fbc101e77f1f1cbeb4878f35c

get 1800 tx in 0000000000000000000a4d6edbb74add9e9df732b1dfb78406176c499a6d5932

get 600 tx in 000000000000000000095e483286ccac24d28090f4db7363009318f0ea25eeb3

get 200 tx in 0000000000000000001005271689d0bea183e6e1d8ffb1da45d434578a229273

get 1400 tx in 00000000000000000020b4bbbd83c4d35c185f3594ae8f81b609ac564187c33d

finish get block 569620  000000000000000000217984f056b04ed89b2a21caba8708a7b262ba54c1836c

569593 2019-03-31 13:04:03
get 2800 tx in 00000000000000000013408e14f91645be922f83f405550a1e4b063226131464

get 1200 tx in 000000000000000000190cc8e97d2b0ac6b0de0fbc101e77f1f1cbeb4878f35c

get 800 tx in 000000000000000000095e483286ccac24d28090f4db7363009318f0ea25eeb3

get 400 tx in 0000000000000000001005271689d0bea183e6e1d8ffb1da45d434578a229273

get 1600 tx in 00000000000000000020b4bbbd83c4d35c185f3594ae8f81b609ac564187c33d

get 200 tx in 00000000000000000005e369419494e7d5c441790404179df080ddb6aa7f1697

9bd8476b4640008904cf1bc57c716a4255e42fe72aa9ec69882ecab0546423f4
list index out of range
get 3000 tx in 00000000000000000013408e14f91645be922f83f405550a1e4b063226131464

get 1400 tx in 000000000000000000190cc8e97d2b0ac6b0de0fbc101e77f1f1cbeb4878f35c

get 1000 tx in 000000000000000000095e483286ccac24d28090f4db7363009318f0ea25eeb3

get 600 tx in 0000000000000000001005271689d0bea183e6e1d8ffb1da45d434578a229273

get 1800 tx in 00000000000000000020b4bbbd83c4d35c185f3594ae8f81b609ac564187c33d

get 400 tx in 00000000000000000005e369419494e7d5c441790404179df080ddb6aa7f1697

get 1600 tx in 000000000000000000190cc8e97d2b0ac6b0de0fbc101e77f1f1cbeb4878f35c

finish get block 569623  000000000000000000155886ff8b2c1e701750e6a321160e5d078430353abf15

569592 2019-03-31 12:59:18
get 1200 tx in 000000000000000000095e483286ccac24d28090f4db7363009318f0ea25eeb3

get 800 tx in 0000000000000000001005271689d0bea183e6e1d8ffb1da45d434578a229273

get 2000 tx in 00000000000000000020b4bbbd83c4d35c185f3594ae8f81b609ac564187c33d

get 600 tx in 00000000000000000005e369419494e7d5c441790404179df080ddb6aa7f1697

get 1800 tx in 000000000000000000190cc8e97d2b0ac6b0de0fbc101e77f1f1cbeb4878f35c

get 200 tx in 0000000000000000000cdf0c84e87058ce7166c6142826463e4e04d7bec6f88b

get 1400 tx in 000000000000000000095e483286ccac24d28090f4db7363009318f0ea25eeb3

get 1000 tx in 0000000000000000001005271689d0bea183e6e1d8ffb1da45d434578a229273

get 2200 tx in 00000000000000000020b4bbbd83c4d35c185f3594ae8f81b609ac564187c33d

get 800 tx in 00000000000000000005e369419494e7d5c441790404179df080ddb6aa7f1697

get 2000 tx in 000000000000000000190cc8e97d2b0ac6b0de0fbc101e77f1f1cbeb4878f35c

get 400 tx in 0000000000000000000cdf0c84e87058ce7166c6142826463e4e04d7bec6f88b

list index out of range 569591
89bf505b8a971613c44c3b0b62a3635732011709fd3142c3fb4aee828c63a1c5
list index out of range
get 1600 tx in 000000000000000000095e483286ccac24d28090f4db7363009318f0ea25eeb3

finish get block 569624  0000000000000000001136619c9dff0678283d4466ac3cf61a1b728fcded31c7

569591 2019-03-31 12:55:14
get 2400 tx in 00000000000000000020b4bbbd83c4d35c185f3594ae8f81b609ac564187c33d

get 1000 tx in 00000000000000000005e369419494e7d5c441790404179df080ddb6aa7f1697

get 2200 tx in 000000000000000000190cc8e97d2b0ac6b0de0fbc101e77f1f1cbeb4878f35c

get 600 tx in 0000000000000000000cdf0c84e87058ce7166c6142826463e4e04d7bec6f88b

get 1800 tx in 000000000000000000095e483286ccac24d28090f4db7363009318f0ea25eeb3

get 200 tx in 0000000000000000000a3143e2a0c8c614a69f710ef6ab5980d70e4a5895b145

get 2600 tx in 00000000000000000020b4bbbd83c4d35c185f3594ae8f81b609ac564187c33d

get 1200 tx in 00000000000000000005e369419494e7d5c441790404179df080ddb6aa7f1697

get 2400 tx in 000000000000000000190cc8e97d2b0ac6b0de0fbc101e77f1f1cbeb4878f35c

get 800 tx in 0000000000000000000cdf0c84e87058ce7166c6142826463e4e04d7bec6f88b

get 2000 tx in 000000000000000000095e483286ccac24d28090f4db7363009318f0ea25eeb3

get 400 tx in 0000000000000000000a3143e2a0c8c614a69f710ef6ab5980d70e4a5895b145

get 2800 tx in 00000000000000000020b4bbbd83c4d35c185f3594ae8f81b609ac564187c33d

finish get block 569622  0000000000000000001d6d9c0e1c4db8f0687fb0cd44f841480c703be825a71e

569590 2019-03-31 12:53:30
get 1400 tx in 00000000000000000005e369419494e7d5c441790404179df080ddb6aa7f1697

get 2600 tx in 000000000000000000190cc8e97d2b0ac6b0de0fbc101e77f1f1cbeb4878f35c

get 1000 tx in 0000000000000000000cdf0c84e87058ce7166c6142826463e4e04d7bec6f88b

get 2200 tx in 000000000000000000095e483286ccac24d28090f4db7363009318f0ea25eeb3

get 600 tx in 0000000000000000000a3143e2a0c8c614a69f710ef6ab5980d70e4a5895b145

get 3000 tx in 00000000000000000020b4bbbd83c4d35c185f3594ae8f81b609ac564187c33d

get 200 tx in 00000000000000000020f6dd48ff8dd5ce7e82843dd8e2b6005e3a293cb218bf

get 1600 tx in 00000000000000000005e369419494e7d5c441790404179df080ddb6aa7f1697

get 1200 tx in 0000000000000000000cdf0c84e87058ce7166c6142826463e4e04d7bec6f88b

get 2400 tx in 000000000000000000095e483286ccac24d28090f4db7363009318f0ea25eeb3

finish get block 569619  0000000000000000001660431d1762e0bb325ae39f8bf09a1dcd6c8473c85380

569589 2019-03-31 12:50:49
get 800 tx in 0000000000000000000a3143e2a0c8c614a69f710ef6ab5980d70e4a5895b145

get 400 tx in 00000000000000000020f6dd48ff8dd5ce7e82843dd8e2b6005e3a293cb218bf

get 1400 tx in 0000000000000000000cdf0c84e87058ce7166c6142826463e4e04d7bec6f88b

get 200 tx in 000000000000000000270e28cab6246f4cce4cf2c8eacf0cdeef908b613e42b2

get 1000 tx in 0000000000000000000a3143e2a0c8c614a69f710ef6ab5980d70e4a5895b145

get 600 tx in 00000000000000000020f6dd48ff8dd5ce7e82843dd8e2b6005e3a293cb218bf

get 1600 tx in 0000000000000000000cdf0c84e87058ce7166c6142826463e4e04d7bec6f88b

finish get block 569618  0000000000000000000908e4ce68ddf205e9f0a4f70653293be640ce01e0aa79

get 400 tx in 000000000000000000270e28cab6246f4cce4cf2c8eacf0cdeef908b613e42b2

569588 2019-03-31 12:32:08
get 1200 tx in 0000000000000000000a3143e2a0c8c614a69f710ef6ab5980d70e4a5895b145

get 800 tx in 00000000000000000020f6dd48ff8dd5ce7e82843dd8e2b6005e3a293cb218bf

get 1800 tx in 0000000000000000000cdf0c84e87058ce7166c6142826463e4e04d7bec6f88b

get 600 tx in 000000000000000000270e28cab6246f4cce4cf2c8eacf0cdeef908b613e42b2

get 1400 tx in 0000000000000000000a3143e2a0c8c614a69f710ef6ab5980d70e4a5895b145

get 200 tx in 00000000000000000025ad4b668c2c14cf2d30a8b2af92c366b1a43b346d29c4

get 1000 tx in 00000000000000000020f6dd48ff8dd5ce7e82843dd8e2b6005e3a293cb218bf

get 2000 tx in 0000000000000000000cdf0c84e87058ce7166c6142826463e4e04d7bec6f88b

get 800 tx in 000000000000000000270e28cab6246f4cce4cf2c8eacf0cdeef908b613e42b2

get 1600 tx in 0000000000000000000a3143e2a0c8c614a69f710ef6ab5980d70e4a5895b145

get 400 tx in 00000000000000000025ad4b668c2c14cf2d30a8b2af92c366b1a43b346d29c4

finish get block 569617  0000000000000000000e823cea92ed47bc8b91b9db843b12f9a2b975cd927e5f

569587 2019-03-31 12:19:01
get 1200 tx in 00000000000000000020f6dd48ff8dd5ce7e82843dd8e2b6005e3a293cb218bf

get 2200 tx in 0000000000000000000cdf0c84e87058ce7166c6142826463e4e04d7bec6f88b

get 1000 tx in 000000000000000000270e28cab6246f4cce4cf2c8eacf0cdeef908b613e42b2

get 1800 tx in 0000000000000000000a3143e2a0c8c614a69f710ef6ab5980d70e4a5895b145

get 1400 tx in 00000000000000000020f6dd48ff8dd5ce7e82843dd8e2b6005e3a293cb218bf

get 600 tx in 00000000000000000025ad4b668c2c14cf2d30a8b2af92c366b1a43b346d29c4

get 200 tx in 00000000000000000018feb31516ebb880e06ac0b17e05661f9ea815698ac8a3

get 1200 tx in 000000000000000000270e28cab6246f4cce4cf2c8eacf0cdeef908b613e42b2

get 2000 tx in 0000000000000000000a3143e2a0c8c614a69f710ef6ab5980d70e4a5895b145

finish get block 569615  0000000000000000001be682ee80e38bdd2fdced0fcf40a61774fb2a40f1bd67

569586 2019-03-31 12:08:19
get 800 tx in 00000000000000000025ad4b668c2c14cf2d30a8b2af92c366b1a43b346d29c4

get 1600 tx in 00000000000000000020f6dd48ff8dd5ce7e82843dd8e2b6005e3a293cb218bf

get 400 tx in 00000000000000000018feb31516ebb880e06ac0b17e05661f9ea815698ac8a3

get 1400 tx in 000000000000000000270e28cab6246f4cce4cf2c8eacf0cdeef908b613e42b2

get 1000 tx in 00000000000000000025ad4b668c2c14cf2d30a8b2af92c366b1a43b346d29c4

get 2200 tx in 0000000000000000000a3143e2a0c8c614a69f710ef6ab5980d70e4a5895b145

get 200 tx in 000000000000000000093b8557c28f607d943a6d2b1085eb2ac8b827c1995736

get 1800 tx in 00000000000000000020f6dd48ff8dd5ce7e82843dd8e2b6005e3a293cb218bf

get 600 tx in 00000000000000000018feb31516ebb880e06ac0b17e05661f9ea815698ac8a3

get 1600 tx in 000000000000000000270e28cab6246f4cce4cf2c8eacf0cdeef908b613e42b2

get 1200 tx in 00000000000000000025ad4b668c2c14cf2d30a8b2af92c366b1a43b346d29c4

get 400 tx in 000000000000000000093b8557c28f607d943a6d2b1085eb2ac8b827c1995736

get 2400 tx in 0000000000000000000a3143e2a0c8c614a69f710ef6ab5980d70e4a5895b145

get 2000 tx in 00000000000000000020f6dd48ff8dd5ce7e82843dd8e2b6005e3a293cb218bf

get 800 tx in 00000000000000000018feb31516ebb880e06ac0b17e05661f9ea815698ac8a3

finish get block 569616  000000000000000000295b4186591610f9f06e6dbf8c59c055c1cae9b7e7c536

569585 2019-03-31 12:00:01
get 1800 tx in 000000000000000000270e28cab6246f4cce4cf2c8eacf0cdeef908b613e42b2

get 1400 tx in 00000000000000000025ad4b668c2c14cf2d30a8b2af92c366b1a43b346d29c4

get 2600 tx in 0000000000000000000a3143e2a0c8c614a69f710ef6ab5980d70e4a5895b145

get 600 tx in 000000000000000000093b8557c28f607d943a6d2b1085eb2ac8b827c1995736

get 2200 tx in 00000000000000000020f6dd48ff8dd5ce7e82843dd8e2b6005e3a293cb218bf

get 1000 tx in 00000000000000000018feb31516ebb880e06ac0b17e05661f9ea815698ac8a3

get 200 tx in 0000000000000000001f5b3cbd8787dc107b3d908ec1a4a11aecdf72ad11884a

finish get block 569613  000000000000000000137c0d59bb75425dc0e77c5e517f348e519c6840321ccc

569584 2019-03-31 11:59:04
get 2000 tx in 000000000000000000270e28cab6246f4cce4cf2c8eacf0cdeef908b613e42b2

get 1600 tx in 00000000000000000025ad4b668c2c14cf2d30a8b2af92c366b1a43b346d29c4

get 800 tx in 000000000000000000093b8557c28f607d943a6d2b1085eb2ac8b827c1995736

get 2400 tx in 00000000000000000020f6dd48ff8dd5ce7e82843dd8e2b6005e3a293cb218bf

get 1200 tx in 00000000000000000018feb31516ebb880e06ac0b17e05661f9ea815698ac8a3

a9e811a38e5992cf4fa049480fed74c5364052979a5c5bb572ad1fd3bed1cf46
list index out of range
get 400 tx in 0000000000000000001f5b3cbd8787dc107b3d908ec1a4a11aecdf72ad11884a

get 200 tx in 00000000000000000021efa8928c241f8e6e759e492a6122d858c5a2561ed282

get 2200 tx in 000000000000000000270e28cab6246f4cce4cf2c8eacf0cdeef908b613e42b2

get 1800 tx in 00000000000000000025ad4b668c2c14cf2d30a8b2af92c366b1a43b346d29c4

get 1000 tx in 000000000000000000093b8557c28f607d943a6d2b1085eb2ac8b827c1995736

8f74ff7dfb3099e1825e49b35e6fc60a281f3101de8101270a06efa768205007
list index out of range
get 1400 tx in 00000000000000000018feb31516ebb880e06ac0b17e05661f9ea815698ac8a3

get 600 tx in 0000000000000000001f5b3cbd8787dc107b3d908ec1a4a11aecdf72ad11884a

1707cf5a4ad05d841284baeea5963499a0fd48e8976f567bed84f37eb7d2414b
list index out of range
get 400 tx in 00000000000000000021efa8928c241f8e6e759e492a6122d858c5a2561ed282

finish get block 569614  00000000000000000008c66b10a71e0c94ec53a076dbf3328cb938939d22d5c6

569583 2019-03-31 11:48:48
get 2400 tx in 000000000000000000270e28cab6246f4cce4cf2c8eacf0cdeef908b613e42b2

get 2000 tx in 00000000000000000025ad4b668c2c14cf2d30a8b2af92c366b1a43b346d29c4

get 1200 tx in 000000000000000000093b8557c28f607d943a6d2b1085eb2ac8b827c1995736

get 1600 tx in 00000000000000000018feb31516ebb880e06ac0b17e05661f9ea815698ac8a3

get 800 tx in 0000000000000000001f5b3cbd8787dc107b3d908ec1a4a11aecdf72ad11884a

get 600 tx in 00000000000000000021efa8928c241f8e6e759e492a6122d858c5a2561ed282

get 200 tx in 00000000000000000029cde384fb8c3317784a95c5a899c279cfccb2ff74fe82

get 2200 tx in 00000000000000000025ad4b668c2c14cf2d30a8b2af92c366b1a43b346d29c4

get 1400 tx in 000000000000000000093b8557c28f607d943a6d2b1085eb2ac8b827c1995736

get 1800 tx in 00000000000000000018feb31516ebb880e06ac0b17e05661f9ea815698ac8a3

get 1000 tx in 0000000000000000001f5b3cbd8787dc107b3d908ec1a4a11aecdf72ad11884a

get 800 tx in 00000000000000000021efa8928c241f8e6e759e492a6122d858c5a2561ed282

finish get block 569612  0000000000000000001dc15c1d6a9d10c6f0d9d24b2ec3a529e0605e390df31b

569582 2019-03-31 11:18:07
get 400 tx in 00000000000000000029cde384fb8c3317784a95c5a899c279cfccb2ff74fe82

get 2400 tx in 00000000000000000025ad4b668c2c14cf2d30a8b2af92c366b1a43b346d29c4

get 2000 tx in 00000000000000000018feb31516ebb880e06ac0b17e05661f9ea815698ac8a3

get 1600 tx in 000000000000000000093b8557c28f607d943a6d2b1085eb2ac8b827c1995736

get 1200 tx in 0000000000000000001f5b3cbd8787dc107b3d908ec1a4a11aecdf72ad11884a

get 1000 tx in 00000000000000000021efa8928c241f8e6e759e492a6122d858c5a2561ed282

get 600 tx in 00000000000000000029cde384fb8c3317784a95c5a899c279cfccb2ff74fe82

get 2200 tx in 00000000000000000018feb31516ebb880e06ac0b17e05661f9ea815698ac8a3

get 1800 tx in 000000000000000000093b8557c28f607d943a6d2b1085eb2ac8b827c1995736

get 1400 tx in 0000000000000000001f5b3cbd8787dc107b3d908ec1a4a11aecdf72ad11884a

finish get block 569611  0000000000000000000c0fa225535d1b480bdde410e03f714fafb233fee664f5

569581 2019-03-31 11:18:03
get 1200 tx in 00000000000000000021efa8928c241f8e6e759e492a6122d858c5a2561ed282

get 800 tx in 00000000000000000029cde384fb8c3317784a95c5a899c279cfccb2ff74fe82

143fd8099a02b5d6107610cb54c544d34b21cbeb9357c93af1d7f6d9d65c86c2
list index out of range
get 2400 tx in 00000000000000000018feb31516ebb880e06ac0b17e05661f9ea815698ac8a3

get 1600 tx in 0000000000000000001f5b3cbd8787dc107b3d908ec1a4a11aecdf72ad11884a

get 200 tx in 000000000000000000179838e91a5bd4507f5910b72bd8b000fff8057fb39122

get 1400 tx in 00000000000000000021efa8928c241f8e6e759e492a6122d858c5a2561ed282

get 1000 tx in 00000000000000000029cde384fb8c3317784a95c5a899c279cfccb2ff74fe82

finish get block 569610  0000000000000000001f3773f8e840759be91962826fdae26f2b93b658c8086b

569580 2019-03-31 11:12:14
get 2600 tx in 00000000000000000018feb31516ebb880e06ac0b17e05661f9ea815698ac8a3

get 1800 tx in 0000000000000000001f5b3cbd8787dc107b3d908ec1a4a11aecdf72ad11884a

get 400 tx in 000000000000000000179838e91a5bd4507f5910b72bd8b000fff8057fb39122

13efd1eeb544cbcc44a363a00251b1092cb0c7beea74438043afeede6b970e94
list index out of range
get 1600 tx in 00000000000000000021efa8928c241f8e6e759e492a6122d858c5a2561ed282

get 1200 tx in 00000000000000000029cde384fb8c3317784a95c5a899c279cfccb2ff74fe82

get 2800 tx in 00000000000000000018feb31516ebb880e06ac0b17e05661f9ea815698ac8a3

get 200 tx in 0000000000000000000dc9daea5fd53cc05925ba50c12e95fc53d972263b4672

get 2000 tx in 0000000000000000001f5b3cbd8787dc107b3d908ec1a4a11aecdf72ad11884a

get 600 tx in 000000000000000000179838e91a5bd4507f5910b72bd8b000fff8057fb39122

get 1800 tx in 00000000000000000021efa8928c241f8e6e759e492a6122d858c5a2561ed282

get 1400 tx in 00000000000000000029cde384fb8c3317784a95c5a899c279cfccb2ff74fe82

finish get block 569609  00000000000000000025e3e5295ff987b8f8f97f559229609c1481ffc5a34fe2

569579 2019-03-31 11:01:17
get 400 tx in 0000000000000000000dc9daea5fd53cc05925ba50c12e95fc53d972263b4672

get 2200 tx in 0000000000000000001f5b3cbd8787dc107b3d908ec1a4a11aecdf72ad11884a

get 800 tx in 000000000000000000179838e91a5bd4507f5910b72bd8b000fff8057fb39122

get 2000 tx in 00000000000000000021efa8928c241f8e6e759e492a6122d858c5a2561ed282

get 1600 tx in 00000000000000000029cde384fb8c3317784a95c5a899c279cfccb2ff74fe82

get 600 tx in 0000000000000000000dc9daea5fd53cc05925ba50c12e95fc53d972263b4672

get 200 tx in 00000000000000000019c24724359c2e7fdb61e7dc839715f299df5dc408c556

get 2400 tx in 0000000000000000001f5b3cbd8787dc107b3d908ec1a4a11aecdf72ad11884a

get 1000 tx in 000000000000000000179838e91a5bd4507f5910b72bd8b000fff8057fb39122

get 2200 tx in 00000000000000000021efa8928c241f8e6e759e492a6122d858c5a2561ed282

finish get block 569607  00000000000000000010c154b708c10b3a6bc9a9968625399b53421effc907eb

569578 2019-03-31 10:33:55
get 1800 tx in 00000000000000000029cde384fb8c3317784a95c5a899c279cfccb2ff74fe82

get 800 tx in 0000000000000000000dc9daea5fd53cc05925ba50c12e95fc53d972263b4672

get 400 tx in 00000000000000000019c24724359c2e7fdb61e7dc839715f299df5dc408c556

get 2600 tx in 0000000000000000001f5b3cbd8787dc107b3d908ec1a4a11aecdf72ad11884a

get 1200 tx in 000000000000000000179838e91a5bd4507f5910b72bd8b000fff8057fb39122

get 2400 tx in 00000000000000000021efa8928c241f8e6e759e492a6122d858c5a2561ed282

get 200 tx in 0000000000000000001dc8873da2b2226e68cfb08d73ca28cd0d69fece1bd427

get 2000 tx in 00000000000000000029cde384fb8c3317784a95c5a899c279cfccb2ff74fe82

get 1000 tx in 0000000000000000000dc9daea5fd53cc05925ba50c12e95fc53d972263b4672

get 600 tx in 00000000000000000019c24724359c2e7fdb61e7dc839715f299df5dc408c556

get 1400 tx in 000000000000000000179838e91a5bd4507f5910b72bd8b000fff8057fb39122

get 2600 tx in 00000000000000000021efa8928c241f8e6e759e492a6122d858c5a2561ed282

get 400 tx in 0000000000000000001dc8873da2b2226e68cfb08d73ca28cd0d69fece1bd427

get 2200 tx in 00000000000000000029cde384fb8c3317784a95c5a899c279cfccb2ff74fe82

get 1200 tx in 0000000000000000000dc9daea5fd53cc05925ba50c12e95fc53d972263b4672

get 800 tx in 00000000000000000019c24724359c2e7fdb61e7dc839715f299df5dc408c556

finish get block 569608  000000000000000000007ca890dcd54ab49bbb937660ec6eda9969f7edd8356c

569577 2019-03-31 10:33:23
1f925750232b9db6edf25d6b8256af9f51b420a6e9c705b7bf300661209063dc
list index out of range
get 1600 tx in 000000000000000000179838e91a5bd4507f5910b72bd8b000fff8057fb39122

get 2800 tx in 00000000000000000021efa8928c241f8e6e759e492a6122d858c5a2561ed282

get 600 tx in 0000000000000000001dc8873da2b2226e68cfb08d73ca28cd0d69fece1bd427

get 2400 tx in 00000000000000000029cde384fb8c3317784a95c5a899c279cfccb2ff74fe82

get 1400 tx in 0000000000000000000dc9daea5fd53cc05925ba50c12e95fc53d972263b4672

get 1000 tx in 00000000000000000019c24724359c2e7fdb61e7dc839715f299df5dc408c556

get 200 tx in 0000000000000000000fc2cdb00260b5e323a31fb48b29625ca7c4eb0faedcff

get 1800 tx in 000000000000000000179838e91a5bd4507f5910b72bd8b000fff8057fb39122

get 3000 tx in 00000000000000000021efa8928c241f8e6e759e492a6122d858c5a2561ed282

finish get block 569606  00000000000000000011b45d074e84219f158ea0456bf52129d1bdc124703990

569576 2019-03-31 09:49:59
get 800 tx in 0000000000000000001dc8873da2b2226e68cfb08d73ca28cd0d69fece1bd427

get 2600 tx in 00000000000000000029cde384fb8c3317784a95c5a899c279cfccb2ff74fe82

get 1600 tx in 0000000000000000000dc9daea5fd53cc05925ba50c12e95fc53d972263b4672

get 1200 tx in 00000000000000000019c24724359c2e7fdb61e7dc839715f299df5dc408c556

get 400 tx in 0000000000000000000fc2cdb00260b5e323a31fb48b29625ca7c4eb0faedcff

get 2000 tx in 000000000000000000179838e91a5bd4507f5910b72bd8b000fff8057fb39122

get 1000 tx in 0000000000000000001dc8873da2b2226e68cfb08d73ca28cd0d69fece1bd427

get 200 tx in 0000000000000000000f5cda4e8701f1fecf20d33f6eae23a8c347387e6c67d3

get 2800 tx in 00000000000000000029cde384fb8c3317784a95c5a899c279cfccb2ff74fe82

get 1800 tx in 0000000000000000000dc9daea5fd53cc05925ba50c12e95fc53d972263b4672

get 1400 tx in 00000000000000000019c24724359c2e7fdb61e7dc839715f299df5dc408c556

get 600 tx in 0000000000000000000fc2cdb00260b5e323a31fb48b29625ca7c4eb0faedcff

get 2200 tx in 000000000000000000179838e91a5bd4507f5910b72bd8b000fff8057fb39122

finish get block 569605  00000000000000000029a1e9977caaab392dff28ad7512a68540fa1cccd38b1d

569575 2019-03-31 09:48:11
get 1200 tx in 0000000000000000001dc8873da2b2226e68cfb08d73ca28cd0d69fece1bd427

get 400 tx in 0000000000000000000f5cda4e8701f1fecf20d33f6eae23a8c347387e6c67d3

get 3000 tx in 00000000000000000029cde384fb8c3317784a95c5a899c279cfccb2ff74fe82

get 2000 tx in 0000000000000000000dc9daea5fd53cc05925ba50c12e95fc53d972263b4672

get 1600 tx in 00000000000000000019c24724359c2e7fdb61e7dc839715f299df5dc408c556

get 800 tx in 0000000000000000000fc2cdb00260b5e323a31fb48b29625ca7c4eb0faedcff

get 2400 tx in 000000000000000000179838e91a5bd4507f5910b72bd8b000fff8057fb39122

get 1400 tx in 0000000000000000001dc8873da2b2226e68cfb08d73ca28cd0d69fece1bd427

get 200 tx in 000000000000000000051a11d022590524417005e9dea4405a49a3219d8bc15f

get 3200 tx in 00000000000000000029cde384fb8c3317784a95c5a899c279cfccb2ff74fe82

get 600 tx in 0000000000000000000f5cda4e8701f1fecf20d33f6eae23a8c347387e6c67d3

get 2200 tx in 0000000000000000000dc9daea5fd53cc05925ba50c12e95fc53d972263b4672

get 1800 tx in 00000000000000000019c24724359c2e7fdb61e7dc839715f299df5dc408c556

get 1000 tx in 0000000000000000000fc2cdb00260b5e323a31fb48b29625ca7c4eb0faedcff

get 2600 tx in 000000000000000000179838e91a5bd4507f5910b72bd8b000fff8057fb39122

finish get block 569604  00000000000000000014dc9b88d0f9cce6d2b362888eab532b3406c6631f1ab4

569574 2019-03-31 09:46:45
get 1600 tx in 0000000000000000001dc8873da2b2226e68cfb08d73ca28cd0d69fece1bd427

get 400 tx in 000000000000000000051a11d022590524417005e9dea4405a49a3219d8bc15f

get 800 tx in 0000000000000000000f5cda4e8701f1fecf20d33f6eae23a8c347387e6c67d3

get 2400 tx in 0000000000000000000dc9daea5fd53cc05925ba50c12e95fc53d972263b4672

get 2000 tx in 00000000000000000019c24724359c2e7fdb61e7dc839715f299df5dc408c556

get 1200 tx in 0000000000000000000fc2cdb00260b5e323a31fb48b29625ca7c4eb0faedcff

get 1800 tx in 0000000000000000001dc8873da2b2226e68cfb08d73ca28cd0d69fece1bd427

get 600 tx in 000000000000000000051a11d022590524417005e9dea4405a49a3219d8bc15f

get 200 tx in 0000000000000000001a694e7b792f78244f6033d84b1fa212fbe2946688614b

get 1000 tx in 0000000000000000000f5cda4e8701f1fecf20d33f6eae23a8c347387e6c67d3

get 2600 tx in 0000000000000000000dc9daea5fd53cc05925ba50c12e95fc53d972263b4672

get 2200 tx in 00000000000000000019c24724359c2e7fdb61e7dc839715f299df5dc408c556

dc2721c96d0d09c84b69117d5361b0f23a0c8b997d9e7d6bddea67fed83e0eca
list index out of range
get 1400 tx in 0000000000000000000fc2cdb00260b5e323a31fb48b29625ca7c4eb0faedcff

get 2000 tx in 0000000000000000001dc8873da2b2226e68cfb08d73ca28cd0d69fece1bd427

get 800 tx in 000000000000000000051a11d022590524417005e9dea4405a49a3219d8bc15f

get 400 tx in 0000000000000000001a694e7b792f78244f6033d84b1fa212fbe2946688614b

get 1200 tx in 0000000000000000000f5cda4e8701f1fecf20d33f6eae23a8c347387e6c67d3

get 2800 tx in 0000000000000000000dc9daea5fd53cc05925ba50c12e95fc53d972263b4672

get 2400 tx in 00000000000000000019c24724359c2e7fdb61e7dc839715f299df5dc408c556

finish get block 569603  00000000000000000017064d36d18086c66b265a822a51820829fac0e55eb699

569573 2019-03-31 09:42:39
get 1600 tx in 0000000000000000000fc2cdb00260b5e323a31fb48b29625ca7c4eb0faedcff

get 2200 tx in 0000000000000000001dc8873da2b2226e68cfb08d73ca28cd0d69fece1bd427

get 1000 tx in 000000000000000000051a11d022590524417005e9dea4405a49a3219d8bc15f

get 600 tx in 0000000000000000001a694e7b792f78244f6033d84b1fa212fbe2946688614b

get 1400 tx in 0000000000000000000f5cda4e8701f1fecf20d33f6eae23a8c347387e6c67d3

get 3000 tx in 0000000000000000000dc9daea5fd53cc05925ba50c12e95fc53d972263b4672

get 2600 tx in 00000000000000000019c24724359c2e7fdb61e7dc839715f299df5dc408c556

get 1800 tx in 0000000000000000000fc2cdb00260b5e323a31fb48b29625ca7c4eb0faedcff

get 200 tx in 0000000000000000000537a27e6a31c8d8cfbf9a84da35e12281606ba1497726

finish get block 569599  00000000000000000018108c685d80767d8ded2f6092057345ac226be94eaa0d

569572 2019-03-31 09:13:29
get 1200 tx in 000000000000000000051a11d022590524417005e9dea4405a49a3219d8bc15f

get 2400 tx in 0000000000000000001dc8873da2b2226e68cfb08d73ca28cd0d69fece1bd427

get 800 tx in 0000000000000000001a694e7b792f78244f6033d84b1fa212fbe2946688614b

get 1600 tx in 0000000000000000000f5cda4e8701f1fecf20d33f6eae23a8c347387e6c67d3

fa6b16300b1f2f53531a85fa15c7f26d58c94650eabd855de33820cf35951182
list index out of range
get 2000 tx in 0000000000000000000fc2cdb00260b5e323a31fb48b29625ca7c4eb0faedcff

get 2800 tx in 00000000000000000019c24724359c2e7fdb61e7dc839715f299df5dc408c556

get 400 tx in 0000000000000000000537a27e6a31c8d8cfbf9a84da35e12281606ba1497726

get 200 tx in 00000000000000000018cecbf43d786c60720dd4f562b792a34eab8f73141158

get 1400 tx in 000000000000000000051a11d022590524417005e9dea4405a49a3219d8bc15f

get 1000 tx in 0000000000000000001a694e7b792f78244f6033d84b1fa212fbe2946688614b

get 2600 tx in 0000000000000000001dc8873da2b2226e68cfb08d73ca28cd0d69fece1bd427

get 1800 tx in 0000000000000000000f5cda4e8701f1fecf20d33f6eae23a8c347387e6c67d3

finish get block 569601  00000000000000000027bfb96eb39937894f2c07c2e2e4348b8aaec7a4f36c0d

569571 2019-03-31 09:12:42
get 3000 tx in 00000000000000000019c24724359c2e7fdb61e7dc839715f299df5dc408c556

get 2200 tx in 0000000000000000000fc2cdb00260b5e323a31fb48b29625ca7c4eb0faedcff

get 600 tx in 0000000000000000000537a27e6a31c8d8cfbf9a84da35e12281606ba1497726

get 400 tx in 00000000000000000018cecbf43d786c60720dd4f562b792a34eab8f73141158

get 1600 tx in 000000000000000000051a11d022590524417005e9dea4405a49a3219d8bc15f

get 1200 tx in 0000000000000000001a694e7b792f78244f6033d84b1fa212fbe2946688614b

get 2800 tx in 0000000000000000001dc8873da2b2226e68cfb08d73ca28cd0d69fece1bd427

get 2000 tx in 0000000000000000000f5cda4e8701f1fecf20d33f6eae23a8c347387e6c67d3

get 200 tx in 000000000000000000153fd422401d110bb1d6c21560a2366033e4015426b078

get 2400 tx in 0000000000000000000fc2cdb00260b5e323a31fb48b29625ca7c4eb0faedcff

get 600 tx in 00000000000000000018cecbf43d786c60720dd4f562b792a34eab8f73141158

get 800 tx in 0000000000000000000537a27e6a31c8d8cfbf9a84da35e12281606ba1497726

get 1400 tx in 0000000000000000001a694e7b792f78244f6033d84b1fa212fbe2946688614b

get 1800 tx in 000000000000000000051a11d022590524417005e9dea4405a49a3219d8bc15f

get 3000 tx in 0000000000000000001dc8873da2b2226e68cfb08d73ca28cd0d69fece1bd427

get 2200 tx in 0000000000000000000f5cda4e8701f1fecf20d33f6eae23a8c347387e6c67d3

get 400 tx in 000000000000000000153fd422401d110bb1d6c21560a2366033e4015426b078

get 2600 tx in 0000000000000000000fc2cdb00260b5e323a31fb48b29625ca7c4eb0faedcff

get 800 tx in 00000000000000000018cecbf43d786c60720dd4f562b792a34eab8f73141158

get 1000 tx in 0000000000000000000537a27e6a31c8d8cfbf9a84da35e12281606ba1497726

finish get block 569602  0000000000000000000bfbef498416e6c6f832fbdc5d89847eabd4f004d957f7

569570 2019-03-31 09:03:03
get 2000 tx in 000000000000000000051a11d022590524417005e9dea4405a49a3219d8bc15f

get 1600 tx in 0000000000000000001a694e7b792f78244f6033d84b1fa212fbe2946688614b

get 2400 tx in 0000000000000000000f5cda4e8701f1fecf20d33f6eae23a8c347387e6c67d3

get 600 tx in 000000000000000000153fd422401d110bb1d6c21560a2366033e4015426b078

get 2800 tx in 0000000000000000000fc2cdb00260b5e323a31fb48b29625ca7c4eb0faedcff

get 1200 tx in 0000000000000000000537a27e6a31c8d8cfbf9a84da35e12281606ba1497726

get 1000 tx in 00000000000000000018cecbf43d786c60720dd4f562b792a34eab8f73141158

get 200 tx in 0000000000000000002600ede0c8832ce1986e268fd272ae18c57e3340664126

finish get block 569598  0000000000000000000a4d6edbb74add9e9df732b1dfb78406176c499a6d5932

569569 2019-03-31 08:59:44
get 1800 tx in 0000000000000000001a694e7b792f78244f6033d84b1fa212fbe2946688614b

get 2200 tx in 000000000000000000051a11d022590524417005e9dea4405a49a3219d8bc15f

get 3000 tx in 0000000000000000000fc2cdb00260b5e323a31fb48b29625ca7c4eb0faedcff

get 800 tx in 000000000000000000153fd422401d110bb1d6c21560a2366033e4015426b078

get 1200 tx in 00000000000000000018cecbf43d786c60720dd4f562b792a34eab8f73141158

get 1400 tx in 0000000000000000000537a27e6a31c8d8cfbf9a84da35e12281606ba1497726

get 400 tx in 0000000000000000002600ede0c8832ce1986e268fd272ae18c57e3340664126

get 200 tx in 00000000000000000016e7e022f2f1f61696ca91daee05b40d69e5050ee9a6f9

get 2400 tx in 000000000000000000051a11d022590524417005e9dea4405a49a3219d8bc15f

get 2000 tx in 0000000000000000001a694e7b792f78244f6033d84b1fa212fbe2946688614b

get 1000 tx in 000000000000000000153fd422401d110bb1d6c21560a2366033e4015426b078

get 1400 tx in 00000000000000000018cecbf43d786c60720dd4f562b792a34eab8f73141158

get 1600 tx in 0000000000000000000537a27e6a31c8d8cfbf9a84da35e12281606ba1497726

get 600 tx in 0000000000000000002600ede0c8832ce1986e268fd272ae18c57e3340664126

finish get block 569600  00000000000000000013408e14f91645be922f83f405550a1e4b063226131464

569568 2019-03-31 08:59:16
get 400 tx in 00000000000000000016e7e022f2f1f61696ca91daee05b40d69e5050ee9a6f9

get 2200 tx in 0000000000000000001a694e7b792f78244f6033d84b1fa212fbe2946688614b

get 1200 tx in 000000000000000000153fd422401d110bb1d6c21560a2366033e4015426b078

get 1600 tx in 00000000000000000018cecbf43d786c60720dd4f562b792a34eab8f73141158

get 1800 tx in 0000000000000000000537a27e6a31c8d8cfbf9a84da35e12281606ba1497726

get 800 tx in 0000000000000000002600ede0c8832ce1986e268fd272ae18c57e3340664126

finish get block 569594  0000000000000000001005271689d0bea183e6e1d8ffb1da45d434578a229273

569567 2019-03-31 08:45:21
get 600 tx in 00000000000000000016e7e022f2f1f61696ca91daee05b40d69e5050ee9a6f9

get 200 tx in 0000000000000000002b67fad6e52dc723ab579bdd7c420b6e022acf99aec6c0

get 2400 tx in 0000000000000000001a694e7b792f78244f6033d84b1fa212fbe2946688614b

get 1400 tx in 000000000000000000153fd422401d110bb1d6c21560a2366033e4015426b078

get 1800 tx in 00000000000000000018cecbf43d786c60720dd4f562b792a34eab8f73141158

get 2000 tx in 0000000000000000000537a27e6a31c8d8cfbf9a84da35e12281606ba1497726

get 1000 tx in 0000000000000000002600ede0c8832ce1986e268fd272ae18c57e3340664126

get 200 tx in 00000000000000000025db576e22e1a8ddefc0307ff24a7d2babc07dcef92f41

list index out of range 569566
get 800 tx in 00000000000000000016e7e022f2f1f61696ca91daee05b40d69e5050ee9a6f9

get 400 tx in 0000000000000000002b67fad6e52dc723ab579bdd7c420b6e022acf99aec6c0

get 2600 tx in 0000000000000000001a694e7b792f78244f6033d84b1fa212fbe2946688614b

get 1600 tx in 000000000000000000153fd422401d110bb1d6c21560a2366033e4015426b078

get 2000 tx in 00000000000000000018cecbf43d786c60720dd4f562b792a34eab8f73141158

get 2200 tx in 0000000000000000000537a27e6a31c8d8cfbf9a84da35e12281606ba1497726

get 1200 tx in 0000000000000000002600ede0c8832ce1986e268fd272ae18c57e3340664126

finish get block 569596  000000000000000000190cc8e97d2b0ac6b0de0fbc101e77f1f1cbeb4878f35c

569566 2019-03-31 08:23:10
get 400 tx in 00000000000000000025db576e22e1a8ddefc0307ff24a7d2babc07dcef92f41

get 1000 tx in 00000000000000000016e7e022f2f1f61696ca91daee05b40d69e5050ee9a6f9

get 600 tx in 0000000000000000002b67fad6e52dc723ab579bdd7c420b6e022acf99aec6c0

get 2800 tx in 0000000000000000001a694e7b792f78244f6033d84b1fa212fbe2946688614b

get 1800 tx in 000000000000000000153fd422401d110bb1d6c21560a2366033e4015426b078

get 2200 tx in 00000000000000000018cecbf43d786c60720dd4f562b792a34eab8f73141158

get 2400 tx in 0000000000000000000537a27e6a31c8d8cfbf9a84da35e12281606ba1497726

get 1400 tx in 0000000000000000002600ede0c8832ce1986e268fd272ae18c57e3340664126

get 200 tx in 0000000000000000000b5bc404fccea3f50846099e44d37cc18068a6ea76e014

get 600 tx in 00000000000000000025db576e22e1a8ddefc0307ff24a7d2babc07dcef92f41

get 1200 tx in 00000000000000000016e7e022f2f1f61696ca91daee05b40d69e5050ee9a6f9

get 800 tx in 0000000000000000002b67fad6e52dc723ab579bdd7c420b6e022acf99aec6c0

get 2000 tx in 000000000000000000153fd422401d110bb1d6c21560a2366033e4015426b078

get 2400 tx in 00000000000000000018cecbf43d786c60720dd4f562b792a34eab8f73141158

get 2600 tx in 0000000000000000000537a27e6a31c8d8cfbf9a84da35e12281606ba1497726

get 1600 tx in 0000000000000000002600ede0c8832ce1986e268fd272ae18c57e3340664126

finish get block 569597  00000000000000000020b4bbbd83c4d35c185f3594ae8f81b609ac564187c33d

569565 2019-03-31 08:09:09
get 400 tx in 0000000000000000000b5bc404fccea3f50846099e44d37cc18068a6ea76e014

get 800 tx in 00000000000000000025db576e22e1a8ddefc0307ff24a7d2babc07dcef92f41

get 1400 tx in 00000000000000000016e7e022f2f1f61696ca91daee05b40d69e5050ee9a6f9

get 1000 tx in 0000000000000000002b67fad6e52dc723ab579bdd7c420b6e022acf99aec6c0

'NoneType' object is not subscriptable None
get 2200 tx in 000000000000000000153fd422401d110bb1d6c21560a2366033e4015426b078

get 2600 tx in 00000000000000000018cecbf43d786c60720dd4f562b792a34eab8f73141158

get 2800 tx in 0000000000000000000537a27e6a31c8d8cfbf9a84da35e12281606ba1497726

get 1800 tx in 0000000000000000002600ede0c8832ce1986e268fd272ae18c57e3340664126

finish get block 569593  00000000000000000005e369419494e7d5c441790404179df080ddb6aa7f1697

get 600 tx in 0000000000000000000b5bc404fccea3f50846099e44d37cc18068a6ea76e014

569564 2019-03-31 07:38:13
get 200 tx in 0000000000000000001bcdc0eb22a7bba1717a808d4a0e7fa911f209ea35a0c4

get 1000 tx in 00000000000000000025db576e22e1a8ddefc0307ff24a7d2babc07dcef92f41

get 1600 tx in 00000000000000000016e7e022f2f1f61696ca91daee05b40d69e5050ee9a6f9

get 1200 tx in 0000000000000000002b67fad6e52dc723ab579bdd7c420b6e022acf99aec6c0

('Connection broken: IncompleteRead(0 bytes read)', IncompleteRead(0 bytes read))
'NoneType' object is not subscriptable None
get 2800 tx in 00000000000000000018cecbf43d786c60720dd4f562b792a34eab8f73141158

get 3000 tx in 0000000000000000000537a27e6a31c8d8cfbf9a84da35e12281606ba1497726

get 2000 tx in 0000000000000000002600ede0c8832ce1986e268fd272ae18c57e3340664126

get 800 tx in 0000000000000000000b5bc404fccea3f50846099e44d37cc18068a6ea76e014

get 200 tx in 000000000000000000223880afcb58aac126e52621b5a78db92c0e8cf74d95dd

get 400 tx in 0000000000000000001bcdc0eb22a7bba1717a808d4a0e7fa911f209ea35a0c4

get 1200 tx in 00000000000000000025db576e22e1a8ddefc0307ff24a7d2babc07dcef92f41

get 1800 tx in 00000000000000000016e7e022f2f1f61696ca91daee05b40d69e5050ee9a6f9

get 1400 tx in 0000000000000000002b67fad6e52dc723ab579bdd7c420b6e022acf99aec6c0

finish get block 569595  000000000000000000095e483286ccac24d28090f4db7363009318f0ea25eeb3

569563 2019-03-31 07:35:44
get 3200 tx in 0000000000000000000537a27e6a31c8d8cfbf9a84da35e12281606ba1497726

get 2200 tx in 0000000000000000002600ede0c8832ce1986e268fd272ae18c57e3340664126

get 1000 tx in 0000000000000000000b5bc404fccea3f50846099e44d37cc18068a6ea76e014

get 400 tx in 000000000000000000223880afcb58aac126e52621b5a78db92c0e8cf74d95dd

get 1400 tx in 00000000000000000025db576e22e1a8ddefc0307ff24a7d2babc07dcef92f41

get 600 tx in 0000000000000000001bcdc0eb22a7bba1717a808d4a0e7fa911f209ea35a0c4

get 1600 tx in 0000000000000000002b67fad6e52dc723ab579bdd7c420b6e022acf99aec6c0

get 2000 tx in 00000000000000000016e7e022f2f1f61696ca91daee05b40d69e5050ee9a6f9

get 200 tx in 0000000000000000002a40992569ad710909c5cdfc6a80cb8d4acfb7ce83b596

get 2400 tx in 0000000000000000002600ede0c8832ce1986e268fd272ae18c57e3340664126

get 600 tx in 000000000000000000223880afcb58aac126e52621b5a78db92c0e8cf74d95dd

get 1200 tx in 0000000000000000000b5bc404fccea3f50846099e44d37cc18068a6ea76e014

get 800 tx in 0000000000000000001bcdc0eb22a7bba1717a808d4a0e7fa911f209ea35a0c4

get 1600 tx in 00000000000000000025db576e22e1a8ddefc0307ff24a7d2babc07dcef92f41

finish get block 569592  0000000000000000000cdf0c84e87058ce7166c6142826463e4e04d7bec6f88b

569562 2019-03-31 07:24:57
get 1800 tx in 0000000000000000002b67fad6e52dc723ab579bdd7c420b6e022acf99aec6c0

get 2200 tx in 00000000000000000016e7e022f2f1f61696ca91daee05b40d69e5050ee9a6f9

get 400 tx in 0000000000000000002a40992569ad710909c5cdfc6a80cb8d4acfb7ce83b596

get 2600 tx in 0000000000000000002600ede0c8832ce1986e268fd272ae18c57e3340664126

get 800 tx in 000000000000000000223880afcb58aac126e52621b5a78db92c0e8cf74d95dd

get 1400 tx in 0000000000000000000b5bc404fccea3f50846099e44d37cc18068a6ea76e014

get 1000 tx in 0000000000000000001bcdc0eb22a7bba1717a808d4a0e7fa911f209ea35a0c4

get 1800 tx in 00000000000000000025db576e22e1a8ddefc0307ff24a7d2babc07dcef92f41

get 2000 tx in 0000000000000000002b67fad6e52dc723ab579bdd7c420b6e022acf99aec6c0

get 2400 tx in 00000000000000000016e7e022f2f1f61696ca91daee05b40d69e5050ee9a6f9

get 200 tx in 000000000000000000246f7f01c8096c9150ba0ab45477c27740c4068f19acc4

get 600 tx in 0000000000000000002a40992569ad710909c5cdfc6a80cb8d4acfb7ce83b596

get 2800 tx in 0000000000000000002600ede0c8832ce1986e268fd272ae18c57e3340664126

get 1600 tx in 0000000000000000000b5bc404fccea3f50846099e44d37cc18068a6ea76e014

get 1000 tx in 000000000000000000223880afcb58aac126e52621b5a78db92c0e8cf74d95dd

get 1200 tx in 0000000000000000001bcdc0eb22a7bba1717a808d4a0e7fa911f209ea35a0c4

finish get block 569591  0000000000000000000a3143e2a0c8c614a69f710ef6ab5980d70e4a5895b145

569561 2019-03-31 07:24:04
get 2000 tx in 00000000000000000025db576e22e1a8ddefc0307ff24a7d2babc07dcef92f41

get 2200 tx in 0000000000000000002b67fad6e52dc723ab579bdd7c420b6e022acf99aec6c0

get 2600 tx in 00000000000000000016e7e022f2f1f61696ca91daee05b40d69e5050ee9a6f9

get 400 tx in 000000000000000000246f7f01c8096c9150ba0ab45477c27740c4068f19acc4

get 800 tx in 0000000000000000002a40992569ad710909c5cdfc6a80cb8d4acfb7ce83b596

get 1800 tx in 0000000000000000000b5bc404fccea3f50846099e44d37cc18068a6ea76e014

get 1200 tx in 000000000000000000223880afcb58aac126e52621b5a78db92c0e8cf74d95dd

get 1400 tx in 0000000000000000001bcdc0eb22a7bba1717a808d4a0e7fa911f209ea35a0c4

get 2200 tx in 00000000000000000025db576e22e1a8ddefc0307ff24a7d2babc07dcef92f41

get 200 tx in 0000000000000000002be93ba79f8522064585f18388dc3f2c8b0d5340ce62b7

get 2400 tx in 0000000000000000002b67fad6e52dc723ab579bdd7c420b6e022acf99aec6c0

get 600 tx in 000000000000000000246f7f01c8096c9150ba0ab45477c27740c4068f19acc4

'NoneType' object is not subscriptable None
get 1000 tx in 0000000000000000002a40992569ad710909c5cdfc6a80cb8d4acfb7ce83b596

finish get block 569590  00000000000000000020f6dd48ff8dd5ce7e82843dd8e2b6005e3a293cb218bf

569560 2019-03-31 07:06:39
get 2000 tx in 0000000000000000000b5bc404fccea3f50846099e44d37cc18068a6ea76e014

get 1400 tx in 000000000000000000223880afcb58aac126e52621b5a78db92c0e8cf74d95dd

get 1600 tx in 0000000000000000001bcdc0eb22a7bba1717a808d4a0e7fa911f209ea35a0c4

get 2400 tx in 00000000000000000025db576e22e1a8ddefc0307ff24a7d2babc07dcef92f41

get 400 tx in 0000000000000000002be93ba79f8522064585f18388dc3f2c8b0d5340ce62b7

get 2600 tx in 0000000000000000002b67fad6e52dc723ab579bdd7c420b6e022acf99aec6c0

get 800 tx in 000000000000000000246f7f01c8096c9150ba0ab45477c27740c4068f19acc4

get 1200 tx in 0000000000000000002a40992569ad710909c5cdfc6a80cb8d4acfb7ce83b596

get 2200 tx in 0000000000000000000b5bc404fccea3f50846099e44d37cc18068a6ea76e014

get 200 tx in 0000000000000000002a242f88afa7f58fcad9a983053e0aad36aaed2e02e597

get 1600 tx in 000000000000000000223880afcb58aac126e52621b5a78db92c0e8cf74d95dd

get 1800 tx in 0000000000000000001bcdc0eb22a7bba1717a808d4a0e7fa911f209ea35a0c4

get 2600 tx in 00000000000000000025db576e22e1a8ddefc0307ff24a7d2babc07dcef92f41

get 600 tx in 0000000000000000002be93ba79f8522064585f18388dc3f2c8b0d5340ce62b7

get 2800 tx in 0000000000000000002b67fad6e52dc723ab579bdd7c420b6e022acf99aec6c0

get 1000 tx in 000000000000000000246f7f01c8096c9150ba0ab45477c27740c4068f19acc4

finish get block 569589  000000000000000000270e28cab6246f4cce4cf2c8eacf0cdeef908b613e42b2
finish get block 569582  0000000000000000001f59b05c89cea88725dc5fb2cdc107afdc28cc37783852


569559 2019-03-31 06:51:41
569558 2019-03-31 06:43:08
get 1400 tx in 0000000000000000002a40992569ad710909c5cdfc6a80cb8d4acfb7ce83b596

get 2400 tx in 0000000000000000000b5bc404fccea3f50846099e44d37cc18068a6ea76e014

get 1800 tx in 000000000000000000223880afcb58aac126e52621b5a78db92c0e8cf74d95dd

get 400 tx in 0000000000000000002a242f88afa7f58fcad9a983053e0aad36aaed2e02e597

get 2000 tx in 0000000000000000001bcdc0eb22a7bba1717a808d4a0e7fa911f209ea35a0c4

get 2800 tx in 00000000000000000025db576e22e1a8ddefc0307ff24a7d2babc07dcef92f41

get 800 tx in 0000000000000000002be93ba79f8522064585f18388dc3f2c8b0d5340ce62b7

get 3000 tx in 0000000000000000002b67fad6e52dc723ab579bdd7c420b6e022acf99aec6c0

get 1200 tx in 000000000000000000246f7f01c8096c9150ba0ab45477c27740c4068f19acc4

'NoneType' object is not subscriptable None
'NoneType' object is not subscriptable None
get 200 tx in 0000000000000000002461076daf673c7ca0ae86aaa56656f280982ab00c402d

get 200 tx in 00000000000000000003c04c6528ef97af2cd84efe0acfaa2f21c3bbc07cf076

get 1600 tx in 0000000000000000002a40992569ad710909c5cdfc6a80cb8d4acfb7ce83b596

get 2000 tx in 000000000000000000223880afcb58aac126e52621b5a78db92c0e8cf74d95dd

finish get block 569588  00000000000000000025ad4b668c2c14cf2d30a8b2af92c366b1a43b346d29c4

569557 2019-03-31 06:16:18
get 600 tx in 0000000000000000002a242f88afa7f58fcad9a983053e0aad36aaed2e02e597

get 2600 tx in 0000000000000000000b5bc404fccea3f50846099e44d37cc18068a6ea76e014

get 2200 tx in 0000000000000000001bcdc0eb22a7bba1717a808d4a0e7fa911f209ea35a0c4

get 1000 tx in 0000000000000000002be93ba79f8522064585f18388dc3f2c8b0d5340ce62b7

get 1400 tx in 000000000000000000246f7f01c8096c9150ba0ab45477c27740c4068f19acc4

get 400 tx in 0000000000000000002461076daf673c7ca0ae86aaa56656f280982ab00c402d

get 400 tx in 00000000000000000003c04c6528ef97af2cd84efe0acfaa2f21c3bbc07cf076

get 1800 tx in 0000000000000000002a40992569ad710909c5cdfc6a80cb8d4acfb7ce83b596

get 2200 tx in 000000000000000000223880afcb58aac126e52621b5a78db92c0e8cf74d95dd

get 2800 tx in 0000000000000000000b5bc404fccea3f50846099e44d37cc18068a6ea76e014

get 800 tx in 0000000000000000002a242f88afa7f58fcad9a983053e0aad36aaed2e02e597

list index out of range 569556
get 200 tx in 00000000000000000014928e4845835d87acebe4930933506824982a30b63f10

get 2400 tx in 0000000000000000001bcdc0eb22a7bba1717a808d4a0e7fa911f209ea35a0c4

finish get block 569586  000000000000000000093b8557c28f607d943a6d2b1085eb2ac8b827c1995736

569556 2019-03-31 06:11:02
get 1200 tx in 0000000000000000002be93ba79f8522064585f18388dc3f2c8b0d5340ce62b7

get 1600 tx in 000000000000000000246f7f01c8096c9150ba0ab45477c27740c4068f19acc4

get 600 tx in 00000000000000000003c04c6528ef97af2cd84efe0acfaa2f21c3bbc07cf076

get 600 tx in 0000000000000000002461076daf673c7ca0ae86aaa56656f280982ab00c402d

get 2000 tx in 0000000000000000002a40992569ad710909c5cdfc6a80cb8d4acfb7ce83b596

27899b1552076f3dc4570b9ce95d3017ea674236c5843428b4780b597920033a
list index out of range
48e2790f12dccc8ad62bd9122d4beb7128d46c7c204ee9b30d708901b4df9434
list index out of range
get 2400 tx in 000000000000000000223880afcb58aac126e52621b5a78db92c0e8cf74d95dd

get 3000 tx in 0000000000000000000b5bc404fccea3f50846099e44d37cc18068a6ea76e014

get 1000 tx in 0000000000000000002a242f88afa7f58fcad9a983053e0aad36aaed2e02e597

get 400 tx in 00000000000000000014928e4845835d87acebe4930933506824982a30b63f10

get 2600 tx in 0000000000000000001bcdc0eb22a7bba1717a808d4a0e7fa911f209ea35a0c4

get 200 tx in 00000000000000000006acd60afacb11b56aa285ab3a43db727fb4b0cce55bd7

get 1400 tx in 0000000000000000002be93ba79f8522064585f18388dc3f2c8b0d5340ce62b7

get 1800 tx in 000000000000000000246f7f01c8096c9150ba0ab45477c27740c4068f19acc4

get 800 tx in 0000000000000000002461076daf673c7ca0ae86aaa56656f280982ab00c402d

get 800 tx in 00000000000000000003c04c6528ef97af2cd84efe0acfaa2f21c3bbc07cf076

get 2200 tx in 0000000000000000002a40992569ad710909c5cdfc6a80cb8d4acfb7ce83b596

finish get block 569587  00000000000000000018feb31516ebb880e06ac0b17e05661f9ea815698ac8a3

569555 2019-03-31 05:55:06
get 1200 tx in 0000000000000000002a242f88afa7f58fcad9a983053e0aad36aaed2e02e597

get 600 tx in 00000000000000000014928e4845835d87acebe4930933506824982a30b63f10

get 2800 tx in 0000000000000000001bcdc0eb22a7bba1717a808d4a0e7fa911f209ea35a0c4

get 400 tx in 00000000000000000006acd60afacb11b56aa285ab3a43db727fb4b0cce55bd7

get 1600 tx in 0000000000000000002be93ba79f8522064585f18388dc3f2c8b0d5340ce62b7

get 2000 tx in 000000000000000000246f7f01c8096c9150ba0ab45477c27740c4068f19acc4

get 1000 tx in 0000000000000000002461076daf673c7ca0ae86aaa56656f280982ab00c402d

get 1000 tx in 00000000000000000003c04c6528ef97af2cd84efe0acfaa2f21c3bbc07cf076

get 2400 tx in 0000000000000000002a40992569ad710909c5cdfc6a80cb8d4acfb7ce83b596

get 200 tx in 0000000000000000000b1618359ce61f803d9018ad03c67e09e6c16298d8cb89

get 1400 tx in 0000000000000000002a242f88afa7f58fcad9a983053e0aad36aaed2e02e597

get 800 tx in 00000000000000000014928e4845835d87acebe4930933506824982a30b63f10

get 3000 tx in 0000000000000000001bcdc0eb22a7bba1717a808d4a0e7fa911f209ea35a0c4

get 600 tx in 00000000000000000006acd60afacb11b56aa285ab3a43db727fb4b0cce55bd7

get 1800 tx in 0000000000000000002be93ba79f8522064585f18388dc3f2c8b0d5340ce62b7

get 2200 tx in 000000000000000000246f7f01c8096c9150ba0ab45477c27740c4068f19acc4

finish get block 569585  0000000000000000001f5b3cbd8787dc107b3d908ec1a4a11aecdf72ad11884a

569554 2019-03-31 05:45:38
get 1200 tx in 0000000000000000002461076daf673c7ca0ae86aaa56656f280982ab00c402d

get 1200 tx in 00000000000000000003c04c6528ef97af2cd84efe0acfaa2f21c3bbc07cf076

a7e61bdb82c32e7bd6f6ee175398f8f2ad522bcfc67b8edfd4f94e6ffef9adae
list index out of range
get 400 tx in 0000000000000000000b1618359ce61f803d9018ad03c67e09e6c16298d8cb89

get 1600 tx in 0000000000000000002a242f88afa7f58fcad9a983053e0aad36aaed2e02e597

get 1000 tx in 00000000000000000014928e4845835d87acebe4930933506824982a30b63f10

('Connection broken: IncompleteRead(0 bytes read)', IncompleteRead(0 bytes read)) 569553
get 800 tx in 00000000000000000006acd60afacb11b56aa285ab3a43db727fb4b0cce55bd7

get 2000 tx in 0000000000000000002be93ba79f8522064585f18388dc3f2c8b0d5340ce62b7

get 2400 tx in 000000000000000000246f7f01c8096c9150ba0ab45477c27740c4068f19acc4

get 200 tx in 0000000000000000001f37740431c92e5af3dcf2e5a2ae4b7d928fccd1c6ca5f

get 1400 tx in 0000000000000000002461076daf673c7ca0ae86aaa56656f280982ab00c402d

3e1e29e6c38f014e1b42c431ca61d9fa6635e3da266b0e0792c47c28ab598b5b
list index out of range
153b3831ae827233a555e1e28f1281e4ce7cc713082374174bbd7b6a76a4c764
list index out of range
get 1400 tx in 00000000000000000003c04c6528ef97af2cd84efe0acfaa2f21c3bbc07cf076

get 600 tx in 0000000000000000000b1618359ce61f803d9018ad03c67e09e6c16298d8cb89

get 1800 tx in 0000000000000000002a242f88afa7f58fcad9a983053e0aad36aaed2e02e597

get 1200 tx in 00000000000000000014928e4845835d87acebe4930933506824982a30b63f10

get 1000 tx in 00000000000000000006acd60afacb11b56aa285ab3a43db727fb4b0cce55bd7

get 2200 tx in 0000000000000000002be93ba79f8522064585f18388dc3f2c8b0d5340ce62b7

get 2600 tx in 000000000000000000246f7f01c8096c9150ba0ab45477c27740c4068f19acc4

finish get block 569584  00000000000000000021efa8928c241f8e6e759e492a6122d858c5a2561ed282

569553 2019-03-31 05:38:33
2e4c1448c92200290b6c34bbb35fd50c828a4cf6fc001c65e95e6be3f7097fe5
list index out of range
get 400 tx in 0000000000000000001f37740431c92e5af3dcf2e5a2ae4b7d928fccd1c6ca5f

get 1600 tx in 0000000000000000002461076daf673c7ca0ae86aaa56656f280982ab00c402d

get 1600 tx in 00000000000000000003c04c6528ef97af2cd84efe0acfaa2f21c3bbc07cf076

get 800 tx in 0000000000000000000b1618359ce61f803d9018ad03c67e09e6c16298d8cb89

get 2000 tx in 0000000000000000002a242f88afa7f58fcad9a983053e0aad36aaed2e02e597

'NoneType' object is not subscriptable None
get 1400 tx in 00000000000000000014928e4845835d87acebe4930933506824982a30b63f10

'NoneType' object is not subscriptable None
get 1200 tx in 00000000000000000006acd60afacb11b56aa285ab3a43db727fb4b0cce55bd7

get 2400 tx in 0000000000000000002be93ba79f8522064585f18388dc3f2c8b0d5340ce62b7

get 2800 tx in 000000000000000000246f7f01c8096c9150ba0ab45477c27740c4068f19acc4

get 200 tx in 00000000000000000017d615c5b9503d3d6de2e6d0f48af30ee24ac2678c81b2

get 600 tx in 0000000000000000001f37740431c92e5af3dcf2e5a2ae4b7d928fccd1c6ca5f

get 1800 tx in 0000000000000000002461076daf673c7ca0ae86aaa56656f280982ab00c402d

get 1800 tx in 00000000000000000003c04c6528ef97af2cd84efe0acfaa2f21c3bbc07cf076

'NoneType' object is not subscriptable None
get 1000 tx in 0000000000000000000b1618359ce61f803d9018ad03c67e09e6c16298d8cb89

get 2200 tx in 0000000000000000002a242f88afa7f58fcad9a983053e0aad36aaed2e02e597

get 1600 tx in 00000000000000000014928e4845835d87acebe4930933506824982a30b63f10

get 1400 tx in 00000000000000000006acd60afacb11b56aa285ab3a43db727fb4b0cce55bd7

get 2600 tx in 0000000000000000002be93ba79f8522064585f18388dc3f2c8b0d5340ce62b7

get 3000 tx in 000000000000000000246f7f01c8096c9150ba0ab45477c27740c4068f19acc4

finish get block 569583  00000000000000000029cde384fb8c3317784a95c5a899c279cfccb2ff74fe82

569552 2019-03-31 05:35:42
get 400 tx in 00000000000000000017d615c5b9503d3d6de2e6d0f48af30ee24ac2678c81b2

get 800 tx in 0000000000000000001f37740431c92e5af3dcf2e5a2ae4b7d928fccd1c6ca5f

get 2000 tx in 0000000000000000002461076daf673c7ca0ae86aaa56656f280982ab00c402d

get 2000 tx in 00000000000000000003c04c6528ef97af2cd84efe0acfaa2f21c3bbc07cf076

get 1200 tx in 0000000000000000000b1618359ce61f803d9018ad03c67e09e6c16298d8cb89

get 2400 tx in 0000000000000000002a242f88afa7f58fcad9a983053e0aad36aaed2e02e597

get 1800 tx in 00000000000000000014928e4845835d87acebe4930933506824982a30b63f10

get 1600 tx in 00000000000000000006acd60afacb11b56aa285ab3a43db727fb4b0cce55bd7

get 2800 tx in 0000000000000000002be93ba79f8522064585f18388dc3f2c8b0d5340ce62b7

get 3200 tx in 000000000000000000246f7f01c8096c9150ba0ab45477c27740c4068f19acc4

get 600 tx in 00000000000000000017d615c5b9503d3d6de2e6d0f48af30ee24ac2678c81b2

get 200 tx in 0000000000000000001c9adf81afae96a81dfe176b78255d13f7a8c11cf7bc84

get 1000 tx in 0000000000000000001f37740431c92e5af3dcf2e5a2ae4b7d928fccd1c6ca5f

get 2200 tx in 0000000000000000002461076daf673c7ca0ae86aaa56656f280982ab00c402d

get 2200 tx in 00000000000000000003c04c6528ef97af2cd84efe0acfaa2f21c3bbc07cf076

get 1400 tx in 0000000000000000000b1618359ce61f803d9018ad03c67e09e6c16298d8cb89

get 2600 tx in 0000000000000000002a242f88afa7f58fcad9a983053e0aad36aaed2e02e597

061e6c6e6e5237aec429c409ecdad22a2921df0f26a7f390edf00efa97aa78dd
list index out of range
finish get block 569581  000000000000000000179838e91a5bd4507f5910b72bd8b000fff8057fb39122

569551 2019-03-31 05:17:53
get 2000 tx in 00000000000000000014928e4845835d87acebe4930933506824982a30b63f10

get 3000 tx in 0000000000000000002be93ba79f8522064585f18388dc3f2c8b0d5340ce62b7

get 800 tx in 00000000000000000017d615c5b9503d3d6de2e6d0f48af30ee24ac2678c81b2

get 2400 tx in 0000000000000000002461076daf673c7ca0ae86aaa56656f280982ab00c402d

get 1200 tx in 0000000000000000001f37740431c92e5af3dcf2e5a2ae4b7d928fccd1c6ca5f

get 400 tx in 0000000000000000001c9adf81afae96a81dfe176b78255d13f7a8c11cf7bc84

get 2400 tx in 00000000000000000003c04c6528ef97af2cd84efe0acfaa2f21c3bbc07cf076

get 1600 tx in 0000000000000000000b1618359ce61f803d9018ad03c67e09e6c16298d8cb89

9f95edbcf87b1eccd6d686b95bdfb7c9c498ced324a7714fc0abf3a4538d6c49
list index out of range
get 2800 tx in 0000000000000000002a242f88afa7f58fcad9a983053e0aad36aaed2e02e597

get 2200 tx in 00000000000000000014928e4845835d87acebe4930933506824982a30b63f10

get 200 tx in 00000000000000000019395660e280215dba7d126a17447291d9d4a827a0a741

6c94bad32da78dc29bd66cb4e8e77d95975a51a71b92a1ac641e1f084c37cd60
list index out of range
get 1000 tx in 00000000000000000017d615c5b9503d3d6de2e6d0f48af30ee24ac2678c81b2

get 2600 tx in 0000000000000000002461076daf673c7ca0ae86aaa56656f280982ab00c402d

get 1400 tx in 0000000000000000001f37740431c92e5af3dcf2e5a2ae4b7d928fccd1c6ca5f

get 600 tx in 0000000000000000001c9adf81afae96a81dfe176b78255d13f7a8c11cf7bc84

'NoneType' object is not subscriptable None
get 1800 tx in 0000000000000000000b1618359ce61f803d9018ad03c67e09e6c16298d8cb89

get 3000 tx in 0000000000000000002a242f88afa7f58fcad9a983053e0aad36aaed2e02e597

finish get block 569580  0000000000000000000dc9daea5fd53cc05925ba50c12e95fc53d972263b4672

569550 2019-03-31 05:15:38
get 2400 tx in 00000000000000000014928e4845835d87acebe4930933506824982a30b63f10

get 400 tx in 00000000000000000019395660e280215dba7d126a17447291d9d4a827a0a741

get 1200 tx in 00000000000000000017d615c5b9503d3d6de2e6d0f48af30ee24ac2678c81b2

get 1600 tx in 0000000000000000001f37740431c92e5af3dcf2e5a2ae4b7d928fccd1c6ca5f

get 2800 tx in 0000000000000000002461076daf673c7ca0ae86aaa56656f280982ab00c402d

get 800 tx in 0000000000000000001c9adf81afae96a81dfe176b78255d13f7a8c11cf7bc84

get 2000 tx in 0000000000000000000b1618359ce61f803d9018ad03c67e09e6c16298d8cb89

get 2600 tx in 00000000000000000014928e4845835d87acebe4930933506824982a30b63f10

get 200 tx in 00000000000000000027d01123453692c41ee49aeda0d43693abea549f0cef8e

get 600 tx in 00000000000000000019395660e280215dba7d126a17447291d9d4a827a0a741

get 1400 tx in 00000000000000000017d615c5b9503d3d6de2e6d0f48af30ee24ac2678c81b2

get 3000 tx in 0000000000000000002461076daf673c7ca0ae86aaa56656f280982ab00c402d

get 1800 tx in 0000000000000000001f37740431c92e5af3dcf2e5a2ae4b7d928fccd1c6ca5f

get 1000 tx in 0000000000000000001c9adf81afae96a81dfe176b78255d13f7a8c11cf7bc84

get 2200 tx in 0000000000000000000b1618359ce61f803d9018ad03c67e09e6c16298d8cb89

finish get block 569579  00000000000000000019c24724359c2e7fdb61e7dc839715f299df5dc408c556

569549 2019-03-31 05:12:17
get 2800 tx in 00000000000000000014928e4845835d87acebe4930933506824982a30b63f10

get 800 tx in 00000000000000000019395660e280215dba7d126a17447291d9d4a827a0a741

get 400 tx in 00000000000000000027d01123453692c41ee49aeda0d43693abea549f0cef8e

get 1600 tx in 00000000000000000017d615c5b9503d3d6de2e6d0f48af30ee24ac2678c81b2

get 2000 tx in 0000000000000000001f37740431c92e5af3dcf2e5a2ae4b7d928fccd1c6ca5f

get 1200 tx in 0000000000000000001c9adf81afae96a81dfe176b78255d13f7a8c11cf7bc84

get 200 tx in 0000000000000000001a5126fda86faa531c461fb171e7c4cecc45d8b0d41e2d

get 1000 tx in 00000000000000000019395660e280215dba7d126a17447291d9d4a827a0a741

get 600 tx in 00000000000000000027d01123453692c41ee49aeda0d43693abea549f0cef8e

get 1800 tx in 00000000000000000017d615c5b9503d3d6de2e6d0f48af30ee24ac2678c81b2

get 2200 tx in 0000000000000000001f37740431c92e5af3dcf2e5a2ae4b7d928fccd1c6ca5f

get 1400 tx in 0000000000000000001c9adf81afae96a81dfe176b78255d13f7a8c11cf7bc84

'NoneType' object is not subscriptable None
get 400 tx in 0000000000000000001a5126fda86faa531c461fb171e7c4cecc45d8b0d41e2d

get 1200 tx in 00000000000000000019395660e280215dba7d126a17447291d9d4a827a0a741

get 800 tx in 00000000000000000027d01123453692c41ee49aeda0d43693abea549f0cef8e

finish get block 569578  0000000000000000001dc8873da2b2226e68cfb08d73ca28cd0d69fece1bd427

569548 2019-03-31 05:03:37
get 2000 tx in 00000000000000000017d615c5b9503d3d6de2e6d0f48af30ee24ac2678c81b2

get 2400 tx in 0000000000000000001f37740431c92e5af3dcf2e5a2ae4b7d928fccd1c6ca5f

get 1600 tx in 0000000000000000001c9adf81afae96a81dfe176b78255d13f7a8c11cf7bc84

get 600 tx in 0000000000000000001a5126fda86faa531c461fb171e7c4cecc45d8b0d41e2d

get 1000 tx in 00000000000000000027d01123453692c41ee49aeda0d43693abea549f0cef8e

get 200 tx in 00000000000000000029400918184e78459eaf2f5c8784b7592642d1066de20b

get 2200 tx in 00000000000000000017d615c5b9503d3d6de2e6d0f48af30ee24ac2678c81b2

get 2600 tx in 0000000000000000001f37740431c92e5af3dcf2e5a2ae4b7d928fccd1c6ca5f

get 1800 tx in 0000000000000000001c9adf81afae96a81dfe176b78255d13f7a8c11cf7bc84

d71fb38442c02fbc9ad5114944497bdddf4a61df608d7be806e0ec1ed40e8f36
list index out of range
finish get block 569576  0000000000000000000f5cda4e8701f1fecf20d33f6eae23a8c347387e6c67d3

569547 2019-03-31 04:54:17
get 800 tx in 0000000000000000001a5126fda86faa531c461fb171e7c4cecc45d8b0d41e2d

get 1200 tx in 00000000000000000027d01123453692c41ee49aeda0d43693abea549f0cef8e

get 400 tx in 00000000000000000029400918184e78459eaf2f5c8784b7592642d1066de20b

get 2400 tx in 00000000000000000017d615c5b9503d3d6de2e6d0f48af30ee24ac2678c81b2

get 2800 tx in 0000000000000000001f37740431c92e5af3dcf2e5a2ae4b7d928fccd1c6ca5f

get 2000 tx in 0000000000000000001c9adf81afae96a81dfe176b78255d13f7a8c11cf7bc84

get 1000 tx in 0000000000000000001a5126fda86faa531c461fb171e7c4cecc45d8b0d41e2d

get 200 tx in 00000000000000000003c276b944bbb2314d92c4f6d644195121a93087d0e9a2

get 1400 tx in 00000000000000000027d01123453692c41ee49aeda0d43693abea549f0cef8e

get 600 tx in 00000000000000000029400918184e78459eaf2f5c8784b7592642d1066de20b

get 2600 tx in 00000000000000000017d615c5b9503d3d6de2e6d0f48af30ee24ac2678c81b2

get 3000 tx in 0000000000000000001f37740431c92e5af3dcf2e5a2ae4b7d928fccd1c6ca5f

get 2200 tx in 0000000000000000001c9adf81afae96a81dfe176b78255d13f7a8c11cf7bc84

get 1200 tx in 0000000000000000001a5126fda86faa531c461fb171e7c4cecc45d8b0d41e2d

get 400 tx in 00000000000000000003c276b944bbb2314d92c4f6d644195121a93087d0e9a2

get 1600 tx in 00000000000000000027d01123453692c41ee49aeda0d43693abea549f0cef8e

finish get block 569577  0000000000000000000fc2cdb00260b5e323a31fb48b29625ca7c4eb0faedcff

569546 2019-03-31 04:39:10
get 800 tx in 00000000000000000029400918184e78459eaf2f5c8784b7592642d1066de20b

get 2800 tx in 00000000000000000017d615c5b9503d3d6de2e6d0f48af30ee24ac2678c81b2

get 2400 tx in 0000000000000000001c9adf81afae96a81dfe176b78255d13f7a8c11cf7bc84

get 1400 tx in 0000000000000000001a5126fda86faa531c461fb171e7c4cecc45d8b0d41e2d

get 600 tx in 00000000000000000003c276b944bbb2314d92c4f6d644195121a93087d0e9a2

get 1800 tx in 00000000000000000027d01123453692c41ee49aeda0d43693abea549f0cef8e

get 1000 tx in 00000000000000000029400918184e78459eaf2f5c8784b7592642d1066de20b

get 200 tx in 000000000000000000029c7df81dde6320efa8e2239631ed133ac9f242fa3444

get 3000 tx in 00000000000000000017d615c5b9503d3d6de2e6d0f48af30ee24ac2678c81b2

get 2600 tx in 0000000000000000001c9adf81afae96a81dfe176b78255d13f7a8c11cf7bc84

finish get block 569575  000000000000000000051a11d022590524417005e9dea4405a49a3219d8bc15f

569545 2019-03-31 04:37:39
get 1600 tx in 0000000000000000001a5126fda86faa531c461fb171e7c4cecc45d8b0d41e2d

get 800 tx in 00000000000000000003c276b944bbb2314d92c4f6d644195121a93087d0e9a2

get 2000 tx in 00000000000000000027d01123453692c41ee49aeda0d43693abea549f0cef8e

get 1200 tx in 00000000000000000029400918184e78459eaf2f5c8784b7592642d1066de20b

get 400 tx in 000000000000000000029c7df81dde6320efa8e2239631ed133ac9f242fa3444

get 200 tx in 000000000000000000195b5217d9ca5cc43fa7e0dd8777344e8ed28b08bf5020

get 1800 tx in 0000000000000000001a5126fda86faa531c461fb171e7c4cecc45d8b0d41e2d

get 1000 tx in 00000000000000000003c276b944bbb2314d92c4f6d644195121a93087d0e9a2

get 2200 tx in 00000000000000000027d01123453692c41ee49aeda0d43693abea549f0cef8e

get 1400 tx in 00000000000000000029400918184e78459eaf2f5c8784b7592642d1066de20b

get 600 tx in 000000000000000000029c7df81dde6320efa8e2239631ed133ac9f242fa3444

('Connection broken: IncompleteRead(0 bytes read)', IncompleteRead(0 bytes read))
get 400 tx in 000000000000000000195b5217d9ca5cc43fa7e0dd8777344e8ed28b08bf5020

get 1200 tx in 00000000000000000003c276b944bbb2314d92c4f6d644195121a93087d0e9a2

get 2000 tx in 0000000000000000001a5126fda86faa531c461fb171e7c4cecc45d8b0d41e2d

finish get block 569574  0000000000000000001a694e7b792f78244f6033d84b1fa212fbe2946688614b

569544 2019-03-31 04:34:12
get 2400 tx in 00000000000000000027d01123453692c41ee49aeda0d43693abea549f0cef8e

get 1600 tx in 00000000000000000029400918184e78459eaf2f5c8784b7592642d1066de20b

get 800 tx in 000000000000000000029c7df81dde6320efa8e2239631ed133ac9f242fa3444

get 600 tx in 000000000000000000195b5217d9ca5cc43fa7e0dd8777344e8ed28b08bf5020

get 1400 tx in 00000000000000000003c276b944bbb2314d92c4f6d644195121a93087d0e9a2

get 2200 tx in 0000000000000000001a5126fda86faa531c461fb171e7c4cecc45d8b0d41e2d

get 200 tx in 00000000000000000012ad29f39b874bf58e8fefa9ba64df6bc80a7235d9b7bb

get 1800 tx in 00000000000000000029400918184e78459eaf2f5c8784b7592642d1066de20b

get 1000 tx in 000000000000000000029c7df81dde6320efa8e2239631ed133ac9f242fa3444

finish get block 569571  000000000000000000153fd422401d110bb1d6c21560a2366033e4015426b078

569543 2019-03-31 04:28:29
get 800 tx in 000000000000000000195b5217d9ca5cc43fa7e0dd8777344e8ed28b08bf5020

get 2400 tx in 0000000000000000001a5126fda86faa531c461fb171e7c4cecc45d8b0d41e2d

get 1600 tx in 00000000000000000003c276b944bbb2314d92c4f6d644195121a93087d0e9a2

get 400 tx in 00000000000000000012ad29f39b874bf58e8fefa9ba64df6bc80a7235d9b7bb

get 2000 tx in 00000000000000000029400918184e78459eaf2f5c8784b7592642d1066de20b

get 1200 tx in 000000000000000000029c7df81dde6320efa8e2239631ed133ac9f242fa3444

get 200 tx in 0000000000000000001aeb5b84261be822dc3645289e42ec350cb61069af9193

get 1000 tx in 000000000000000000195b5217d9ca5cc43fa7e0dd8777344e8ed28b08bf5020

get 2600 tx in 0000000000000000001a5126fda86faa531c461fb171e7c4cecc45d8b0d41e2d

get 1800 tx in 00000000000000000003c276b944bbb2314d92c4f6d644195121a93087d0e9a2

get 600 tx in 00000000000000000012ad29f39b874bf58e8fefa9ba64df6bc80a7235d9b7bb

get 2200 tx in 00000000000000000029400918184e78459eaf2f5c8784b7592642d1066de20b

fbf7612fdef0d2106e199ebbdef99bef345e8a4eccb948e8d7ba8b0c1791f0a4
list index out of range
get 400 tx in 0000000000000000001aeb5b84261be822dc3645289e42ec350cb61069af9193

finish get block 569572  00000000000000000018cecbf43d786c60720dd4f562b792a34eab8f73141158

569542 2019-03-31 04:25:41
get 1200 tx in 000000000000000000195b5217d9ca5cc43fa7e0dd8777344e8ed28b08bf5020

get 2000 tx in 00000000000000000003c276b944bbb2314d92c4f6d644195121a93087d0e9a2

get 2800 tx in 0000000000000000001a5126fda86faa531c461fb171e7c4cecc45d8b0d41e2d

get 800 tx in 00000000000000000012ad29f39b874bf58e8fefa9ba64df6bc80a7235d9b7bb

get 2400 tx in 00000000000000000029400918184e78459eaf2f5c8784b7592642d1066de20b

get 600 tx in 0000000000000000001aeb5b84261be822dc3645289e42ec350cb61069af9193

get 200 tx in 0000000000000000001e8efb39882df8fd652ccd7d1badef54524da67303b6d8

get 1400 tx in 000000000000000000195b5217d9ca5cc43fa7e0dd8777344e8ed28b08bf5020

get 2200 tx in 00000000000000000003c276b944bbb2314d92c4f6d644195121a93087d0e9a2

get 1000 tx in 00000000000000000012ad29f39b874bf58e8fefa9ba64df6bc80a7235d9b7bb

get 2600 tx in 00000000000000000029400918184e78459eaf2f5c8784b7592642d1066de20b

get 800 tx in 0000000000000000001aeb5b84261be822dc3645289e42ec350cb61069af9193

get 1600 tx in 000000000000000000195b5217d9ca5cc43fa7e0dd8777344e8ed28b08bf5020

get 400 tx in 0000000000000000001e8efb39882df8fd652ccd7d1badef54524da67303b6d8

get 2400 tx in 00000000000000000003c276b944bbb2314d92c4f6d644195121a93087d0e9a2

get 1200 tx in 00000000000000000012ad29f39b874bf58e8fefa9ba64df6bc80a7235d9b7bb

get 2800 tx in 00000000000000000029400918184e78459eaf2f5c8784b7592642d1066de20b

finish get block 569573  0000000000000000000537a27e6a31c8d8cfbf9a84da35e12281606ba1497726

569541 2019-03-31 04:25:28
get 1000 tx in 0000000000000000001aeb5b84261be822dc3645289e42ec350cb61069af9193

get 600 tx in 0000000000000000001e8efb39882df8fd652ccd7d1badef54524da67303b6d8

get 1800 tx in 000000000000000000195b5217d9ca5cc43fa7e0dd8777344e8ed28b08bf5020

get 2600 tx in 00000000000000000003c276b944bbb2314d92c4f6d644195121a93087d0e9a2

get 1400 tx in 00000000000000000012ad29f39b874bf58e8fefa9ba64df6bc80a7235d9b7bb

get 3000 tx in 00000000000000000029400918184e78459eaf2f5c8784b7592642d1066de20b

get 200 tx in 0000000000000000001788f1b71229decfe0cbdcc64051d960bd5d3b715499b3

get 1200 tx in 0000000000000000001aeb5b84261be822dc3645289e42ec350cb61069af9193

get 800 tx in 0000000000000000001e8efb39882df8fd652ccd7d1badef54524da67303b6d8

get 2000 tx in 000000000000000000195b5217d9ca5cc43fa7e0dd8777344e8ed28b08bf5020

get 1600 tx in 00000000000000000012ad29f39b874bf58e8fefa9ba64df6bc80a7235d9b7bb

get 2800 tx in 00000000000000000003c276b944bbb2314d92c4f6d644195121a93087d0e9a2

get 3200 tx in 00000000000000000029400918184e78459eaf2f5c8784b7592642d1066de20b

finish get block 569570  0000000000000000002600ede0c8832ce1986e268fd272ae18c57e3340664126

569540 2019-03-31 04:23:39
8526d896fa26b62c158ea4959f5ea08a1bf1cc438f0bb4c6dd590c9f900fe73a
list index out of range
b5c5420bc3f08312eb80983c497b3bd71ad762ae762767f31189bca0c8961a7b
list index out of range
get 400 tx in 0000000000000000001788f1b71229decfe0cbdcc64051d960bd5d3b715499b3

789f1097a51eb65f0d0d76ec96e195841a7e613eb9a6d333dd9d6d90715d933d
list index out of range
get 1400 tx in 0000000000000000001aeb5b84261be822dc3645289e42ec350cb61069af9193

get 1000 tx in 0000000000000000001e8efb39882df8fd652ccd7d1badef54524da67303b6d8

get 2200 tx in 000000000000000000195b5217d9ca5cc43fa7e0dd8777344e8ed28b08bf5020

get 1800 tx in 00000000000000000012ad29f39b874bf58e8fefa9ba64df6bc80a7235d9b7bb

get 600 tx in 0000000000000000001788f1b71229decfe0cbdcc64051d960bd5d3b715499b3

get 200 tx in 000000000000000000115f4feed11411631ca6826a38276361c9df91bb75ad3f

get 1600 tx in 0000000000000000001aeb5b84261be822dc3645289e42ec350cb61069af9193

get 1200 tx in 0000000000000000001e8efb39882df8fd652ccd7d1badef54524da67303b6d8

get 2400 tx in 000000000000000000195b5217d9ca5cc43fa7e0dd8777344e8ed28b08bf5020

get 2000 tx in 00000000000000000012ad29f39b874bf58e8fefa9ba64df6bc80a7235d9b7bb

get 800 tx in 0000000000000000001788f1b71229decfe0cbdcc64051d960bd5d3b715499b3

get 400 tx in 000000000000000000115f4feed11411631ca6826a38276361c9df91bb75ad3f

finish get block 569569  00000000000000000016e7e022f2f1f61696ca91daee05b40d69e5050ee9a6f9

569539 2019-03-31 04:17:45
get 1800 tx in 0000000000000000001aeb5b84261be822dc3645289e42ec350cb61069af9193

get 1400 tx in 0000000000000000001e8efb39882df8fd652ccd7d1badef54524da67303b6d8

get 2600 tx in 000000000000000000195b5217d9ca5cc43fa7e0dd8777344e8ed28b08bf5020

get 2200 tx in 00000000000000000012ad29f39b874bf58e8fefa9ba64df6bc80a7235d9b7bb

get 1000 tx in 0000000000000000001788f1b71229decfe0cbdcc64051d960bd5d3b715499b3

get 600 tx in 000000000000000000115f4feed11411631ca6826a38276361c9df91bb75ad3f

get 200 tx in 0000000000000000000874aea0b01fb826196b8c8454f8dff61feb5e8ca1b092

get 2000 tx in 0000000000000000001aeb5b84261be822dc3645289e42ec350cb61069af9193

get 1600 tx in 0000000000000000001e8efb39882df8fd652ccd7d1badef54524da67303b6d8

get 2400 tx in 00000000000000000012ad29f39b874bf58e8fefa9ba64df6bc80a7235d9b7bb

get 1200 tx in 0000000000000000001788f1b71229decfe0cbdcc64051d960bd5d3b715499b3

get 800 tx in 000000000000000000115f4feed11411631ca6826a38276361c9df91bb75ad3f

finish get block 569567  00000000000000000025db576e22e1a8ddefc0307ff24a7d2babc07dcef92f41

569538 2019-03-31 04:13:57
get 400 tx in 0000000000000000000874aea0b01fb826196b8c8454f8dff61feb5e8ca1b092

get 1800 tx in 0000000000000000001e8efb39882df8fd652ccd7d1badef54524da67303b6d8

get 2600 tx in 00000000000000000012ad29f39b874bf58e8fefa9ba64df6bc80a7235d9b7bb

get 1400 tx in 0000000000000000001788f1b71229decfe0cbdcc64051d960bd5d3b715499b3

get 1000 tx in 000000000000000000115f4feed11411631ca6826a38276361c9df91bb75ad3f

get 600 tx in 0000000000000000000874aea0b01fb826196b8c8454f8dff61feb5e8ca1b092

get 200 tx in 000000000000000000253903a502b6c60d21d319cf57248291764bf0164e7fb0

get 2000 tx in 0000000000000000001e8efb39882df8fd652ccd7d1badef54524da67303b6d8

get 2800 tx in 00000000000000000012ad29f39b874bf58e8fefa9ba64df6bc80a7235d9b7bb

get 1600 tx in 0000000000000000001788f1b71229decfe0cbdcc64051d960bd5d3b715499b3

get 1200 tx in 000000000000000000115f4feed11411631ca6826a38276361c9df91bb75ad3f

get 400 tx in 000000000000000000253903a502b6c60d21d319cf57248291764bf0164e7fb0

get 800 tx in 0000000000000000000874aea0b01fb826196b8c8454f8dff61feb5e8ca1b092

finish get block 569568  0000000000000000002b67fad6e52dc723ab579bdd7c420b6e022acf99aec6c0

569537 2019-03-31 04:04:27
get 2200 tx in 0000000000000000001e8efb39882df8fd652ccd7d1badef54524da67303b6d8

get 1800 tx in 0000000000000000001788f1b71229decfe0cbdcc64051d960bd5d3b715499b3

get 1400 tx in 000000000000000000115f4feed11411631ca6826a38276361c9df91bb75ad3f

get 600 tx in 000000000000000000253903a502b6c60d21d319cf57248291764bf0164e7fb0

get 1000 tx in 0000000000000000000874aea0b01fb826196b8c8454f8dff61feb5e8ca1b092

get 200 tx in 0000000000000000001791433e4d33176be65d216ec8eb8515496a7ec4bfb763

get 2000 tx in 0000000000000000001788f1b71229decfe0cbdcc64051d960bd5d3b715499b3

get 1600 tx in 000000000000000000115f4feed11411631ca6826a38276361c9df91bb75ad3f

get 1200 tx in 0000000000000000000874aea0b01fb826196b8c8454f8dff61feb5e8ca1b092

get 800 tx in 000000000000000000253903a502b6c60d21d319cf57248291764bf0164e7fb0

get 400 tx in 0000000000000000001791433e4d33176be65d216ec8eb8515496a7ec4bfb763

finish get block 569566  0000000000000000000b5bc404fccea3f50846099e44d37cc18068a6ea76e014

569536 2019-03-31 03:58:56
get 2200 tx in 0000000000000000001788f1b71229decfe0cbdcc64051d960bd5d3b715499b3

get 1800 tx in 000000000000000000115f4feed11411631ca6826a38276361c9df91bb75ad3f

get 1400 tx in 0000000000000000000874aea0b01fb826196b8c8454f8dff61feb5e8ca1b092

get 1000 tx in 000000000000000000253903a502b6c60d21d319cf57248291764bf0164e7fb0

get 600 tx in 0000000000000000001791433e4d33176be65d216ec8eb8515496a7ec4bfb763

get 200 tx in 0000000000000000002811f1528146267ee48c2da69713d93f20b3e3b9f0d01f

get 2000 tx in 000000000000000000115f4feed11411631ca6826a38276361c9df91bb75ad3f

get 1600 tx in 0000000000000000000874aea0b01fb826196b8c8454f8dff61feb5e8ca1b092

get 1200 tx in 000000000000000000253903a502b6c60d21d319cf57248291764bf0164e7fb0

'NoneType' object is not subscriptable None
get 800 tx in 0000000000000000001791433e4d33176be65d216ec8eb8515496a7ec4bfb763

finish get block 569564  000000000000000000223880afcb58aac126e52621b5a78db92c0e8cf74d95dd

569535 2019-03-31 03:57:12
get 400 tx in 0000000000000000002811f1528146267ee48c2da69713d93f20b3e3b9f0d01f

b38bc6536f868784f99bc053d4523b623ca98cd84660d2bfe00c438e631d40d4
list index out of range
get 2200 tx in 000000000000000000115f4feed11411631ca6826a38276361c9df91bb75ad3f

get 1400 tx in 000000000000000000253903a502b6c60d21d319cf57248291764bf0164e7fb0

get 1000 tx in 0000000000000000001791433e4d33176be65d216ec8eb8515496a7ec4bfb763

get 200 tx in 00000000000000000007bf8a26f5b2591284b6abdd569e22aaa4c5480bdb0afd

get 600 tx in 0000000000000000002811f1528146267ee48c2da69713d93f20b3e3b9f0d01f

get 2400 tx in 000000000000000000115f4feed11411631ca6826a38276361c9df91bb75ad3f

get 1600 tx in 000000000000000000253903a502b6c60d21d319cf57248291764bf0164e7fb0

get 1200 tx in 0000000000000000001791433e4d33176be65d216ec8eb8515496a7ec4bfb763

get 400 tx in 00000000000000000007bf8a26f5b2591284b6abdd569e22aaa4c5480bdb0afd

get 800 tx in 0000000000000000002811f1528146267ee48c2da69713d93f20b3e3b9f0d01f

finish get block 569565  0000000000000000001bcdc0eb22a7bba1717a808d4a0e7fa911f209ea35a0c4

569534 2019-03-31 03:20:21
get 1800 tx in 000000000000000000253903a502b6c60d21d319cf57248291764bf0164e7fb0

get 1400 tx in 0000000000000000001791433e4d33176be65d216ec8eb8515496a7ec4bfb763

get 600 tx in 00000000000000000007bf8a26f5b2591284b6abdd569e22aaa4c5480bdb0afd

get 1000 tx in 0000000000000000002811f1528146267ee48c2da69713d93f20b3e3b9f0d01f

get 200 tx in 000000000000000000233ec4587b2d5d7b5374b42088d94402a0ff308115c09f

get 2000 tx in 000000000000000000253903a502b6c60d21d319cf57248291764bf0164e7fb0

get 1600 tx in 0000000000000000001791433e4d33176be65d216ec8eb8515496a7ec4bfb763

get 800 tx in 00000000000000000007bf8a26f5b2591284b6abdd569e22aaa4c5480bdb0afd

finish get block 569563  0000000000000000002a40992569ad710909c5cdfc6a80cb8d4acfb7ce83b596

569533 2019-03-31 03:07:03
get 1200 tx in 0000000000000000002811f1528146267ee48c2da69713d93f20b3e3b9f0d01f

get 400 tx in 000000000000000000233ec4587b2d5d7b5374b42088d94402a0ff308115c09f

get 2200 tx in 000000000000000000253903a502b6c60d21d319cf57248291764bf0164e7fb0

get 1800 tx in 0000000000000000001791433e4d33176be65d216ec8eb8515496a7ec4bfb763

get 1000 tx in 00000000000000000007bf8a26f5b2591284b6abdd569e22aaa4c5480bdb0afd

get 1400 tx in 0000000000000000002811f1528146267ee48c2da69713d93f20b3e3b9f0d01f

get 200 tx in 00000000000000000029faee283a6ec6b4adce7fc67a17d5de577c3d0eeb3481

get 600 tx in 000000000000000000233ec4587b2d5d7b5374b42088d94402a0ff308115c09f

finish get block 569556  00000000000000000006acd60afacb11b56aa285ab3a43db727fb4b0cce55bd7

569532 2019-03-31 02:52:17
get 2400 tx in 000000000000000000253903a502b6c60d21d319cf57248291764bf0164e7fb0

get 2000 tx in 0000000000000000001791433e4d33176be65d216ec8eb8515496a7ec4bfb763

get 1200 tx in 00000000000000000007bf8a26f5b2591284b6abdd569e22aaa4c5480bdb0afd

get 1600 tx in 0000000000000000002811f1528146267ee48c2da69713d93f20b3e3b9f0d01f

get 400 tx in 00000000000000000029faee283a6ec6b4adce7fc67a17d5de577c3d0eeb3481

get 800 tx in 000000000000000000233ec4587b2d5d7b5374b42088d94402a0ff308115c09f

get 200 tx in 00000000000000000004ab4bf9c49f67c9189166ec8f52502e54c11a5e7368a3

get 2600 tx in 000000000000000000253903a502b6c60d21d319cf57248291764bf0164e7fb0

get 2200 tx in 0000000000000000001791433e4d33176be65d216ec8eb8515496a7ec4bfb763

get 1400 tx in 00000000000000000007bf8a26f5b2591284b6abdd569e22aaa4c5480bdb0afd

get 1800 tx in 0000000000000000002811f1528146267ee48c2da69713d93f20b3e3b9f0d01f

get 600 tx in 00000000000000000029faee283a6ec6b4adce7fc67a17d5de577c3d0eeb3481

get 1000 tx in 000000000000000000233ec4587b2d5d7b5374b42088d94402a0ff308115c09f

get 400 tx in 00000000000000000004ab4bf9c49f67c9189166ec8f52502e54c11a5e7368a3

get 2800 tx in 000000000000000000253903a502b6c60d21d319cf57248291764bf0164e7fb0

finish get block 569562  000000000000000000246f7f01c8096c9150ba0ab45477c27740c4068f19acc4

569531 2019-03-31 02:31:55
get 2400 tx in 0000000000000000001791433e4d33176be65d216ec8eb8515496a7ec4bfb763

get 1600 tx in 00000000000000000007bf8a26f5b2591284b6abdd569e22aaa4c5480bdb0afd

get 2000 tx in 0000000000000000002811f1528146267ee48c2da69713d93f20b3e3b9f0d01f

get 800 tx in 00000000000000000029faee283a6ec6b4adce7fc67a17d5de577c3d0eeb3481

get 1200 tx in 000000000000000000233ec4587b2d5d7b5374b42088d94402a0ff308115c09f

get 600 tx in 00000000000000000004ab4bf9c49f67c9189166ec8f52502e54c11a5e7368a3

get 200 tx in 0000000000000000000702bb4e0c7f42f0d28c91a9da48819ae733d5e014f267

get 2600 tx in 0000000000000000001791433e4d33176be65d216ec8eb8515496a7ec4bfb763

get 1800 tx in 00000000000000000007bf8a26f5b2591284b6abdd569e22aaa4c5480bdb0afd

get 2200 tx in 0000000000000000002811f1528146267ee48c2da69713d93f20b3e3b9f0d01f

get 1000 tx in 00000000000000000029faee283a6ec6b4adce7fc67a17d5de577c3d0eeb3481

get 1400 tx in 000000000000000000233ec4587b2d5d7b5374b42088d94402a0ff308115c09f

get 800 tx in 00000000000000000004ab4bf9c49f67c9189166ec8f52502e54c11a5e7368a3

get 400 tx in 0000000000000000000702bb4e0c7f42f0d28c91a9da48819ae733d5e014f267

finish get block 569561  0000000000000000002be93ba79f8522064585f18388dc3f2c8b0d5340ce62b7

get 2000 tx in 00000000000000000007bf8a26f5b2591284b6abdd569e22aaa4c5480bdb0afd

569530 2019-03-31 02:28:06
get 2400 tx in 0000000000000000002811f1528146267ee48c2da69713d93f20b3e3b9f0d01f

efdbbbd574cce210492617c5366442f8958a8e4aad32c1cb0b31a832016104e7
list index out of range
get 1200 tx in 00000000000000000029faee283a6ec6b4adce7fc67a17d5de577c3d0eeb3481

get 1600 tx in 000000000000000000233ec4587b2d5d7b5374b42088d94402a0ff308115c09f

get 1000 tx in 00000000000000000004ab4bf9c49f67c9189166ec8f52502e54c11a5e7368a3

get 600 tx in 0000000000000000000702bb4e0c7f42f0d28c91a9da48819ae733d5e014f267

get 2200 tx in 00000000000000000007bf8a26f5b2591284b6abdd569e22aaa4c5480bdb0afd

get 200 tx in 000000000000000000073f11854b3eb98db56026664f38fd5bf033fbfbd80100

get 2600 tx in 0000000000000000002811f1528146267ee48c2da69713d93f20b3e3b9f0d01f

get 1400 tx in 00000000000000000029faee283a6ec6b4adce7fc67a17d5de577c3d0eeb3481

get 1800 tx in 000000000000000000233ec4587b2d5d7b5374b42088d94402a0ff308115c09f

get 1200 tx in 00000000000000000004ab4bf9c49f67c9189166ec8f52502e54c11a5e7368a3

finish get block 569558  00000000000000000003c04c6528ef97af2cd84efe0acfaa2f21c3bbc07cf076

569529 2019-03-31 02:25:09
get 800 tx in 0000000000000000000702bb4e0c7f42f0d28c91a9da48819ae733d5e014f267

get 2400 tx in 00000000000000000007bf8a26f5b2591284b6abdd569e22aaa4c5480bdb0afd

get 400 tx in 000000000000000000073f11854b3eb98db56026664f38fd5bf033fbfbd80100

get 1600 tx in 00000000000000000029faee283a6ec6b4adce7fc67a17d5de577c3d0eeb3481

'NoneType' object is not subscriptable None
get 2000 tx in 000000000000000000233ec4587b2d5d7b5374b42088d94402a0ff308115c09f

get 1400 tx in 00000000000000000004ab4bf9c49f67c9189166ec8f52502e54c11a5e7368a3

get 1000 tx in 0000000000000000000702bb4e0c7f42f0d28c91a9da48819ae733d5e014f267

get 200 tx in 00000000000000000006cba1868e1a89aaa55c5de4fe34204ddb0ab3c124d36c

get 2600 tx in 00000000000000000007bf8a26f5b2591284b6abdd569e22aaa4c5480bdb0afd

'NoneType' object is not subscriptable None
get 600 tx in 000000000000000000073f11854b3eb98db56026664f38fd5bf033fbfbd80100

f1444f34307b7cc63b231f405c2624558e5a337b91250feb91fa21baa7428b86
list index out of range
get 1800 tx in 00000000000000000029faee283a6ec6b4adce7fc67a17d5de577c3d0eeb3481

get 2200 tx in 000000000000000000233ec4587b2d5d7b5374b42088d94402a0ff308115c09f

get 1600 tx in 00000000000000000004ab4bf9c49f67c9189166ec8f52502e54c11a5e7368a3

'NoneType' object is not subscriptable None
get 1200 tx in 0000000000000000000702bb4e0c7f42f0d28c91a9da48819ae733d5e014f267

get 400 tx in 00000000000000000006cba1868e1a89aaa55c5de4fe34204ddb0ab3c124d36c

227542da8ee579f115418a29122e2c650a407c89c7d11c545e00e582998b1e9d
list index out of range
get 2800 tx in 00000000000000000007bf8a26f5b2591284b6abdd569e22aaa4c5480bdb0afd

finish get block 569560  0000000000000000002a242f88afa7f58fcad9a983053e0aad36aaed2e02e597

569528 2019-03-31 02:02:15
get 800 tx in 000000000000000000073f11854b3eb98db56026664f38fd5bf033fbfbd80100

get 2000 tx in 00000000000000000029faee283a6ec6b4adce7fc67a17d5de577c3d0eeb3481

get 2400 tx in 000000000000000000233ec4587b2d5d7b5374b42088d94402a0ff308115c09f

get 1800 tx in 00000000000000000004ab4bf9c49f67c9189166ec8f52502e54c11a5e7368a3

'NoneType' object is not subscriptable None
get 1400 tx in 0000000000000000000702bb4e0c7f42f0d28c91a9da48819ae733d5e014f267

get 600 tx in 00000000000000000006cba1868e1a89aaa55c5de4fe34204ddb0ab3c124d36c

get 3000 tx in 00000000000000000007bf8a26f5b2591284b6abdd569e22aaa4c5480bdb0afd

get 200 tx in 00000000000000000020727ba95759ecd20fe93e4d6d5368ff6f7253beaf4c7c

get 1000 tx in 000000000000000000073f11854b3eb98db56026664f38fd5bf033fbfbd80100

get 2200 tx in 00000000000000000029faee283a6ec6b4adce7fc67a17d5de577c3d0eeb3481

get 2600 tx in 000000000000000000233ec4587b2d5d7b5374b42088d94402a0ff308115c09f

get 2000 tx in 00000000000000000004ab4bf9c49f67c9189166ec8f52502e54c11a5e7368a3

get 800 tx in 00000000000000000006cba1868e1a89aaa55c5de4fe34204ddb0ab3c124d36c

get 1600 tx in 0000000000000000000702bb4e0c7f42f0d28c91a9da48819ae733d5e014f267

get 3200 tx in 00000000000000000007bf8a26f5b2591284b6abdd569e22aaa4c5480bdb0afd

finish get block 569559  0000000000000000002461076daf673c7ca0ae86aaa56656f280982ab00c402d

569527 2019-03-31 01:45:18
get 400 tx in 00000000000000000020727ba95759ecd20fe93e4d6d5368ff6f7253beaf4c7c

get 1200 tx in 000000000000000000073f11854b3eb98db56026664f38fd5bf033fbfbd80100

get 2400 tx in 00000000000000000029faee283a6ec6b4adce7fc67a17d5de577c3d0eeb3481

get 2200 tx in 00000000000000000004ab4bf9c49f67c9189166ec8f52502e54c11a5e7368a3

get 2800 tx in 000000000000000000233ec4587b2d5d7b5374b42088d94402a0ff308115c09f

'NoneType' object is not subscriptable None
get 1000 tx in 00000000000000000006cba1868e1a89aaa55c5de4fe34204ddb0ab3c124d36c

get 1800 tx in 0000000000000000000702bb4e0c7f42f0d28c91a9da48819ae733d5e014f267

get 200 tx in 000000000000000000035afeccb59b467b251b5daac34da087ab13026fb9b531

get 600 tx in 00000000000000000020727ba95759ecd20fe93e4d6d5368ff6f7253beaf4c7c

get 1400 tx in 000000000000000000073f11854b3eb98db56026664f38fd5bf033fbfbd80100

get 2600 tx in 00000000000000000029faee283a6ec6b4adce7fc67a17d5de577c3d0eeb3481

get 3000 tx in 000000000000000000233ec4587b2d5d7b5374b42088d94402a0ff308115c09f

get 2400 tx in 00000000000000000004ab4bf9c49f67c9189166ec8f52502e54c11a5e7368a3

finish get block 569555  0000000000000000000b1618359ce61f803d9018ad03c67e09e6c16298d8cb89

569526 2019-03-31 01:44:13
99ad395e444a0052476ec0c3faac308b710e287082a4a3def2622b60cf9c74b1
list index out of range
get 1200 tx in 00000000000000000006cba1868e1a89aaa55c5de4fe34204ddb0ab3c124d36c

get 2000 tx in 0000000000000000000702bb4e0c7f42f0d28c91a9da48819ae733d5e014f267

get 800 tx in 00000000000000000020727ba95759ecd20fe93e4d6d5368ff6f7253beaf4c7c

get 400 tx in 000000000000000000035afeccb59b467b251b5daac34da087ab13026fb9b531

get 1600 tx in 000000000000000000073f11854b3eb98db56026664f38fd5bf033fbfbd80100

'NoneType' object is not subscriptable None
get 2600 tx in 00000000000000000004ab4bf9c49f67c9189166ec8f52502e54c11a5e7368a3

get 200 tx in 00000000000000000012a9b33d3e3621567bd3577d0d6f75fdc946ac2057ac1c

get 1400 tx in 00000000000000000006cba1868e1a89aaa55c5de4fe34204ddb0ab3c124d36c

get 2200 tx in 0000000000000000000702bb4e0c7f42f0d28c91a9da48819ae733d5e014f267

get 1000 tx in 00000000000000000020727ba95759ecd20fe93e4d6d5368ff6f7253beaf4c7c

get 600 tx in 000000000000000000035afeccb59b467b251b5daac34da087ab13026fb9b531

get 1800 tx in 000000000000000000073f11854b3eb98db56026664f38fd5bf033fbfbd80100

get 2800 tx in 00000000000000000004ab4bf9c49f67c9189166ec8f52502e54c11a5e7368a3

list index out of range 569525
finish get block 569557  00000000000000000014928e4845835d87acebe4930933506824982a30b63f10

569525 2019-03-31 01:35:41
get 400 tx in 00000000000000000012a9b33d3e3621567bd3577d0d6f75fdc946ac2057ac1c

'NoneType' object is not subscriptable None
get 1600 tx in 00000000000000000006cba1868e1a89aaa55c5de4fe34204ddb0ab3c124d36c

get 2400 tx in 0000000000000000000702bb4e0c7f42f0d28c91a9da48819ae733d5e014f267

get 1200 tx in 00000000000000000020727ba95759ecd20fe93e4d6d5368ff6f7253beaf4c7c

get 800 tx in 000000000000000000035afeccb59b467b251b5daac34da087ab13026fb9b531

get 2000 tx in 000000000000000000073f11854b3eb98db56026664f38fd5bf033fbfbd80100

finish get block 569551  00000000000000000019395660e280215dba7d126a17447291d9d4a827a0a741

569524 2019-03-31 01:21:25
get 3000 tx in 00000000000000000004ab4bf9c49f67c9189166ec8f52502e54c11a5e7368a3

get 200 tx in 0000000000000000001ef1dc12674f558ee1b4fb7934e2c5761f70874717e270

get 600 tx in 00000000000000000012a9b33d3e3621567bd3577d0d6f75fdc946ac2057ac1c

get 1800 tx in 00000000000000000006cba1868e1a89aaa55c5de4fe34204ddb0ab3c124d36c

get 2600 tx in 0000000000000000000702bb4e0c7f42f0d28c91a9da48819ae733d5e014f267

get 1400 tx in 00000000000000000020727ba95759ecd20fe93e4d6d5368ff6f7253beaf4c7c

get 1000 tx in 000000000000000000035afeccb59b467b251b5daac34da087ab13026fb9b531

get 2200 tx in 000000000000000000073f11854b3eb98db56026664f38fd5bf033fbfbd80100

get 200 tx in 0000000000000000001e865b0007e457ca51b0d768598448b36393048db6e452

get 400 tx in 0000000000000000001ef1dc12674f558ee1b4fb7934e2c5761f70874717e270

get 800 tx in 00000000000000000012a9b33d3e3621567bd3577d0d6f75fdc946ac2057ac1c

get 2000 tx in 00000000000000000006cba1868e1a89aaa55c5de4fe34204ddb0ab3c124d36c

'NoneType' object is not subscriptable None
get 1200 tx in 000000000000000000035afeccb59b467b251b5daac34da087ab13026fb9b531

get 1600 tx in 00000000000000000020727ba95759ecd20fe93e4d6d5368ff6f7253beaf4c7c

get 2400 tx in 000000000000000000073f11854b3eb98db56026664f38fd5bf033fbfbd80100

finish get block 569554  0000000000000000001f37740431c92e5af3dcf2e5a2ae4b7d928fccd1c6ca5f

569523 2019-03-31 01:06:51
get 400 tx in 0000000000000000001e865b0007e457ca51b0d768598448b36393048db6e452

get 600 tx in 0000000000000000001ef1dc12674f558ee1b4fb7934e2c5761f70874717e270

get 1000 tx in 00000000000000000012a9b33d3e3621567bd3577d0d6f75fdc946ac2057ac1c

'NoneType' object is not subscriptable None
5540577e692e723aeab622c6020255e1947e75afb24c5670e241965afd1487b2
list index out of range
get 2200 tx in 00000000000000000006cba1868e1a89aaa55c5de4fe34204ddb0ab3c124d36c

get 1400 tx in 000000000000000000035afeccb59b467b251b5daac34da087ab13026fb9b531

get 2600 tx in 000000000000000000073f11854b3eb98db56026664f38fd5bf033fbfbd80100

get 1800 tx in 00000000000000000020727ba95759ecd20fe93e4d6d5368ff6f7253beaf4c7c

get 600 tx in 0000000000000000001e865b0007e457ca51b0d768598448b36393048db6e452

get 200 tx in 00000000000000000017510efdd01b10dc667db436b983c82c920c1fc0b491f0

get 800 tx in 0000000000000000001ef1dc12674f558ee1b4fb7934e2c5761f70874717e270

get 1200 tx in 00000000000000000012a9b33d3e3621567bd3577d0d6f75fdc946ac2057ac1c

get 2400 tx in 00000000000000000006cba1868e1a89aaa55c5de4fe34204ddb0ab3c124d36c

get 1600 tx in 000000000000000000035afeccb59b467b251b5daac34da087ab13026fb9b531

get 2000 tx in 00000000000000000020727ba95759ecd20fe93e4d6d5368ff6f7253beaf4c7c

finish get block 569552  0000000000000000001c9adf81afae96a81dfe176b78255d13f7a8c11cf7bc84

569522 2019-03-31 00:44:39
get 800 tx in 0000000000000000001e865b0007e457ca51b0d768598448b36393048db6e452

get 1000 tx in 0000000000000000001ef1dc12674f558ee1b4fb7934e2c5761f70874717e270

get 400 tx in 00000000000000000017510efdd01b10dc667db436b983c82c920c1fc0b491f0

get 1400 tx in 00000000000000000012a9b33d3e3621567bd3577d0d6f75fdc946ac2057ac1c

get 2600 tx in 00000000000000000006cba1868e1a89aaa55c5de4fe34204ddb0ab3c124d36c

get 1800 tx in 000000000000000000035afeccb59b467b251b5daac34da087ab13026fb9b531

get 200 tx in 0000000000000000000056e1ae764a76fee06ce78054bb84ef8b540ac0ce5cc8

get 1200 tx in 0000000000000000001ef1dc12674f558ee1b4fb7934e2c5761f70874717e270

get 1000 tx in 0000000000000000001e865b0007e457ca51b0d768598448b36393048db6e452

get 1600 tx in 00000000000000000012a9b33d3e3621567bd3577d0d6f75fdc946ac2057ac1c

get 600 tx in 00000000000000000017510efdd01b10dc667db436b983c82c920c1fc0b491f0

get 2800 tx in 00000000000000000006cba1868e1a89aaa55c5de4fe34204ddb0ab3c124d36c

get 2000 tx in 000000000000000000035afeccb59b467b251b5daac34da087ab13026fb9b531

finish get block 569553  00000000000000000017d615c5b9503d3d6de2e6d0f48af30ee24ac2678c81b2

get 400 tx in 0000000000000000000056e1ae764a76fee06ce78054bb84ef8b540ac0ce5cc8

569521 2019-03-31 00:32:28
get 1400 tx in 0000000000000000001ef1dc12674f558ee1b4fb7934e2c5761f70874717e270

get 1200 tx in 0000000000000000001e865b0007e457ca51b0d768598448b36393048db6e452

get 1800 tx in 00000000000000000012a9b33d3e3621567bd3577d0d6f75fdc946ac2057ac1c

get 800 tx in 00000000000000000017510efdd01b10dc667db436b983c82c920c1fc0b491f0

get 3000 tx in 00000000000000000006cba1868e1a89aaa55c5de4fe34204ddb0ab3c124d36c

get 2200 tx in 000000000000000000035afeccb59b467b251b5daac34da087ab13026fb9b531

get 600 tx in 0000000000000000000056e1ae764a76fee06ce78054bb84ef8b540ac0ce5cc8

get 200 tx in 0000000000000000001cd25d7e65020f9c2ced693716a321c948a9bd94bce18e

get 1600 tx in 0000000000000000001ef1dc12674f558ee1b4fb7934e2c5761f70874717e270

get 1400 tx in 0000000000000000001e865b0007e457ca51b0d768598448b36393048db6e452

get 1000 tx in 00000000000000000017510efdd01b10dc667db436b983c82c920c1fc0b491f0

get 2000 tx in 00000000000000000012a9b33d3e3621567bd3577d0d6f75fdc946ac2057ac1c

get 3200 tx in 00000000000000000006cba1868e1a89aaa55c5de4fe34204ddb0ab3c124d36c

finish get block 569550  00000000000000000027d01123453692c41ee49aeda0d43693abea549f0cef8e

569520 2019-03-31 00:15:02
get 2400 tx in 000000000000000000035afeccb59b467b251b5daac34da087ab13026fb9b531

list index out of range 569519
get 800 tx in 0000000000000000000056e1ae764a76fee06ce78054bb84ef8b540ac0ce5cc8

get 400 tx in 0000000000000000001cd25d7e65020f9c2ced693716a321c948a9bd94bce18e

get 1800 tx in 0000000000000000001ef1dc12674f558ee1b4fb7934e2c5761f70874717e270

get 1600 tx in 0000000000000000001e865b0007e457ca51b0d768598448b36393048db6e452

get 1200 tx in 00000000000000000017510efdd01b10dc667db436b983c82c920c1fc0b491f0

get 2200 tx in 00000000000000000012a9b33d3e3621567bd3577d0d6f75fdc946ac2057ac1c

get 3400 tx in 00000000000000000006cba1868e1a89aaa55c5de4fe34204ddb0ab3c124d36c

finish get block 569546  000000000000000000029c7df81dde6320efa8e2239631ed133ac9f242fa3444

569519 2019-03-30 23:59:42
get 2600 tx in 000000000000000000035afeccb59b467b251b5daac34da087ab13026fb9b531

list index out of range 569518
get 200 tx in 00000000000000000018c75f327a97fff9edcaa0296a2e793ab9d09e2449ebf9

get 1000 tx in 0000000000000000000056e1ae764a76fee06ce78054bb84ef8b540ac0ce5cc8

get 600 tx in 0000000000000000001cd25d7e65020f9c2ced693716a321c948a9bd94bce18e

get 2000 tx in 0000000000000000001ef1dc12674f558ee1b4fb7934e2c5761f70874717e270

get 1800 tx in 0000000000000000001e865b0007e457ca51b0d768598448b36393048db6e452

get 1400 tx in 00000000000000000017510efdd01b10dc667db436b983c82c920c1fc0b491f0

get 2400 tx in 00000000000000000012a9b33d3e3621567bd3577d0d6f75fdc946ac2057ac1c

get 200 tx in 000000000000000000295565a4aa85396a0f8d89e4b848eafd132e9ae3fda194

get 400 tx in 00000000000000000018c75f327a97fff9edcaa0296a2e793ab9d09e2449ebf9

get 1200 tx in 0000000000000000000056e1ae764a76fee06ce78054bb84ef8b540ac0ce5cc8

get 800 tx in 0000000000000000001cd25d7e65020f9c2ced693716a321c948a9bd94bce18e

get 2000 tx in 0000000000000000001e865b0007e457ca51b0d768598448b36393048db6e452

get 2200 tx in 0000000000000000001ef1dc12674f558ee1b4fb7934e2c5761f70874717e270

get 1600 tx in 00000000000000000017510efdd01b10dc667db436b983c82c920c1fc0b491f0

get 2600 tx in 00000000000000000012a9b33d3e3621567bd3577d0d6f75fdc946ac2057ac1c

finish get block 569549  0000000000000000001a5126fda86faa531c461fb171e7c4cecc45d8b0d41e2d

569518 2019-03-30 23:35:42
get 400 tx in 000000000000000000295565a4aa85396a0f8d89e4b848eafd132e9ae3fda194

d6700826e013c15996ffbfed333c93669982b3656521eb1ebc7762d1f3ce6bb0
list index out of range
get 600 tx in 00000000000000000018c75f327a97fff9edcaa0296a2e793ab9d09e2449ebf9

get 1400 tx in 0000000000000000000056e1ae764a76fee06ce78054bb84ef8b540ac0ce5cc8

get 1000 tx in 0000000000000000001cd25d7e65020f9c2ced693716a321c948a9bd94bce18e

get 2200 tx in 0000000000000000001e865b0007e457ca51b0d768598448b36393048db6e452

get 2400 tx in 0000000000000000001ef1dc12674f558ee1b4fb7934e2c5761f70874717e270

get 1800 tx in 00000000000000000017510efdd01b10dc667db436b983c82c920c1fc0b491f0

get 2800 tx in 00000000000000000012a9b33d3e3621567bd3577d0d6f75fdc946ac2057ac1c

get 200 tx in 0000000000000000002c0e34e68db01ab0ae0527296a8d6c2c81ba061029117c

get 600 tx in 000000000000000000295565a4aa85396a0f8d89e4b848eafd132e9ae3fda194

get 800 tx in 00000000000000000018c75f327a97fff9edcaa0296a2e793ab9d09e2449ebf9

get 1600 tx in 0000000000000000000056e1ae764a76fee06ce78054bb84ef8b540ac0ce5cc8

get 1200 tx in 0000000000000000001cd25d7e65020f9c2ced693716a321c948a9bd94bce18e

get 2400 tx in 0000000000000000001e865b0007e457ca51b0d768598448b36393048db6e452

get 2000 tx in 00000000000000000017510efdd01b10dc667db436b983c82c920c1fc0b491f0

get 2600 tx in 0000000000000000001ef1dc12674f558ee1b4fb7934e2c5761f70874717e270

finish get block 569547  00000000000000000003c276b944bbb2314d92c4f6d644195121a93087d0e9a2

569517 2019-03-30 23:33:54
get 3000 tx in 00000000000000000012a9b33d3e3621567bd3577d0d6f75fdc946ac2057ac1c

get 400 tx in 0000000000000000002c0e34e68db01ab0ae0527296a8d6c2c81ba061029117c

get 800 tx in 000000000000000000295565a4aa85396a0f8d89e4b848eafd132e9ae3fda194

get 1000 tx in 00000000000000000018c75f327a97fff9edcaa0296a2e793ab9d09e2449ebf9

get 1800 tx in 0000000000000000000056e1ae764a76fee06ce78054bb84ef8b540ac0ce5cc8

get 1400 tx in 0000000000000000001cd25d7e65020f9c2ced693716a321c948a9bd94bce18e

get 2600 tx in 0000000000000000001e865b0007e457ca51b0d768598448b36393048db6e452

get 2200 tx in 00000000000000000017510efdd01b10dc667db436b983c82c920c1fc0b491f0

get 2800 tx in 0000000000000000001ef1dc12674f558ee1b4fb7934e2c5761f70874717e270

get 200 tx in 000000000000000000091a6a0f885f713ed8ab22d6f680b50bbe9c3059529996

get 600 tx in 0000000000000000002c0e34e68db01ab0ae0527296a8d6c2c81ba061029117c

get 1000 tx in 000000000000000000295565a4aa85396a0f8d89e4b848eafd132e9ae3fda194

get 1200 tx in 00000000000000000018c75f327a97fff9edcaa0296a2e793ab9d09e2449ebf9

get 2000 tx in 0000000000000000000056e1ae764a76fee06ce78054bb84ef8b540ac0ce5cc8

get 1600 tx in 0000000000000000001cd25d7e65020f9c2ced693716a321c948a9bd94bce18e

get 2800 tx in 0000000000000000001e865b0007e457ca51b0d768598448b36393048db6e452

get 3000 tx in 0000000000000000001ef1dc12674f558ee1b4fb7934e2c5761f70874717e270

get 2400 tx in 00000000000000000017510efdd01b10dc667db436b983c82c920c1fc0b491f0

get 400 tx in 000000000000000000091a6a0f885f713ed8ab22d6f680b50bbe9c3059529996

finish get block 569548  00000000000000000029400918184e78459eaf2f5c8784b7592642d1066de20b

569516 2019-03-30 23:09:23
get 800 tx in 0000000000000000002c0e34e68db01ab0ae0527296a8d6c2c81ba061029117c

get 1200 tx in 000000000000000000295565a4aa85396a0f8d89e4b848eafd132e9ae3fda194

get 1400 tx in 00000000000000000018c75f327a97fff9edcaa0296a2e793ab9d09e2449ebf9

get 2200 tx in 0000000000000000000056e1ae764a76fee06ce78054bb84ef8b540ac0ce5cc8

get 1800 tx in 0000000000000000001cd25d7e65020f9c2ced693716a321c948a9bd94bce18e

get 3000 tx in 0000000000000000001e865b0007e457ca51b0d768598448b36393048db6e452

get 3200 tx in 0000000000000000001ef1dc12674f558ee1b4fb7934e2c5761f70874717e270

get 2600 tx in 00000000000000000017510efdd01b10dc667db436b983c82c920c1fc0b491f0

get 600 tx in 000000000000000000091a6a0f885f713ed8ab22d6f680b50bbe9c3059529996

get 200 tx in 0000000000000000001aa9fe76bbeb75f53beae7e5ec01f42cba0ba97d48cf1e

'NoneType' object is not subscriptable None
get 1400 tx in 000000000000000000295565a4aa85396a0f8d89e4b848eafd132e9ae3fda194

get 1000 tx in 0000000000000000002c0e34e68db01ab0ae0527296a8d6c2c81ba061029117c

get 1600 tx in 00000000000000000018c75f327a97fff9edcaa0296a2e793ab9d09e2449ebf9

get 2400 tx in 0000000000000000000056e1ae764a76fee06ce78054bb84ef8b540ac0ce5cc8

finish get block 569545  000000000000000000195b5217d9ca5cc43fa7e0dd8777344e8ed28b08bf5020

get 2000 tx in 0000000000000000001cd25d7e65020f9c2ced693716a321c948a9bd94bce18e

569515 2019-03-30 23:08:16
get 3200 tx in 0000000000000000001e865b0007e457ca51b0d768598448b36393048db6e452

get 2800 tx in 00000000000000000017510efdd01b10dc667db436b983c82c920c1fc0b491f0

'NoneType' object is not subscriptable None
get 800 tx in 000000000000000000091a6a0f885f713ed8ab22d6f680b50bbe9c3059529996

get 400 tx in 0000000000000000001aa9fe76bbeb75f53beae7e5ec01f42cba0ba97d48cf1e

get 1600 tx in 000000000000000000295565a4aa85396a0f8d89e4b848eafd132e9ae3fda194

get 1200 tx in 0000000000000000002c0e34e68db01ab0ae0527296a8d6c2c81ba061029117c

get 1800 tx in 00000000000000000018c75f327a97fff9edcaa0296a2e793ab9d09e2449ebf9

get 2600 tx in 0000000000000000000056e1ae764a76fee06ce78054bb84ef8b540ac0ce5cc8

get 2200 tx in 0000000000000000001cd25d7e65020f9c2ced693716a321c948a9bd94bce18e

get 3000 tx in 00000000000000000017510efdd01b10dc667db436b983c82c920c1fc0b491f0

get 200 tx in 000000000000000000175fc91807d8e8b5f56507fa27441cde839abb3447c934

get 1000 tx in 000000000000000000091a6a0f885f713ed8ab22d6f680b50bbe9c3059529996

get 600 tx in 0000000000000000001aa9fe76bbeb75f53beae7e5ec01f42cba0ba97d48cf1e

finish get block 569543  0000000000000000001aeb5b84261be822dc3645289e42ec350cb61069af9193

569514 2019-03-30 22:53:47
get 1800 tx in 000000000000000000295565a4aa85396a0f8d89e4b848eafd132e9ae3fda194

get 1400 tx in 0000000000000000002c0e34e68db01ab0ae0527296a8d6c2c81ba061029117c

get 2000 tx in 00000000000000000018c75f327a97fff9edcaa0296a2e793ab9d09e2449ebf9

get 2800 tx in 0000000000000000000056e1ae764a76fee06ce78054bb84ef8b540ac0ce5cc8

get 2400 tx in 0000000000000000001cd25d7e65020f9c2ced693716a321c948a9bd94bce18e

get 3200 tx in 00000000000000000017510efdd01b10dc667db436b983c82c920c1fc0b491f0

get 400 tx in 000000000000000000175fc91807d8e8b5f56507fa27441cde839abb3447c934

get 1200 tx in 000000000000000000091a6a0f885f713ed8ab22d6f680b50bbe9c3059529996

get 800 tx in 0000000000000000001aa9fe76bbeb75f53beae7e5ec01f42cba0ba97d48cf1e

'NoneType' object is not subscriptable None
'NoneType' object is not subscriptable None
get 200 tx in 00000000000000000014863f805ca928b6a8701ed5808688fb1181d19cc231eb

get 2000 tx in 000000000000000000295565a4aa85396a0f8d89e4b848eafd132e9ae3fda194

get 1600 tx in 0000000000000000002c0e34e68db01ab0ae0527296a8d6c2c81ba061029117c

get 2200 tx in 00000000000000000018c75f327a97fff9edcaa0296a2e793ab9d09e2449ebf9

get 3000 tx in 0000000000000000000056e1ae764a76fee06ce78054bb84ef8b540ac0ce5cc8

get 2600 tx in 0000000000000000001cd25d7e65020f9c2ced693716a321c948a9bd94bce18e

get 3400 tx in 00000000000000000017510efdd01b10dc667db436b983c82c920c1fc0b491f0

get 600 tx in 000000000000000000175fc91807d8e8b5f56507fa27441cde839abb3447c934

finish get block 569544  00000000000000000012ad29f39b874bf58e8fefa9ba64df6bc80a7235d9b7bb

569513 2019-03-30 22:12:35
get 1400 tx in 000000000000000000091a6a0f885f713ed8ab22d6f680b50bbe9c3059529996

get 1000 tx in 0000000000000000001aa9fe76bbeb75f53beae7e5ec01f42cba0ba97d48cf1e

get 400 tx in 00000000000000000014863f805ca928b6a8701ed5808688fb1181d19cc231eb

get 2200 tx in 000000000000000000295565a4aa85396a0f8d89e4b848eafd132e9ae3fda194

get 1800 tx in 0000000000000000002c0e34e68db01ab0ae0527296a8d6c2c81ba061029117c

get 3200 tx in 0000000000000000000056e1ae764a76fee06ce78054bb84ef8b540ac0ce5cc8

get 2800 tx in 0000000000000000001cd25d7e65020f9c2ced693716a321c948a9bd94bce18e

get 800 tx in 000000000000000000175fc91807d8e8b5f56507fa27441cde839abb3447c934

get 200 tx in 0000000000000000001e3bee45c24b1dab2b79a7b4c8e501a9fb5c0278d2bb49

get 1600 tx in 000000000000000000091a6a0f885f713ed8ab22d6f680b50bbe9c3059529996

get 1200 tx in 0000000000000000001aa9fe76bbeb75f53beae7e5ec01f42cba0ba97d48cf1e

get 600 tx in 00000000000000000014863f805ca928b6a8701ed5808688fb1181d19cc231eb

get 2400 tx in 000000000000000000295565a4aa85396a0f8d89e4b848eafd132e9ae3fda194

get 2000 tx in 0000000000000000002c0e34e68db01ab0ae0527296a8d6c2c81ba061029117c

finish get block 569542  0000000000000000001e8efb39882df8fd652ccd7d1badef54524da67303b6d8

569512 2019-03-30 21:51:59
get 1000 tx in 000000000000000000175fc91807d8e8b5f56507fa27441cde839abb3447c934

get 400 tx in 0000000000000000001e3bee45c24b1dab2b79a7b4c8e501a9fb5c0278d2bb49

get 1800 tx in 000000000000000000091a6a0f885f713ed8ab22d6f680b50bbe9c3059529996

get 1400 tx in 0000000000000000001aa9fe76bbeb75f53beae7e5ec01f42cba0ba97d48cf1e

get 800 tx in 00000000000000000014863f805ca928b6a8701ed5808688fb1181d19cc231eb

get 2600 tx in 000000000000000000295565a4aa85396a0f8d89e4b848eafd132e9ae3fda194

get 2200 tx in 0000000000000000002c0e34e68db01ab0ae0527296a8d6c2c81ba061029117c

get 200 tx in 0000000000000000001e3043cc0eebaf7a409656524b5afa558ed56397b17b42

get 1200 tx in 000000000000000000175fc91807d8e8b5f56507fa27441cde839abb3447c934

finish get block 569541  0000000000000000001788f1b71229decfe0cbdcc64051d960bd5d3b715499b3

569511 2019-03-30 21:18:12
get 2000 tx in 000000000000000000091a6a0f885f713ed8ab22d6f680b50bbe9c3059529996

get 600 tx in 0000000000000000001e3bee45c24b1dab2b79a7b4c8e501a9fb5c0278d2bb49

get 1600 tx in 0000000000000000001aa9fe76bbeb75f53beae7e5ec01f42cba0ba97d48cf1e

get 1000 tx in 00000000000000000014863f805ca928b6a8701ed5808688fb1181d19cc231eb

get 2400 tx in 0000000000000000002c0e34e68db01ab0ae0527296a8d6c2c81ba061029117c

get 2800 tx in 000000000000000000295565a4aa85396a0f8d89e4b848eafd132e9ae3fda194

get 400 tx in 0000000000000000001e3043cc0eebaf7a409656524b5afa558ed56397b17b42

get 1400 tx in 000000000000000000175fc91807d8e8b5f56507fa27441cde839abb3447c934

get 2200 tx in 000000000000000000091a6a0f885f713ed8ab22d6f680b50bbe9c3059529996

finish get block 569539  0000000000000000000874aea0b01fb826196b8c8454f8dff61feb5e8ca1b092

get 200 tx in 00000000000000000008700b695b466469deeef6eae550fd0b4c5b58e4974eb0

569510 2019-03-30 21:15:28
get 800 tx in 0000000000000000001e3bee45c24b1dab2b79a7b4c8e501a9fb5c0278d2bb49

get 1800 tx in 0000000000000000001aa9fe76bbeb75f53beae7e5ec01f42cba0ba97d48cf1e

get 1200 tx in 00000000000000000014863f805ca928b6a8701ed5808688fb1181d19cc231eb

get 3000 tx in 000000000000000000295565a4aa85396a0f8d89e4b848eafd132e9ae3fda194

get 2600 tx in 0000000000000000002c0e34e68db01ab0ae0527296a8d6c2c81ba061029117c

get 600 tx in 0000000000000000001e3043cc0eebaf7a409656524b5afa558ed56397b17b42

get 1600 tx in 000000000000000000175fc91807d8e8b5f56507fa27441cde839abb3447c934

get 2400 tx in 000000000000000000091a6a0f885f713ed8ab22d6f680b50bbe9c3059529996

get 400 tx in 00000000000000000008700b695b466469deeef6eae550fd0b4c5b58e4974eb0

get 1000 tx in 0000000000000000001e3bee45c24b1dab2b79a7b4c8e501a9fb5c0278d2bb49

get 2000 tx in 0000000000000000001aa9fe76bbeb75f53beae7e5ec01f42cba0ba97d48cf1e

get 200 tx in 0000000000000000000f0c16b592052e55f66659b1620c56aa310b232debc92a

get 1400 tx in 00000000000000000014863f805ca928b6a8701ed5808688fb1181d19cc231eb

get 3200 tx in 000000000000000000295565a4aa85396a0f8d89e4b848eafd132e9ae3fda194

get 2800 tx in 0000000000000000002c0e34e68db01ab0ae0527296a8d6c2c81ba061029117c

get 800 tx in 0000000000000000001e3043cc0eebaf7a409656524b5afa558ed56397b17b42

finish get block 569540  000000000000000000115f4feed11411631ca6826a38276361c9df91bb75ad3f

569509 2019-03-30 21:15:03
get 1800 tx in 000000000000000000175fc91807d8e8b5f56507fa27441cde839abb3447c934

get 2600 tx in 000000000000000000091a6a0f885f713ed8ab22d6f680b50bbe9c3059529996

get 600 tx in 00000000000000000008700b695b466469deeef6eae550fd0b4c5b58e4974eb0

get 1200 tx in 0000000000000000001e3bee45c24b1dab2b79a7b4c8e501a9fb5c0278d2bb49

get 400 tx in 0000000000000000000f0c16b592052e55f66659b1620c56aa310b232debc92a

get 1600 tx in 00000000000000000014863f805ca928b6a8701ed5808688fb1181d19cc231eb

get 3000 tx in 0000000000000000002c0e34e68db01ab0ae0527296a8d6c2c81ba061029117c

get 1000 tx in 0000000000000000001e3043cc0eebaf7a409656524b5afa558ed56397b17b42

get 200 tx in 000000000000000000202e5730a0b6bbaa2a5ab52bddab82ca3d49b4a50ad972

get 2000 tx in 000000000000000000175fc91807d8e8b5f56507fa27441cde839abb3447c934

get 2800 tx in 000000000000000000091a6a0f885f713ed8ab22d6f680b50bbe9c3059529996

get 800 tx in 00000000000000000008700b695b466469deeef6eae550fd0b4c5b58e4974eb0

get 600 tx in 0000000000000000000f0c16b592052e55f66659b1620c56aa310b232debc92a

get 1400 tx in 0000000000000000001e3bee45c24b1dab2b79a7b4c8e501a9fb5c0278d2bb49

get 1800 tx in 00000000000000000014863f805ca928b6a8701ed5808688fb1181d19cc231eb

get 3200 tx in 0000000000000000002c0e34e68db01ab0ae0527296a8d6c2c81ba061029117c

finish get block 569538  000000000000000000253903a502b6c60d21d319cf57248291764bf0164e7fb0

569508 2019-03-30 20:59:55
get 1200 tx in 0000000000000000001e3043cc0eebaf7a409656524b5afa558ed56397b17b42

get 400 tx in 000000000000000000202e5730a0b6bbaa2a5ab52bddab82ca3d49b4a50ad972

get 2200 tx in 000000000000000000175fc91807d8e8b5f56507fa27441cde839abb3447c934

get 3000 tx in 000000000000000000091a6a0f885f713ed8ab22d6f680b50bbe9c3059529996

get 1000 tx in 00000000000000000008700b695b466469deeef6eae550fd0b4c5b58e4974eb0

get 800 tx in 0000000000000000000f0c16b592052e55f66659b1620c56aa310b232debc92a

get 1600 tx in 0000000000000000001e3bee45c24b1dab2b79a7b4c8e501a9fb5c0278d2bb49

get 2000 tx in 00000000000000000014863f805ca928b6a8701ed5808688fb1181d19cc231eb

get 200 tx in 0000000000000000000bc615cefe169321e1532f82af9dc8df9c614590fbf8c3

get 1400 tx in 0000000000000000001e3043cc0eebaf7a409656524b5afa558ed56397b17b42

fa23403a346a54fe8bd8584d7c5cdfe2dc66e6cea6a810556280f9deb0258c20
list index out of range
get 600 tx in 000000000000000000202e5730a0b6bbaa2a5ab52bddab82ca3d49b4a50ad972

get 2400 tx in 000000000000000000175fc91807d8e8b5f56507fa27441cde839abb3447c934

finish get block 569537  0000000000000000001791433e4d33176be65d216ec8eb8515496a7ec4bfb763

569507 2019-03-30 20:59:07
get 1200 tx in 00000000000000000008700b695b466469deeef6eae550fd0b4c5b58e4974eb0

get 1000 tx in 0000000000000000000f0c16b592052e55f66659b1620c56aa310b232debc92a

get 1800 tx in 0000000000000000001e3bee45c24b1dab2b79a7b4c8e501a9fb5c0278d2bb49

get 2200 tx in 00000000000000000014863f805ca928b6a8701ed5808688fb1181d19cc231eb

'NoneType' object is not subscriptable None
get 400 tx in 0000000000000000000bc615cefe169321e1532f82af9dc8df9c614590fbf8c3

get 1600 tx in 0000000000000000001e3043cc0eebaf7a409656524b5afa558ed56397b17b42

get 800 tx in 000000000000000000202e5730a0b6bbaa2a5ab52bddab82ca3d49b4a50ad972

get 2600 tx in 000000000000000000175fc91807d8e8b5f56507fa27441cde839abb3447c934

get 1200 tx in 0000000000000000000f0c16b592052e55f66659b1620c56aa310b232debc92a

get 1400 tx in 00000000000000000008700b695b466469deeef6eae550fd0b4c5b58e4974eb0

get 2000 tx in 0000000000000000001e3bee45c24b1dab2b79a7b4c8e501a9fb5c0278d2bb49

get 200 tx in 00000000000000000007b43b24eef7e4fa72821b09b5d47bc6871a38463c61e7

get 2400 tx in 00000000000000000014863f805ca928b6a8701ed5808688fb1181d19cc231eb

get 600 tx in 0000000000000000000bc615cefe169321e1532f82af9dc8df9c614590fbf8c3

get 1800 tx in 0000000000000000001e3043cc0eebaf7a409656524b5afa558ed56397b17b42

finish get block 569536  0000000000000000002811f1528146267ee48c2da69713d93f20b3e3b9f0d01f

get 1000 tx in 000000000000000000202e5730a0b6bbaa2a5ab52bddab82ca3d49b4a50ad972

569506 2019-03-30 20:44:20
get 1600 tx in 00000000000000000008700b695b466469deeef6eae550fd0b4c5b58e4974eb0

get 400 tx in 00000000000000000007b43b24eef7e4fa72821b09b5d47bc6871a38463c61e7

get 2200 tx in 0000000000000000001e3bee45c24b1dab2b79a7b4c8e501a9fb5c0278d2bb49

get 2600 tx in 00000000000000000014863f805ca928b6a8701ed5808688fb1181d19cc231eb

get 800 tx in 0000000000000000000bc615cefe169321e1532f82af9dc8df9c614590fbf8c3

get 2000 tx in 0000000000000000001e3043cc0eebaf7a409656524b5afa558ed56397b17b42

get 1200 tx in 000000000000000000202e5730a0b6bbaa2a5ab52bddab82ca3d49b4a50ad972

get 200 tx in 000000000000000000132860002a7b62a35ec8e7e5a02d4161515ca5a401e272

get 1800 tx in 00000000000000000008700b695b466469deeef6eae550fd0b4c5b58e4974eb0

get 600 tx in 00000000000000000007b43b24eef7e4fa72821b09b5d47bc6871a38463c61e7

get 2800 tx in 00000000000000000014863f805ca928b6a8701ed5808688fb1181d19cc231eb

get 1000 tx in 0000000000000000000bc615cefe169321e1532f82af9dc8df9c614590fbf8c3

get 2200 tx in 0000000000000000001e3043cc0eebaf7a409656524b5afa558ed56397b17b42

get 1400 tx in 000000000000000000202e5730a0b6bbaa2a5ab52bddab82ca3d49b4a50ad972

get 400 tx in 000000000000000000132860002a7b62a35ec8e7e5a02d4161515ca5a401e272

get 2000 tx in 00000000000000000008700b695b466469deeef6eae550fd0b4c5b58e4974eb0

finish get block 569535  00000000000000000007bf8a26f5b2591284b6abdd569e22aaa4c5480bdb0afd

569505 2019-03-30 20:44:14
get 800 tx in 00000000000000000007b43b24eef7e4fa72821b09b5d47bc6871a38463c61e7

get 3000 tx in 00000000000000000014863f805ca928b6a8701ed5808688fb1181d19cc231eb

get 1200 tx in 0000000000000000000bc615cefe169321e1532f82af9dc8df9c614590fbf8c3

get 2400 tx in 0000000000000000001e3043cc0eebaf7a409656524b5afa558ed56397b17b42

get 1600 tx in 000000000000000000202e5730a0b6bbaa2a5ab52bddab82ca3d49b4a50ad972

get 600 tx in 000000000000000000132860002a7b62a35ec8e7e5a02d4161515ca5a401e272

get 2200 tx in 00000000000000000008700b695b466469deeef6eae550fd0b4c5b58e4974eb0

get 1000 tx in 00000000000000000007b43b24eef7e4fa72821b09b5d47bc6871a38463c61e7

get 3200 tx in 00000000000000000014863f805ca928b6a8701ed5808688fb1181d19cc231eb

get 200 tx in 00000000000000000021cebca6e465a463d2975d1706bc94397488dbcff63003

get 1400 tx in 0000000000000000000bc615cefe169321e1532f82af9dc8df9c614590fbf8c3

get 2600 tx in 0000000000000000001e3043cc0eebaf7a409656524b5afa558ed56397b17b42

'NoneType' object is not subscriptable None
get 1800 tx in 000000000000000000202e5730a0b6bbaa2a5ab52bddab82ca3d49b4a50ad972

get 800 tx in 000000000000000000132860002a7b62a35ec8e7e5a02d4161515ca5a401e272

get 2400 tx in 00000000000000000008700b695b466469deeef6eae550fd0b4c5b58e4974eb0

get 1200 tx in 00000000000000000007b43b24eef7e4fa72821b09b5d47bc6871a38463c61e7

'NoneType' object is not subscriptable None
finish get block 569534  000000000000000000233ec4587b2d5d7b5374b42088d94402a0ff308115c09f

569504 2019-03-30 20:44:07
get 3400 tx in 00000000000000000014863f805ca928b6a8701ed5808688fb1181d19cc231eb

get 400 tx in 00000000000000000021cebca6e465a463d2975d1706bc94397488dbcff63003

get 1600 tx in 0000000000000000000bc615cefe169321e1532f82af9dc8df9c614590fbf8c3

get 2800 tx in 0000000000000000001e3043cc0eebaf7a409656524b5afa558ed56397b17b42

get 2000 tx in 000000000000000000202e5730a0b6bbaa2a5ab52bddab82ca3d49b4a50ad972

get 1000 tx in 000000000000000000132860002a7b62a35ec8e7e5a02d4161515ca5a401e272

get 2600 tx in 00000000000000000008700b695b466469deeef6eae550fd0b4c5b58e4974eb0

get 1400 tx in 00000000000000000007b43b24eef7e4fa72821b09b5d47bc6871a38463c61e7

get 600 tx in 00000000000000000021cebca6e465a463d2975d1706bc94397488dbcff63003

get 200 tx in 00000000000000000027f6cd0ece2b5b5311c54fd498d0203bcf746de6714c94

get 1800 tx in 0000000000000000000bc615cefe169321e1532f82af9dc8df9c614590fbf8c3

get 3000 tx in 0000000000000000001e3043cc0eebaf7a409656524b5afa558ed56397b17b42

get 2200 tx in 000000000000000000202e5730a0b6bbaa2a5ab52bddab82ca3d49b4a50ad972

get 1200 tx in 000000000000000000132860002a7b62a35ec8e7e5a02d4161515ca5a401e272

finish get block 569533  00000000000000000029faee283a6ec6b4adce7fc67a17d5de577c3d0eeb3481

569503 2019-03-30 20:40:44
get 2800 tx in 00000000000000000008700b695b466469deeef6eae550fd0b4c5b58e4974eb0

get 1600 tx in 00000000000000000007b43b24eef7e4fa72821b09b5d47bc6871a38463c61e7

get 800 tx in 00000000000000000021cebca6e465a463d2975d1706bc94397488dbcff63003

get 2000 tx in 0000000000000000000bc615cefe169321e1532f82af9dc8df9c614590fbf8c3

get 400 tx in 00000000000000000027f6cd0ece2b5b5311c54fd498d0203bcf746de6714c94

get 3200 tx in 0000000000000000001e3043cc0eebaf7a409656524b5afa558ed56397b17b42

get 2400 tx in 000000000000000000202e5730a0b6bbaa2a5ab52bddab82ca3d49b4a50ad972

get 1400 tx in 000000000000000000132860002a7b62a35ec8e7e5a02d4161515ca5a401e272

get 3000 tx in 00000000000000000008700b695b466469deeef6eae550fd0b4c5b58e4974eb0

get 1800 tx in 00000000000000000007b43b24eef7e4fa72821b09b5d47bc6871a38463c61e7

get 200 tx in 00000000000000000015433e8ce58bc96436acc65f801bd971129c90bbfcd521

get 1000 tx in 00000000000000000021cebca6e465a463d2975d1706bc94397488dbcff63003

get 600 tx in 00000000000000000027f6cd0ece2b5b5311c54fd498d0203bcf746de6714c94

get 2600 tx in 000000000000000000202e5730a0b6bbaa2a5ab52bddab82ca3d49b4a50ad972

get 1600 tx in 000000000000000000132860002a7b62a35ec8e7e5a02d4161515ca5a401e272

get 3200 tx in 00000000000000000008700b695b466469deeef6eae550fd0b4c5b58e4974eb0

get 2000 tx in 00000000000000000007b43b24eef7e4fa72821b09b5d47bc6871a38463c61e7

get 400 tx in 00000000000000000015433e8ce58bc96436acc65f801bd971129c90bbfcd521

finish get block 569532  00000000000000000004ab4bf9c49f67c9189166ec8f52502e54c11a5e7368a3

569502 2019-03-30 20:32:41
get 1200 tx in 00000000000000000021cebca6e465a463d2975d1706bc94397488dbcff63003

get 800 tx in 00000000000000000027f6cd0ece2b5b5311c54fd498d0203bcf746de6714c94

get 2800 tx in 000000000000000000202e5730a0b6bbaa2a5ab52bddab82ca3d49b4a50ad972

get 1800 tx in 000000000000000000132860002a7b62a35ec8e7e5a02d4161515ca5a401e272

get 3400 tx in 00000000000000000008700b695b466469deeef6eae550fd0b4c5b58e4974eb0

get 2200 tx in 00000000000000000007b43b24eef7e4fa72821b09b5d47bc6871a38463c61e7

get 600 tx in 00000000000000000015433e8ce58bc96436acc65f801bd971129c90bbfcd521

get 1400 tx in 00000000000000000021cebca6e465a463d2975d1706bc94397488dbcff63003

get 200 tx in 0000000000000000001ad0f2f8c7eab850b893dbb006b99c652a422bf7d0e6d7

get 1000 tx in 00000000000000000027f6cd0ece2b5b5311c54fd498d0203bcf746de6714c94

get 3000 tx in 000000000000000000202e5730a0b6bbaa2a5ab52bddab82ca3d49b4a50ad972

get 3600 tx in 00000000000000000008700b695b466469deeef6eae550fd0b4c5b58e4974eb0

get 2400 tx in 00000000000000000007b43b24eef7e4fa72821b09b5d47bc6871a38463c61e7

get 800 tx in 00000000000000000015433e8ce58bc96436acc65f801bd971129c90bbfcd521

finish get block 569531  0000000000000000000702bb4e0c7f42f0d28c91a9da48819ae733d5e014f267

569501 2019-03-30 20:19:08
'NoneType' object is not subscriptable None
get 1600 tx in 00000000000000000021cebca6e465a463d2975d1706bc94397488dbcff63003

get 400 tx in 0000000000000000001ad0f2f8c7eab850b893dbb006b99c652a422bf7d0e6d7

get 1200 tx in 00000000000000000027f6cd0ece2b5b5311c54fd498d0203bcf746de6714c94

'NoneType' object is not subscriptable None
get 3200 tx in 000000000000000000202e5730a0b6bbaa2a5ab52bddab82ca3d49b4a50ad972

get 2600 tx in 00000000000000000007b43b24eef7e4fa72821b09b5d47bc6871a38463c61e7

get 1000 tx in 00000000000000000015433e8ce58bc96436acc65f801bd971129c90bbfcd521

get 200 tx in 0000000000000000000cbf7ddf488c87dbeeabde7a984464276c6c30ce144c2c

get 1800 tx in 00000000000000000021cebca6e465a463d2975d1706bc94397488dbcff63003

get 600 tx in 0000000000000000001ad0f2f8c7eab850b893dbb006b99c652a422bf7d0e6d7

get 1400 tx in 00000000000000000027f6cd0ece2b5b5311c54fd498d0203bcf746de6714c94

finish get block 569530  000000000000000000073f11854b3eb98db56026664f38fd5bf033fbfbd80100

569500 2019-03-30 20:17:57
get 2800 tx in 00000000000000000007b43b24eef7e4fa72821b09b5d47bc6871a38463c61e7

get 1200 tx in 00000000000000000015433e8ce58bc96436acc65f801bd971129c90bbfcd521

get 400 tx in 0000000000000000000cbf7ddf488c87dbeeabde7a984464276c6c30ce144c2c

get 2000 tx in 00000000000000000021cebca6e465a463d2975d1706bc94397488dbcff63003

get 800 tx in 0000000000000000001ad0f2f8c7eab850b893dbb006b99c652a422bf7d0e6d7

get 1600 tx in 00000000000000000027f6cd0ece2b5b5311c54fd498d0203bcf746de6714c94

get 3000 tx in 00000000000000000007b43b24eef7e4fa72821b09b5d47bc6871a38463c61e7

get 1400 tx in 00000000000000000015433e8ce58bc96436acc65f801bd971129c90bbfcd521

get 200 tx in 0000000000000000001eeeb4e26aca321dd2cb8d4ad1ec2eeb22c3f439048d92

get 600 tx in 0000000000000000000cbf7ddf488c87dbeeabde7a984464276c6c30ce144c2c

get 2200 tx in 00000000000000000021cebca6e465a463d2975d1706bc94397488dbcff63003

get 1000 tx in 0000000000000000001ad0f2f8c7eab850b893dbb006b99c652a422bf7d0e6d7

'NoneType' object is not subscriptable None
get 1800 tx in 00000000000000000027f6cd0ece2b5b5311c54fd498d0203bcf746de6714c94

finish get block 569528  00000000000000000020727ba95759ecd20fe93e4d6d5368ff6f7253beaf4c7c

569499 2019-03-30 20:14:40
get 3200 tx in 00000000000000000007b43b24eef7e4fa72821b09b5d47bc6871a38463c61e7

get 1600 tx in 00000000000000000015433e8ce58bc96436acc65f801bd971129c90bbfcd521

get 400 tx in 0000000000000000001eeeb4e26aca321dd2cb8d4ad1ec2eeb22c3f439048d92

get 800 tx in 0000000000000000000cbf7ddf488c87dbeeabde7a984464276c6c30ce144c2c

get 2400 tx in 00000000000000000021cebca6e465a463d2975d1706bc94397488dbcff63003

get 1200 tx in 0000000000000000001ad0f2f8c7eab850b893dbb006b99c652a422bf7d0e6d7

get 2000 tx in 00000000000000000027f6cd0ece2b5b5311c54fd498d0203bcf746de6714c94

get 200 tx in 000000000000000000241d302525e34b861f36e6869e307c0ae2471e6a2af5fb

get 1800 tx in 00000000000000000015433e8ce58bc96436acc65f801bd971129c90bbfcd521

get 600 tx in 0000000000000000001eeeb4e26aca321dd2cb8d4ad1ec2eeb22c3f439048d92

get 1000 tx in 0000000000000000000cbf7ddf488c87dbeeabde7a984464276c6c30ce144c2c

get 2600 tx in 00000000000000000021cebca6e465a463d2975d1706bc94397488dbcff63003

get 1400 tx in 0000000000000000001ad0f2f8c7eab850b893dbb006b99c652a422bf7d0e6d7

get 2200 tx in 00000000000000000027f6cd0ece2b5b5311c54fd498d0203bcf746de6714c94

get 400 tx in 000000000000000000241d302525e34b861f36e6869e307c0ae2471e6a2af5fb

finish get block 569529  00000000000000000006cba1868e1a89aaa55c5de4fe34204ddb0ab3c124d36c

get 2000 tx in 00000000000000000015433e8ce58bc96436acc65f801bd971129c90bbfcd521

569498 2019-03-30 20:08:18
get 800 tx in 0000000000000000001eeeb4e26aca321dd2cb8d4ad1ec2eeb22c3f439048d92

get 1200 tx in 0000000000000000000cbf7ddf488c87dbeeabde7a984464276c6c30ce144c2c

get 1600 tx in 0000000000000000001ad0f2f8c7eab850b893dbb006b99c652a422bf7d0e6d7

get 2400 tx in 00000000000000000027f6cd0ece2b5b5311c54fd498d0203bcf746de6714c94

get 600 tx in 000000000000000000241d302525e34b861f36e6869e307c0ae2471e6a2af5fb

get 2200 tx in 00000000000000000015433e8ce58bc96436acc65f801bd971129c90bbfcd521

get 200 tx in 000000000000000000187d18bcbd98f11009e790f11aa8668e25944c98cb136c

get 1000 tx in 0000000000000000001eeeb4e26aca321dd2cb8d4ad1ec2eeb22c3f439048d92

get 1400 tx in 0000000000000000000cbf7ddf488c87dbeeabde7a984464276c6c30ce144c2c

get 1800 tx in 0000000000000000001ad0f2f8c7eab850b893dbb006b99c652a422bf7d0e6d7

get 2600 tx in 00000000000000000027f6cd0ece2b5b5311c54fd498d0203bcf746de6714c94

get 800 tx in 000000000000000000241d302525e34b861f36e6869e307c0ae2471e6a2af5fb

finish get block 569527  000000000000000000035afeccb59b467b251b5daac34da087ab13026fb9b531

569497 2019-03-30 20:06:42
get 2400 tx in 00000000000000000015433e8ce58bc96436acc65f801bd971129c90bbfcd521

get 400 tx in 000000000000000000187d18bcbd98f11009e790f11aa8668e25944c98cb136c

get 1200 tx in 0000000000000000001eeeb4e26aca321dd2cb8d4ad1ec2eeb22c3f439048d92

get 1600 tx in 0000000000000000000cbf7ddf488c87dbeeabde7a984464276c6c30ce144c2c

get 2000 tx in 0000000000000000001ad0f2f8c7eab850b893dbb006b99c652a422bf7d0e6d7

get 1000 tx in 000000000000000000241d302525e34b861f36e6869e307c0ae2471e6a2af5fb

get 200 tx in 00000000000000000008f218ccc374cd56393adc325895da14661e4aa579ebad

get 2600 tx in 00000000000000000015433e8ce58bc96436acc65f801bd971129c90bbfcd521

get 600 tx in 000000000000000000187d18bcbd98f11009e790f11aa8668e25944c98cb136c

get 1800 tx in 0000000000000000000cbf7ddf488c87dbeeabde7a984464276c6c30ce144c2c

get 1400 tx in 0000000000000000001eeeb4e26aca321dd2cb8d4ad1ec2eeb22c3f439048d92

get 2200 tx in 0000000000000000001ad0f2f8c7eab850b893dbb006b99c652a422bf7d0e6d7

get 1200 tx in 000000000000000000241d302525e34b861f36e6869e307c0ae2471e6a2af5fb

finish get block 569526  00000000000000000012a9b33d3e3621567bd3577d0d6f75fdc946ac2057ac1c

569496 2019-03-30 19:55:47
get 2800 tx in 00000000000000000015433e8ce58bc96436acc65f801bd971129c90bbfcd521

get 400 tx in 00000000000000000008f218ccc374cd56393adc325895da14661e4aa579ebad

get 800 tx in 000000000000000000187d18bcbd98f11009e790f11aa8668e25944c98cb136c

get 2000 tx in 0000000000000000000cbf7ddf488c87dbeeabde7a984464276c6c30ce144c2c

get 1600 tx in 0000000000000000001eeeb4e26aca321dd2cb8d4ad1ec2eeb22c3f439048d92

get 2400 tx in 0000000000000000001ad0f2f8c7eab850b893dbb006b99c652a422bf7d0e6d7

get 1400 tx in 000000000000000000241d302525e34b861f36e6869e307c0ae2471e6a2af5fb

get 600 tx in 00000000000000000008f218ccc374cd56393adc325895da14661e4aa579ebad

get 3000 tx in 00000000000000000015433e8ce58bc96436acc65f801bd971129c90bbfcd521

get 200 tx in 00000000000000000006ecb30e324f31e7361303411a31071045ccf50a34de4c

get 1000 tx in 000000000000000000187d18bcbd98f11009e790f11aa8668e25944c98cb136c

get 2200 tx in 0000000000000000000cbf7ddf488c87dbeeabde7a984464276c6c30ce144c2c

get 1800 tx in 0000000000000000001eeeb4e26aca321dd2cb8d4ad1ec2eeb22c3f439048d92

get 2600 tx in 0000000000000000001ad0f2f8c7eab850b893dbb006b99c652a422bf7d0e6d7

get 1600 tx in 000000000000000000241d302525e34b861f36e6869e307c0ae2471e6a2af5fb

get 800 tx in 00000000000000000008f218ccc374cd56393adc325895da14661e4aa579ebad

get 3200 tx in 00000000000000000015433e8ce58bc96436acc65f801bd971129c90bbfcd521

get 400 tx in 00000000000000000006ecb30e324f31e7361303411a31071045ccf50a34de4c

get 1200 tx in 000000000000000000187d18bcbd98f11009e790f11aa8668e25944c98cb136c

get 2400 tx in 0000000000000000000cbf7ddf488c87dbeeabde7a984464276c6c30ce144c2c

finish get block 569525  0000000000000000001ef1dc12674f558ee1b4fb7934e2c5761f70874717e270

569495 2019-03-30 19:51:41
get 2000 tx in 0000000000000000001eeeb4e26aca321dd2cb8d4ad1ec2eeb22c3f439048d92

get 2800 tx in 0000000000000000001ad0f2f8c7eab850b893dbb006b99c652a422bf7d0e6d7

get 1800 tx in 000000000000000000241d302525e34b861f36e6869e307c0ae2471e6a2af5fb

get 1000 tx in 00000000000000000008f218ccc374cd56393adc325895da14661e4aa579ebad

get 600 tx in 00000000000000000006ecb30e324f31e7361303411a31071045ccf50a34de4c

get 2600 tx in 0000000000000000000cbf7ddf488c87dbeeabde7a984464276c6c30ce144c2c

get 1400 tx in 000000000000000000187d18bcbd98f11009e790f11aa8668e25944c98cb136c

get 2200 tx in 0000000000000000001eeeb4e26aca321dd2cb8d4ad1ec2eeb22c3f439048d92

get 200 tx in 00000000000000000013c5cf75e3d74b11f3d6c28298cd227388a021ebfde1b0

get 3000 tx in 0000000000000000001ad0f2f8c7eab850b893dbb006b99c652a422bf7d0e6d7

get 2000 tx in 000000000000000000241d302525e34b861f36e6869e307c0ae2471e6a2af5fb

get 1200 tx in 00000000000000000008f218ccc374cd56393adc325895da14661e4aa579ebad

get 800 tx in 00000000000000000006ecb30e324f31e7361303411a31071045ccf50a34de4c

get 2800 tx in 0000000000000000000cbf7ddf488c87dbeeabde7a984464276c6c30ce144c2c

get 1600 tx in 000000000000000000187d18bcbd98f11009e790f11aa8668e25944c98cb136c

get 2400 tx in 0000000000000000001eeeb4e26aca321dd2cb8d4ad1ec2eeb22c3f439048d92

get 3200 tx in 0000000000000000001ad0f2f8c7eab850b893dbb006b99c652a422bf7d0e6d7

get 400 tx in 00000000000000000013c5cf75e3d74b11f3d6c28298cd227388a021ebfde1b0

finish get block 569524  0000000000000000001e865b0007e457ca51b0d768598448b36393048db6e452

569494 2019-03-30 19:06:08
get 2200 tx in 000000000000000000241d302525e34b861f36e6869e307c0ae2471e6a2af5fb

'NoneType' object is not subscriptable None
get 1400 tx in 00000000000000000008f218ccc374cd56393adc325895da14661e4aa579ebad

get 1000 tx in 00000000000000000006ecb30e324f31e7361303411a31071045ccf50a34de4c

get 1800 tx in 000000000000000000187d18bcbd98f11009e790f11aa8668e25944c98cb136c

get 2600 tx in 0000000000000000001eeeb4e26aca321dd2cb8d4ad1ec2eeb22c3f439048d92

get 600 tx in 00000000000000000013c5cf75e3d74b11f3d6c28298cd227388a021ebfde1b0

get 200 tx in 000000000000000000056915d36409cdc220676056a0e931ec7cf820fc4b46fe

get 2400 tx in 000000000000000000241d302525e34b861f36e6869e307c0ae2471e6a2af5fb

finish get block 569520  00000000000000000018c75f327a97fff9edcaa0296a2e793ab9d09e2449ebf9

569493 2019-03-30 18:46:26
get 1600 tx in 00000000000000000008f218ccc374cd56393adc325895da14661e4aa579ebad

get 1200 tx in 00000000000000000006ecb30e324f31e7361303411a31071045ccf50a34de4c

get 2000 tx in 000000000000000000187d18bcbd98f11009e790f11aa8668e25944c98cb136c

get 2800 tx in 0000000000000000001eeeb4e26aca321dd2cb8d4ad1ec2eeb22c3f439048d92

get 800 tx in 00000000000000000013c5cf75e3d74b11f3d6c28298cd227388a021ebfde1b0

get 400 tx in 000000000000000000056915d36409cdc220676056a0e931ec7cf820fc4b46fe

get 2600 tx in 000000000000000000241d302525e34b861f36e6869e307c0ae2471e6a2af5fb

get 1800 tx in 00000000000000000008f218ccc374cd56393adc325895da14661e4aa579ebad

get 1400 tx in 00000000000000000006ecb30e324f31e7361303411a31071045ccf50a34de4c

get 200 tx in 0000000000000000002a0cf273baf52c22b8a04fdf95665cdcecd21bd56273ba

get 2200 tx in 000000000000000000187d18bcbd98f11009e790f11aa8668e25944c98cb136c

get 1000 tx in 00000000000000000013c5cf75e3d74b11f3d6c28298cd227388a021ebfde1b0

get 600 tx in 000000000000000000056915d36409cdc220676056a0e931ec7cf820fc4b46fe

get 2800 tx in 000000000000000000241d302525e34b861f36e6869e307c0ae2471e6a2af5fb

get 2000 tx in 00000000000000000008f218ccc374cd56393adc325895da14661e4aa579ebad

get 1600 tx in 00000000000000000006ecb30e324f31e7361303411a31071045ccf50a34de4c

get 400 tx in 0000000000000000002a0cf273baf52c22b8a04fdf95665cdcecd21bd56273ba

get 2400 tx in 000000000000000000187d18bcbd98f11009e790f11aa8668e25944c98cb136c

finish get block 569523  00000000000000000017510efdd01b10dc667db436b983c82c920c1fc0b491f0

569492 2019-03-30 18:25:38
get 1200 tx in 00000000000000000013c5cf75e3d74b11f3d6c28298cd227388a021ebfde1b0

get 800 tx in 000000000000000000056915d36409cdc220676056a0e931ec7cf820fc4b46fe

get 3000 tx in 000000000000000000241d302525e34b861f36e6869e307c0ae2471e6a2af5fb

get 2200 tx in 00000000000000000008f218ccc374cd56393adc325895da14661e4aa579ebad

get 1800 tx in 00000000000000000006ecb30e324f31e7361303411a31071045ccf50a34de4c

get 600 tx in 0000000000000000002a0cf273baf52c22b8a04fdf95665cdcecd21bd56273ba

get 2600 tx in 000000000000000000187d18bcbd98f11009e790f11aa8668e25944c98cb136c

get 1400 tx in 00000000000000000013c5cf75e3d74b11f3d6c28298cd227388a021ebfde1b0

get 200 tx in 000000000000000000080f1828e1385944389577e50af407f8fe081b815f3afe

get 1000 tx in 000000000000000000056915d36409cdc220676056a0e931ec7cf820fc4b46fe

get 2400 tx in 00000000000000000008f218ccc374cd56393adc325895da14661e4aa579ebad

get 800 tx in 0000000000000000002a0cf273baf52c22b8a04fdf95665cdcecd21bd56273ba

get 2000 tx in 00000000000000000006ecb30e324f31e7361303411a31071045ccf50a34de4c

get 2800 tx in 000000000000000000187d18bcbd98f11009e790f11aa8668e25944c98cb136c

get 400 tx in 000000000000000000080f1828e1385944389577e50af407f8fe081b815f3afe

get 1600 tx in 00000000000000000013c5cf75e3d74b11f3d6c28298cd227388a021ebfde1b0

get 1200 tx in 000000000000000000056915d36409cdc220676056a0e931ec7cf820fc4b46fe

finish get block 569522  0000000000000000000056e1ae764a76fee06ce78054bb84ef8b540ac0ce5cc8

569491 2019-03-30 18:06:21
9241734dcba0100cd7d629e1234154445ce5fe754fb359cfb5508aae4f1e210e
list index out of range
get 2600 tx in 00000000000000000008f218ccc374cd56393adc325895da14661e4aa579ebad

get 1000 tx in 0000000000000000002a0cf273baf52c22b8a04fdf95665cdcecd21bd56273ba

get 2200 tx in 00000000000000000006ecb30e324f31e7361303411a31071045ccf50a34de4c

get 3000 tx in 000000000000000000187d18bcbd98f11009e790f11aa8668e25944c98cb136c

get 600 tx in 000000000000000000080f1828e1385944389577e50af407f8fe081b815f3afe

get 1800 tx in 00000000000000000013c5cf75e3d74b11f3d6c28298cd227388a021ebfde1b0

get 1400 tx in 000000000000000000056915d36409cdc220676056a0e931ec7cf820fc4b46fe

get 200 tx in 0000000000000000001741fe4b64620ede124a388b493e250bcdb47efa28a886

get 2800 tx in 00000000000000000008f218ccc374cd56393adc325895da14661e4aa579ebad

get 2400 tx in 00000000000000000006ecb30e324f31e7361303411a31071045ccf50a34de4c

get 1200 tx in 0000000000000000002a0cf273baf52c22b8a04fdf95665cdcecd21bd56273ba

get 800 tx in 000000000000000000080f1828e1385944389577e50af407f8fe081b815f3afe

get 2000 tx in 00000000000000000013c5cf75e3d74b11f3d6c28298cd227388a021ebfde1b0

get 1600 tx in 000000000000000000056915d36409cdc220676056a0e931ec7cf820fc4b46fe

finish get block 569521  0000000000000000001cd25d7e65020f9c2ced693716a321c948a9bd94bce18e

569490 2019-03-30 18:02:49
get 400 tx in 0000000000000000001741fe4b64620ede124a388b493e250bcdb47efa28a886

get 3000 tx in 00000000000000000008f218ccc374cd56393adc325895da14661e4aa579ebad

get 2600 tx in 00000000000000000006ecb30e324f31e7361303411a31071045ccf50a34de4c

get 1400 tx in 0000000000000000002a0cf273baf52c22b8a04fdf95665cdcecd21bd56273ba

get 1000 tx in 000000000000000000080f1828e1385944389577e50af407f8fe081b815f3afe

get 1800 tx in 000000000000000000056915d36409cdc220676056a0e931ec7cf820fc4b46fe

get 2200 tx in 00000000000000000013c5cf75e3d74b11f3d6c28298cd227388a021ebfde1b0

45da6d98d022d7406f286319cfb0cc851c43d0aa4e1484895a9cf63d8e74e6dd
list index out of range
get 600 tx in 0000000000000000001741fe4b64620ede124a388b493e250bcdb47efa28a886

get 200 tx in 0000000000000000001656fdb2c307005cb41a37d6b02995392789e2c8f256d4

get 3200 tx in 00000000000000000008f218ccc374cd56393adc325895da14661e4aa579ebad

get 1600 tx in 0000000000000000002a0cf273baf52c22b8a04fdf95665cdcecd21bd56273ba

get 2800 tx in 00000000000000000006ecb30e324f31e7361303411a31071045ccf50a34de4c

finish get block 569516  0000000000000000001aa9fe76bbeb75f53beae7e5ec01f42cba0ba97d48cf1e

569489 2019-03-30 17:48:19
get 1200 tx in 000000000000000000080f1828e1385944389577e50af407f8fe081b815f3afe

get 2400 tx in 00000000000000000013c5cf75e3d74b11f3d6c28298cd227388a021ebfde1b0

get 2000 tx in 000000000000000000056915d36409cdc220676056a0e931ec7cf820fc4b46fe

ef271707d4a3bb4acbbb63025f0ff40ac871a9d4a10cd0d3cd3e118629c9e1bf
list index out of range
ae7c1cdac81618c5693bd4a6af7c12304e0d3bb1055b9b26ad24919d674a371a
list index out of range
get 800 tx in 0000000000000000001741fe4b64620ede124a388b493e250bcdb47efa28a886

get 400 tx in 0000000000000000001656fdb2c307005cb41a37d6b02995392789e2c8f256d4

get 1800 tx in 0000000000000000002a0cf273baf52c22b8a04fdf95665cdcecd21bd56273ba

get 3000 tx in 00000000000000000006ecb30e324f31e7361303411a31071045ccf50a34de4c

get 200 tx in 00000000000000000014d5912d8d4959717f319c0016bb07dfe4c757e08a6fa1

get 1400 tx in 000000000000000000080f1828e1385944389577e50af407f8fe081b815f3afe

get 2600 tx in 00000000000000000013c5cf75e3d74b11f3d6c28298cd227388a021ebfde1b0

get 2200 tx in 000000000000000000056915d36409cdc220676056a0e931ec7cf820fc4b46fe

get 1000 tx in 0000000000000000001741fe4b64620ede124a388b493e250bcdb47efa28a886

get 600 tx in 0000000000000000001656fdb2c307005cb41a37d6b02995392789e2c8f256d4

get 2000 tx in 0000000000000000002a0cf273baf52c22b8a04fdf95665cdcecd21bd56273ba

get 3200 tx in 00000000000000000006ecb30e324f31e7361303411a31071045ccf50a34de4c

get 400 tx in 00000000000000000014d5912d8d4959717f319c0016bb07dfe4c757e08a6fa1

get 2800 tx in 00000000000000000013c5cf75e3d74b11f3d6c28298cd227388a021ebfde1b0

get 1600 tx in 000000000000000000080f1828e1385944389577e50af407f8fe081b815f3afe

get 2400 tx in 000000000000000000056915d36409cdc220676056a0e931ec7cf820fc4b46fe

finish get block 569519  000000000000000000295565a4aa85396a0f8d89e4b848eafd132e9ae3fda194

569488 2019-03-30 17:29:13
743691bbe197ce210dd799820b81117ac86918f9eec5a60b55005b1412ae9271
list index out of range
get 1200 tx in 0000000000000000001741fe4b64620ede124a388b493e250bcdb47efa28a886

get 800 tx in 0000000000000000001656fdb2c307005cb41a37d6b02995392789e2c8f256d4

get 2200 tx in 0000000000000000002a0cf273baf52c22b8a04fdf95665cdcecd21bd56273ba

get 600 tx in 00000000000000000014d5912d8d4959717f319c0016bb07dfe4c757e08a6fa1

get 3000 tx in 00000000000000000013c5cf75e3d74b11f3d6c28298cd227388a021ebfde1b0

get 1800 tx in 000000000000000000080f1828e1385944389577e50af407f8fe081b815f3afe

get 2600 tx in 000000000000000000056915d36409cdc220676056a0e931ec7cf820fc4b46fe

get 200 tx in 0000000000000000001d094b5c2efae3020eaa18ea8679eb5a34883e5d70710c

get 1400 tx in 0000000000000000001741fe4b64620ede124a388b493e250bcdb47efa28a886

get 1000 tx in 0000000000000000001656fdb2c307005cb41a37d6b02995392789e2c8f256d4

get 2400 tx in 0000000000000000002a0cf273baf52c22b8a04fdf95665cdcecd21bd56273ba

get 800 tx in 00000000000000000014d5912d8d4959717f319c0016bb07dfe4c757e08a6fa1

get 2000 tx in 000000000000000000080f1828e1385944389577e50af407f8fe081b815f3afe

get 2800 tx in 000000000000000000056915d36409cdc220676056a0e931ec7cf820fc4b46fe

get 400 tx in 0000000000000000001d094b5c2efae3020eaa18ea8679eb5a34883e5d70710c

get 1600 tx in 0000000000000000001741fe4b64620ede124a388b493e250bcdb47efa28a886

finish get block 569518  0000000000000000002c0e34e68db01ab0ae0527296a8d6c2c81ba061029117c

569487 2019-03-30 17:20:33
get 1200 tx in 0000000000000000001656fdb2c307005cb41a37d6b02995392789e2c8f256d4

get 2600 tx in 0000000000000000002a0cf273baf52c22b8a04fdf95665cdcecd21bd56273ba

get 1000 tx in 00000000000000000014d5912d8d4959717f319c0016bb07dfe4c757e08a6fa1

get 2200 tx in 000000000000000000080f1828e1385944389577e50af407f8fe081b815f3afe

get 3000 tx in 000000000000000000056915d36409cdc220676056a0e931ec7cf820fc4b46fe

get 600 tx in 0000000000000000001d094b5c2efae3020eaa18ea8679eb5a34883e5d70710c

get 1800 tx in 0000000000000000001741fe4b64620ede124a388b493e250bcdb47efa28a886

get 1400 tx in 0000000000000000001656fdb2c307005cb41a37d6b02995392789e2c8f256d4

get 200 tx in 00000000000000000013f23da2d6cd41e62512cc5f9efb067cb3564b449f5572

get 2800 tx in 0000000000000000002a0cf273baf52c22b8a04fdf95665cdcecd21bd56273ba

get 2400 tx in 000000000000000000080f1828e1385944389577e50af407f8fe081b815f3afe

get 1200 tx in 00000000000000000014d5912d8d4959717f319c0016bb07dfe4c757e08a6fa1

get 3200 tx in 000000000000000000056915d36409cdc220676056a0e931ec7cf820fc4b46fe

get 800 tx in 0000000000000000001d094b5c2efae3020eaa18ea8679eb5a34883e5d70710c

get 2000 tx in 0000000000000000001741fe4b64620ede124a388b493e250bcdb47efa28a886

get 400 tx in 00000000000000000013f23da2d6cd41e62512cc5f9efb067cb3564b449f5572

get 1600 tx in 0000000000000000001656fdb2c307005cb41a37d6b02995392789e2c8f256d4

get 3000 tx in 0000000000000000002a0cf273baf52c22b8a04fdf95665cdcecd21bd56273ba

finish get block 569517  000000000000000000091a6a0f885f713ed8ab22d6f680b50bbe9c3059529996

569486 2019-03-30 17:04:26
get 2600 tx in 000000000000000000080f1828e1385944389577e50af407f8fe081b815f3afe

get 1400 tx in 00000000000000000014d5912d8d4959717f319c0016bb07dfe4c757e08a6fa1

get 3400 tx in 000000000000000000056915d36409cdc220676056a0e931ec7cf820fc4b46fe

get 1000 tx in 0000000000000000001d094b5c2efae3020eaa18ea8679eb5a34883e5d70710c

get 2200 tx in 0000000000000000001741fe4b64620ede124a388b493e250bcdb47efa28a886

get 1800 tx in 0000000000000000001656fdb2c307005cb41a37d6b02995392789e2c8f256d4

get 600 tx in 00000000000000000013f23da2d6cd41e62512cc5f9efb067cb3564b449f5572

get 200 tx in 00000000000000000023714c465d5a1819a20346002b432fd137904d046f73de

get 2800 tx in 000000000000000000080f1828e1385944389577e50af407f8fe081b815f3afe

get 1600 tx in 00000000000000000014d5912d8d4959717f319c0016bb07dfe4c757e08a6fa1

get 1200 tx in 0000000000000000001d094b5c2efae3020eaa18ea8679eb5a34883e5d70710c

get 2400 tx in 0000000000000000001741fe4b64620ede124a388b493e250bcdb47efa28a886

get 2000 tx in 0000000000000000001656fdb2c307005cb41a37d6b02995392789e2c8f256d4

get 800 tx in 00000000000000000013f23da2d6cd41e62512cc5f9efb067cb3564b449f5572

finish get block 569515  000000000000000000175fc91807d8e8b5f56507fa27441cde839abb3447c934

569485 2019-03-30 17:00:08
get 400 tx in 00000000000000000023714c465d5a1819a20346002b432fd137904d046f73de

get 3000 tx in 000000000000000000080f1828e1385944389577e50af407f8fe081b815f3afe

get 1800 tx in 00000000000000000014d5912d8d4959717f319c0016bb07dfe4c757e08a6fa1

get 1400 tx in 0000000000000000001d094b5c2efae3020eaa18ea8679eb5a34883e5d70710c

get 1000 tx in 00000000000000000013f23da2d6cd41e62512cc5f9efb067cb3564b449f5572

get 2200 tx in 0000000000000000001656fdb2c307005cb41a37d6b02995392789e2c8f256d4

finish get block 569510  0000000000000000000f0c16b592052e55f66659b1620c56aa310b232debc92a

569484 2019-03-30 16:52:23
get 200 tx in 00000000000000000018d2e71887b9e5f3117dece2f1f7f7dedf826440b5a3fd

get 600 tx in 00000000000000000023714c465d5a1819a20346002b432fd137904d046f73de

get 3200 tx in 000000000000000000080f1828e1385944389577e50af407f8fe081b815f3afe

get 2000 tx in 00000000000000000014d5912d8d4959717f319c0016bb07dfe4c757e08a6fa1

get 1600 tx in 0000000000000000001d094b5c2efae3020eaa18ea8679eb5a34883e5d70710c

get 1200 tx in 00000000000000000013f23da2d6cd41e62512cc5f9efb067cb3564b449f5572

get 200 tx in 0000000000000000001eb75ab74f22ee3d0f45ac1ee7a1eb23a0823b070c2b93

get 400 tx in 00000000000000000018d2e71887b9e5f3117dece2f1f7f7dedf826440b5a3fd

get 800 tx in 00000000000000000023714c465d5a1819a20346002b432fd137904d046f73de

get 2200 tx in 00000000000000000014d5912d8d4959717f319c0016bb07dfe4c757e08a6fa1

get 1800 tx in 0000000000000000001d094b5c2efae3020eaa18ea8679eb5a34883e5d70710c

finish get block 569513  0000000000000000001e3bee45c24b1dab2b79a7b4c8e501a9fb5c0278d2bb49

569483 2019-03-30 16:41:59
get 1400 tx in 00000000000000000013f23da2d6cd41e62512cc5f9efb067cb3564b449f5572

get 400 tx in 0000000000000000001eb75ab74f22ee3d0f45ac1ee7a1eb23a0823b070c2b93

get 600 tx in 00000000000000000018d2e71887b9e5f3117dece2f1f7f7dedf826440b5a3fd

get 1000 tx in 00000000000000000023714c465d5a1819a20346002b432fd137904d046f73de

get 2400 tx in 00000000000000000014d5912d8d4959717f319c0016bb07dfe4c757e08a6fa1

get 2000 tx in 0000000000000000001d094b5c2efae3020eaa18ea8679eb5a34883e5d70710c

get 200 tx in 000000000000000000232dc2ca68e7a249b5e11c32dd633c41dc24d82e9ac44c

get 1600 tx in 00000000000000000013f23da2d6cd41e62512cc5f9efb067cb3564b449f5572

get 600 tx in 0000000000000000001eb75ab74f22ee3d0f45ac1ee7a1eb23a0823b070c2b93

get 800 tx in 00000000000000000018d2e71887b9e5f3117dece2f1f7f7dedf826440b5a3fd

'NoneType' object is not subscriptable None
get 1200 tx in 00000000000000000023714c465d5a1819a20346002b432fd137904d046f73de

12ee5831d2d4b7e36a7d2192812ce407ec0d66ebf82fa4e57c1ccba43bed0013
list index out of range
get 2600 tx in 00000000000000000014d5912d8d4959717f319c0016bb07dfe4c757e08a6fa1

get 2200 tx in 0000000000000000001d094b5c2efae3020eaa18ea8679eb5a34883e5d70710c

get 400 tx in 000000000000000000232dc2ca68e7a249b5e11c32dd633c41dc24d82e9ac44c

get 1800 tx in 00000000000000000013f23da2d6cd41e62512cc5f9efb067cb3564b449f5572

get 800 tx in 0000000000000000001eb75ab74f22ee3d0f45ac1ee7a1eb23a0823b070c2b93

get 1000 tx in 00000000000000000018d2e71887b9e5f3117dece2f1f7f7dedf826440b5a3fd

get 1400 tx in 00000000000000000023714c465d5a1819a20346002b432fd137904d046f73de

finish get block 569514  00000000000000000014863f805ca928b6a8701ed5808688fb1181d19cc231eb

569482 2019-03-30 16:18:26
get 2800 tx in 00000000000000000014d5912d8d4959717f319c0016bb07dfe4c757e08a6fa1

get 2400 tx in 0000000000000000001d094b5c2efae3020eaa18ea8679eb5a34883e5d70710c

get 600 tx in 000000000000000000232dc2ca68e7a249b5e11c32dd633c41dc24d82e9ac44c

get 2000 tx in 00000000000000000013f23da2d6cd41e62512cc5f9efb067cb3564b449f5572

get 1000 tx in 0000000000000000001eb75ab74f22ee3d0f45ac1ee7a1eb23a0823b070c2b93

get 1200 tx in 00000000000000000018d2e71887b9e5f3117dece2f1f7f7dedf826440b5a3fd

get 1600 tx in 00000000000000000023714c465d5a1819a20346002b432fd137904d046f73de

get 3000 tx in 00000000000000000014d5912d8d4959717f319c0016bb07dfe4c757e08a6fa1

get 200 tx in 00000000000000000023df46773b51e9a32da0d06a0429a3d8267d01f1b3b47d

get 2600 tx in 0000000000000000001d094b5c2efae3020eaa18ea8679eb5a34883e5d70710c

finish get block 569508  0000000000000000000bc615cefe169321e1532f82af9dc8df9c614590fbf8c3

569481 2019-03-30 15:32:34
get 800 tx in 000000000000000000232dc2ca68e7a249b5e11c32dd633c41dc24d82e9ac44c

get 2200 tx in 00000000000000000013f23da2d6cd41e62512cc5f9efb067cb3564b449f5572

get 1200 tx in 0000000000000000001eb75ab74f22ee3d0f45ac1ee7a1eb23a0823b070c2b93

get 1400 tx in 00000000000000000018d2e71887b9e5f3117dece2f1f7f7dedf826440b5a3fd

get 1800 tx in 00000000000000000023714c465d5a1819a20346002b432fd137904d046f73de

get 400 tx in 00000000000000000023df46773b51e9a32da0d06a0429a3d8267d01f1b3b47d

get 2800 tx in 0000000000000000001d094b5c2efae3020eaa18ea8679eb5a34883e5d70710c

get 1000 tx in 000000000000000000232dc2ca68e7a249b5e11c32dd633c41dc24d82e9ac44c

get 200 tx in 0000000000000000002b1e463230af5e75da46a4665a43ce2100c0e297a4d87c

get 2400 tx in 00000000000000000013f23da2d6cd41e62512cc5f9efb067cb3564b449f5572

get 1400 tx in 0000000000000000001eb75ab74f22ee3d0f45ac1ee7a1eb23a0823b070c2b93

get 1600 tx in 00000000000000000018d2e71887b9e5f3117dece2f1f7f7dedf826440b5a3fd

get 2000 tx in 00000000000000000023714c465d5a1819a20346002b432fd137904d046f73de

get 600 tx in 00000000000000000023df46773b51e9a32da0d06a0429a3d8267d01f1b3b47d

get 3000 tx in 0000000000000000001d094b5c2efae3020eaa18ea8679eb5a34883e5d70710c

get 1200 tx in 000000000000000000232dc2ca68e7a249b5e11c32dd633c41dc24d82e9ac44c

get 400 tx in 0000000000000000002b1e463230af5e75da46a4665a43ce2100c0e297a4d87c

get 2600 tx in 00000000000000000013f23da2d6cd41e62512cc5f9efb067cb3564b449f5572

get 1600 tx in 0000000000000000001eb75ab74f22ee3d0f45ac1ee7a1eb23a0823b070c2b93

finish get block 569512  0000000000000000001e3043cc0eebaf7a409656524b5afa558ed56397b17b42

569480 2019-03-30 15:30:27
get 1800 tx in 00000000000000000018d2e71887b9e5f3117dece2f1f7f7dedf826440b5a3fd

get 2200 tx in 00000000000000000023714c465d5a1819a20346002b432fd137904d046f73de

get 800 tx in 00000000000000000023df46773b51e9a32da0d06a0429a3d8267d01f1b3b47d

get 1400 tx in 000000000000000000232dc2ca68e7a249b5e11c32dd633c41dc24d82e9ac44c

get 600 tx in 0000000000000000002b1e463230af5e75da46a4665a43ce2100c0e297a4d87c

get 2800 tx in 00000000000000000013f23da2d6cd41e62512cc5f9efb067cb3564b449f5572

get 1800 tx in 0000000000000000001eb75ab74f22ee3d0f45ac1ee7a1eb23a0823b070c2b93

get 200 tx in 000000000000000000142cb317fa5772fa2442eb36a8539dec0d2be8cc0f315a

get 2000 tx in 00000000000000000018d2e71887b9e5f3117dece2f1f7f7dedf826440b5a3fd

get 2400 tx in 00000000000000000023714c465d5a1819a20346002b432fd137904d046f73de

finish get block 569506  000000000000000000132860002a7b62a35ec8e7e5a02d4161515ca5a401e272

569479 2019-03-30 15:19:39
get 1000 tx in 00000000000000000023df46773b51e9a32da0d06a0429a3d8267d01f1b3b47d

get 1600 tx in 000000000000000000232dc2ca68e7a249b5e11c32dd633c41dc24d82e9ac44c

get 800 tx in 0000000000000000002b1e463230af5e75da46a4665a43ce2100c0e297a4d87c

get 3000 tx in 00000000000000000013f23da2d6cd41e62512cc5f9efb067cb3564b449f5572

get 2000 tx in 0000000000000000001eb75ab74f22ee3d0f45ac1ee7a1eb23a0823b070c2b93

get 400 tx in 000000000000000000142cb317fa5772fa2442eb36a8539dec0d2be8cc0f315a

get 2600 tx in 00000000000000000023714c465d5a1819a20346002b432fd137904d046f73de

get 2200 tx in 00000000000000000018d2e71887b9e5f3117dece2f1f7f7dedf826440b5a3fd

get 200 tx in 000000000000000000269804cd624d2755e3cf24c61c8e0bcd5b441921063059

get 1200 tx in 00000000000000000023df46773b51e9a32da0d06a0429a3d8267d01f1b3b47d

get 1800 tx in 000000000000000000232dc2ca68e7a249b5e11c32dd633c41dc24d82e9ac44c

get 1000 tx in 0000000000000000002b1e463230af5e75da46a4665a43ce2100c0e297a4d87c

get 3200 tx in 00000000000000000013f23da2d6cd41e62512cc5f9efb067cb3564b449f5572

get 2200 tx in 0000000000000000001eb75ab74f22ee3d0f45ac1ee7a1eb23a0823b070c2b93

get 2800 tx in 00000000000000000023714c465d5a1819a20346002b432fd137904d046f73de

get 600 tx in 000000000000000000142cb317fa5772fa2442eb36a8539dec0d2be8cc0f315a

get 400 tx in 000000000000000000269804cd624d2755e3cf24c61c8e0bcd5b441921063059

get 1400 tx in 00000000000000000023df46773b51e9a32da0d06a0429a3d8267d01f1b3b47d

finish get block 569511  00000000000000000008700b695b466469deeef6eae550fd0b4c5b58e4974eb0

569478 2019-03-30 15:08:28
get 2000 tx in 000000000000000000232dc2ca68e7a249b5e11c32dd633c41dc24d82e9ac44c

get 1200 tx in 0000000000000000002b1e463230af5e75da46a4665a43ce2100c0e297a4d87c

get 2400 tx in 0000000000000000001eb75ab74f22ee3d0f45ac1ee7a1eb23a0823b070c2b93

get 800 tx in 000000000000000000142cb317fa5772fa2442eb36a8539dec0d2be8cc0f315a

get 3000 tx in 00000000000000000023714c465d5a1819a20346002b432fd137904d046f73de

get 600 tx in 000000000000000000269804cd624d2755e3cf24c61c8e0bcd5b441921063059

get 1600 tx in 00000000000000000023df46773b51e9a32da0d06a0429a3d8267d01f1b3b47d

get 2200 tx in 000000000000000000232dc2ca68e7a249b5e11c32dd633c41dc24d82e9ac44c

get 200 tx in 000000000000000000087becae3c5ead6756613aa874e1746e0cf595b188c3c0

get 1400 tx in 0000000000000000002b1e463230af5e75da46a4665a43ce2100c0e297a4d87c

get 1000 tx in 000000000000000000142cb317fa5772fa2442eb36a8539dec0d2be8cc0f315a

get 3200 tx in 00000000000000000023714c465d5a1819a20346002b432fd137904d046f73de

get 800 tx in 000000000000000000269804cd624d2755e3cf24c61c8e0bcd5b441921063059

get 1800 tx in 00000000000000000023df46773b51e9a32da0d06a0429a3d8267d01f1b3b47d

get 2400 tx in 000000000000000000232dc2ca68e7a249b5e11c32dd633c41dc24d82e9ac44c

get 400 tx in 000000000000000000087becae3c5ead6756613aa874e1746e0cf595b188c3c0

get 1600 tx in 0000000000000000002b1e463230af5e75da46a4665a43ce2100c0e297a4d87c

finish get block 569509  000000000000000000202e5730a0b6bbaa2a5ab52bddab82ca3d49b4a50ad972

569477 2019-03-30 15:00:32
get 1200 tx in 000000000000000000142cb317fa5772fa2442eb36a8539dec0d2be8cc0f315a

get 1000 tx in 000000000000000000269804cd624d2755e3cf24c61c8e0bcd5b441921063059

get 2000 tx in 00000000000000000023df46773b51e9a32da0d06a0429a3d8267d01f1b3b47d

get 2600 tx in 000000000000000000232dc2ca68e7a249b5e11c32dd633c41dc24d82e9ac44c

get 600 tx in 000000000000000000087becae3c5ead6756613aa874e1746e0cf595b188c3c0

get 1800 tx in 0000000000000000002b1e463230af5e75da46a4665a43ce2100c0e297a4d87c

get 200 tx in 00000000000000000001c53cffe80d109486a9ca4821dad58ee4dc613e1d93fd

get 1400 tx in 000000000000000000142cb317fa5772fa2442eb36a8539dec0d2be8cc0f315a

get 1200 tx in 000000000000000000269804cd624d2755e3cf24c61c8e0bcd5b441921063059

get 2200 tx in 00000000000000000023df46773b51e9a32da0d06a0429a3d8267d01f1b3b47d

get 800 tx in 000000000000000000087becae3c5ead6756613aa874e1746e0cf595b188c3c0

get 2000 tx in 0000000000000000002b1e463230af5e75da46a4665a43ce2100c0e297a4d87c

get 400 tx in 00000000000000000001c53cffe80d109486a9ca4821dad58ee4dc613e1d93fd

get 1600 tx in 000000000000000000142cb317fa5772fa2442eb36a8539dec0d2be8cc0f315a

finish get block 569507  00000000000000000007b43b24eef7e4fa72821b09b5d47bc6871a38463c61e7

569476 2019-03-30 14:30:55
get 1400 tx in 000000000000000000269804cd624d2755e3cf24c61c8e0bcd5b441921063059

get 2400 tx in 00000000000000000023df46773b51e9a32da0d06a0429a3d8267d01f1b3b47d

get 1000 tx in 000000000000000000087becae3c5ead6756613aa874e1746e0cf595b188c3c0

get 2200 tx in 0000000000000000002b1e463230af5e75da46a4665a43ce2100c0e297a4d87c

get 600 tx in 00000000000000000001c53cffe80d109486a9ca4821dad58ee4dc613e1d93fd

get 1800 tx in 000000000000000000142cb317fa5772fa2442eb36a8539dec0d2be8cc0f315a

get 1600 tx in 000000000000000000269804cd624d2755e3cf24c61c8e0bcd5b441921063059

get 200 tx in 00000000000000000002d38cdf339f5a799b04dc78e5dbbb2ad2dace8b621d09

get 2600 tx in 00000000000000000023df46773b51e9a32da0d06a0429a3d8267d01f1b3b47d

get 1200 tx in 000000000000000000087becae3c5ead6756613aa874e1746e0cf595b188c3c0

get 2400 tx in 0000000000000000002b1e463230af5e75da46a4665a43ce2100c0e297a4d87c

get 800 tx in 00000000000000000001c53cffe80d109486a9ca4821dad58ee4dc613e1d93fd

get 2000 tx in 000000000000000000142cb317fa5772fa2442eb36a8539dec0d2be8cc0f315a

finish get block 569505  00000000000000000021cebca6e465a463d2975d1706bc94397488dbcff63003

569475 2019-03-30 14:25:59
get 1800 tx in 000000000000000000269804cd624d2755e3cf24c61c8e0bcd5b441921063059

get 400 tx in 00000000000000000002d38cdf339f5a799b04dc78e5dbbb2ad2dace8b621d09

get 2800 tx in 00000000000000000023df46773b51e9a32da0d06a0429a3d8267d01f1b3b47d

get 2600 tx in 0000000000000000002b1e463230af5e75da46a4665a43ce2100c0e297a4d87c

get 1400 tx in 000000000000000000087becae3c5ead6756613aa874e1746e0cf595b188c3c0

get 1000 tx in 00000000000000000001c53cffe80d109486a9ca4821dad58ee4dc613e1d93fd

get 2200 tx in 000000000000000000142cb317fa5772fa2442eb36a8539dec0d2be8cc0f315a

get 2000 tx in 000000000000000000269804cd624d2755e3cf24c61c8e0bcd5b441921063059

get 3000 tx in 00000000000000000023df46773b51e9a32da0d06a0429a3d8267d01f1b3b47d

get 600 tx in 00000000000000000002d38cdf339f5a799b04dc78e5dbbb2ad2dace8b621d09

get 200 tx in 0000000000000000001c0c0f71ccb76f75ada088d0295cf50de349f3b02d620c

get 2800 tx in 0000000000000000002b1e463230af5e75da46a4665a43ce2100c0e297a4d87c

get 1600 tx in 000000000000000000087becae3c5ead6756613aa874e1746e0cf595b188c3c0

get 1200 tx in 00000000000000000001c53cffe80d109486a9ca4821dad58ee4dc613e1d93fd

get 2400 tx in 000000000000000000142cb317fa5772fa2442eb36a8539dec0d2be8cc0f315a

finish get block 569504  00000000000000000027f6cd0ece2b5b5311c54fd498d0203bcf746de6714c94

569474 2019-03-30 14:23:02
get 2200 tx in 000000000000000000269804cd624d2755e3cf24c61c8e0bcd5b441921063059

get 800 tx in 00000000000000000002d38cdf339f5a799b04dc78e5dbbb2ad2dace8b621d09

get 400 tx in 0000000000000000001c0c0f71ccb76f75ada088d0295cf50de349f3b02d620c

get 3000 tx in 0000000000000000002b1e463230af5e75da46a4665a43ce2100c0e297a4d87c

get 1800 tx in 000000000000000000087becae3c5ead6756613aa874e1746e0cf595b188c3c0

get 1400 tx in 00000000000000000001c53cffe80d109486a9ca4821dad58ee4dc613e1d93fd

get 2600 tx in 000000000000000000142cb317fa5772fa2442eb36a8539dec0d2be8cc0f315a

get 2400 tx in 000000000000000000269804cd624d2755e3cf24c61c8e0bcd5b441921063059

get 200 tx in 000000000000000000021b04f6e7bdc1395026edc2c82be5a01a4ed8e7557253

get 1000 tx in 00000000000000000002d38cdf339f5a799b04dc78e5dbbb2ad2dace8b621d09

get 600 tx in 0000000000000000001c0c0f71ccb76f75ada088d0295cf50de349f3b02d620c

get 2000 tx in 000000000000000000087becae3c5ead6756613aa874e1746e0cf595b188c3c0

get 1600 tx in 00000000000000000001c53cffe80d109486a9ca4821dad58ee4dc613e1d93fd

get 2800 tx in 000000000000000000142cb317fa5772fa2442eb36a8539dec0d2be8cc0f315a

get 2600 tx in 000000000000000000269804cd624d2755e3cf24c61c8e0bcd5b441921063059

get 400 tx in 000000000000000000021b04f6e7bdc1395026edc2c82be5a01a4ed8e7557253

get 1200 tx in 00000000000000000002d38cdf339f5a799b04dc78e5dbbb2ad2dace8b621d09

get 800 tx in 0000000000000000001c0c0f71ccb76f75ada088d0295cf50de349f3b02d620c

finish get block 569503  00000000000000000015433e8ce58bc96436acc65f801bd971129c90bbfcd521

569473 2019-03-30 14:22:14
get 2200 tx in 000000000000000000087becae3c5ead6756613aa874e1746e0cf595b188c3c0

get 1800 tx in 00000000000000000001c53cffe80d109486a9ca4821dad58ee4dc613e1d93fd

get 3000 tx in 000000000000000000142cb317fa5772fa2442eb36a8539dec0d2be8cc0f315a

get 2800 tx in 000000000000000000269804cd624d2755e3cf24c61c8e0bcd5b441921063059

get 600 tx in 000000000000000000021b04f6e7bdc1395026edc2c82be5a01a4ed8e7557253

get 1400 tx in 00000000000000000002d38cdf339f5a799b04dc78e5dbbb2ad2dace8b621d09

get 1000 tx in 0000000000000000001c0c0f71ccb76f75ada088d0295cf50de349f3b02d620c

get 2400 tx in 000000000000000000087becae3c5ead6756613aa874e1746e0cf595b188c3c0

get 200 tx in 0000000000000000000bac3664672a707b7e1c46bf73fe1bd747c3fd9558ab8b

get 2000 tx in 00000000000000000001c53cffe80d109486a9ca4821dad58ee4dc613e1d93fd

get 3000 tx in 000000000000000000269804cd624d2755e3cf24c61c8e0bcd5b441921063059

get 800 tx in 000000000000000000021b04f6e7bdc1395026edc2c82be5a01a4ed8e7557253

get 1600 tx in 00000000000000000002d38cdf339f5a799b04dc78e5dbbb2ad2dace8b621d09

get 1200 tx in 0000000000000000001c0c0f71ccb76f75ada088d0295cf50de349f3b02d620c

get 2600 tx in 000000000000000000087becae3c5ead6756613aa874e1746e0cf595b188c3c0

get 400 tx in 0000000000000000000bac3664672a707b7e1c46bf73fe1bd747c3fd9558ab8b

get 2200 tx in 00000000000000000001c53cffe80d109486a9ca4821dad58ee4dc613e1d93fd

finish get block 569502  0000000000000000001ad0f2f8c7eab850b893dbb006b99c652a422bf7d0e6d7

569472 2019-03-30 13:57:14
get 1000 tx in 000000000000000000021b04f6e7bdc1395026edc2c82be5a01a4ed8e7557253

get 1800 tx in 00000000000000000002d38cdf339f5a799b04dc78e5dbbb2ad2dace8b621d09

get 1400 tx in 0000000000000000001c0c0f71ccb76f75ada088d0295cf50de349f3b02d620c

get 2800 tx in 000000000000000000087becae3c5ead6756613aa874e1746e0cf595b188c3c0

get 600 tx in 0000000000000000000bac3664672a707b7e1c46bf73fe1bd747c3fd9558ab8b

get 2400 tx in 00000000000000000001c53cffe80d109486a9ca4821dad58ee4dc613e1d93fd

get 200 tx in 0000000000000000000beab8c677e49432d3e00afa7656295cabee3265837c2e

get 1200 tx in 000000000000000000021b04f6e7bdc1395026edc2c82be5a01a4ed8e7557253

get 2000 tx in 00000000000000000002d38cdf339f5a799b04dc78e5dbbb2ad2dace8b621d09

get 1600 tx in 0000000000000000001c0c0f71ccb76f75ada088d0295cf50de349f3b02d620c

get 800 tx in 0000000000000000000bac3664672a707b7e1c46bf73fe1bd747c3fd9558ab8b

get 2600 tx in 00000000000000000001c53cffe80d109486a9ca4821dad58ee4dc613e1d93fd

get 400 tx in 0000000000000000000beab8c677e49432d3e00afa7656295cabee3265837c2e

finish get block 569501  0000000000000000000cbf7ddf488c87dbeeabde7a984464276c6c30ce144c2c

569471 2019-03-30 13:55:27
get 1400 tx in 000000000000000000021b04f6e7bdc1395026edc2c82be5a01a4ed8e7557253

get 1800 tx in 0000000000000000001c0c0f71ccb76f75ada088d0295cf50de349f3b02d620c

get 2200 tx in 00000000000000000002d38cdf339f5a799b04dc78e5dbbb2ad2dace8b621d09

get 1000 tx in 0000000000000000000bac3664672a707b7e1c46bf73fe1bd747c3fd9558ab8b

get 2800 tx in 00000000000000000001c53cffe80d109486a9ca4821dad58ee4dc613e1d93fd

get 600 tx in 0000000000000000000beab8c677e49432d3e00afa7656295cabee3265837c2e

get 200 tx in 000000000000000000264244e48a139717d02c6186c0b845f040e57d44e9c271

get 1600 tx in 000000000000000000021b04f6e7bdc1395026edc2c82be5a01a4ed8e7557253

get 2000 tx in 0000000000000000001c0c0f71ccb76f75ada088d0295cf50de349f3b02d620c

get 2400 tx in 00000000000000000002d38cdf339f5a799b04dc78e5dbbb2ad2dace8b621d09

get 1200 tx in 0000000000000000000bac3664672a707b7e1c46bf73fe1bd747c3fd9558ab8b

get 3000 tx in 00000000000000000001c53cffe80d109486a9ca4821dad58ee4dc613e1d93fd

get 800 tx in 0000000000000000000beab8c677e49432d3e00afa7656295cabee3265837c2e

finish get block 569500  0000000000000000001eeeb4e26aca321dd2cb8d4ad1ec2eeb22c3f439048d92

569470 2019-03-30 13:35:26
get 400 tx in 000000000000000000264244e48a139717d02c6186c0b845f040e57d44e9c271

get 1800 tx in 000000000000000000021b04f6e7bdc1395026edc2c82be5a01a4ed8e7557253

get 2600 tx in 00000000000000000002d38cdf339f5a799b04dc78e5dbbb2ad2dace8b621d09

get 2200 tx in 0000000000000000001c0c0f71ccb76f75ada088d0295cf50de349f3b02d620c

get 1400 tx in 0000000000000000000bac3664672a707b7e1c46bf73fe1bd747c3fd9558ab8b

get 3200 tx in 00000000000000000001c53cffe80d109486a9ca4821dad58ee4dc613e1d93fd

get 1000 tx in 0000000000000000000beab8c677e49432d3e00afa7656295cabee3265837c2e

get 600 tx in 000000000000000000264244e48a139717d02c6186c0b845f040e57d44e9c271

get 200 tx in 000000000000000000109b1b5088d3b275de850bd09ff76b091dd66c7d86be7c

get 2000 tx in 000000000000000000021b04f6e7bdc1395026edc2c82be5a01a4ed8e7557253

get 2400 tx in 0000000000000000001c0c0f71ccb76f75ada088d0295cf50de349f3b02d620c

get 1600 tx in 0000000000000000000bac3664672a707b7e1c46bf73fe1bd747c3fd9558ab8b

get 1200 tx in 0000000000000000000beab8c677e49432d3e00afa7656295cabee3265837c2e

get 800 tx in 000000000000000000264244e48a139717d02c6186c0b845f040e57d44e9c271

finish get block 569499  000000000000000000241d302525e34b861f36e6869e307c0ae2471e6a2af5fb

569469 2019-03-30 13:34:52
get 400 tx in 000000000000000000109b1b5088d3b275de850bd09ff76b091dd66c7d86be7c

get 2200 tx in 000000000000000000021b04f6e7bdc1395026edc2c82be5a01a4ed8e7557253

get 2600 tx in 0000000000000000001c0c0f71ccb76f75ada088d0295cf50de349f3b02d620c

get 1800 tx in 0000000000000000000bac3664672a707b7e1c46bf73fe1bd747c3fd9558ab8b

get 1400 tx in 0000000000000000000beab8c677e49432d3e00afa7656295cabee3265837c2e

get 1000 tx in 000000000000000000264244e48a139717d02c6186c0b845f040e57d44e9c271

get 600 tx in 000000000000000000109b1b5088d3b275de850bd09ff76b091dd66c7d86be7c

get 200 tx in 00000000000000000009dcbe88e9161df1eb55924dc0352f79f8544333627c59

get 2400 tx in 000000000000000000021b04f6e7bdc1395026edc2c82be5a01a4ed8e7557253

get 2800 tx in 0000000000000000001c0c0f71ccb76f75ada088d0295cf50de349f3b02d620c

get 2000 tx in 0000000000000000000bac3664672a707b7e1c46bf73fe1bd747c3fd9558ab8b

get 1600 tx in 0000000000000000000beab8c677e49432d3e00afa7656295cabee3265837c2e

get 1200 tx in 000000000000000000264244e48a139717d02c6186c0b845f040e57d44e9c271

get 800 tx in 000000000000000000109b1b5088d3b275de850bd09ff76b091dd66c7d86be7c

get 400 tx in 00000000000000000009dcbe88e9161df1eb55924dc0352f79f8544333627c59

get 2600 tx in 000000000000000000021b04f6e7bdc1395026edc2c82be5a01a4ed8e7557253

finish get block 569498  000000000000000000187d18bcbd98f11009e790f11aa8668e25944c98cb136c

569468 2019-03-30 13:30:06
get 2200 tx in 0000000000000000000bac3664672a707b7e1c46bf73fe1bd747c3fd9558ab8b

get 1800 tx in 0000000000000000000beab8c677e49432d3e00afa7656295cabee3265837c2e

get 1400 tx in 000000000000000000264244e48a139717d02c6186c0b845f040e57d44e9c271

get 1000 tx in 000000000000000000109b1b5088d3b275de850bd09ff76b091dd66c7d86be7c

get 600 tx in 00000000000000000009dcbe88e9161df1eb55924dc0352f79f8544333627c59

get 2800 tx in 000000000000000000021b04f6e7bdc1395026edc2c82be5a01a4ed8e7557253

get 200 tx in 00000000000000000014d71cf099b48b11598d23950c6ecf7352fdcdef7b1b06

get 2400 tx in 0000000000000000000bac3664672a707b7e1c46bf73fe1bd747c3fd9558ab8b

get 2000 tx in 0000000000000000000beab8c677e49432d3e00afa7656295cabee3265837c2e

get 1600 tx in 000000000000000000264244e48a139717d02c6186c0b845f040e57d44e9c271

get 1200 tx in 000000000000000000109b1b5088d3b275de850bd09ff76b091dd66c7d86be7c

get 800 tx in 00000000000000000009dcbe88e9161df1eb55924dc0352f79f8544333627c59

get 400 tx in 00000000000000000014d71cf099b48b11598d23950c6ecf7352fdcdef7b1b06

'NoneType' object is not subscriptable None
finish get block 569497  00000000000000000008f218ccc374cd56393adc325895da14661e4aa579ebad

569467 2019-03-30 13:18:55
get 2600 tx in 0000000000000000000bac3664672a707b7e1c46bf73fe1bd747c3fd9558ab8b

get 2200 tx in 0000000000000000000beab8c677e49432d3e00afa7656295cabee3265837c2e

get 1800 tx in 000000000000000000264244e48a139717d02c6186c0b845f040e57d44e9c271

get 1400 tx in 000000000000000000109b1b5088d3b275de850bd09ff76b091dd66c7d86be7c

get 1000 tx in 00000000000000000009dcbe88e9161df1eb55924dc0352f79f8544333627c59

get 600 tx in 00000000000000000014d71cf099b48b11598d23950c6ecf7352fdcdef7b1b06

get 2800 tx in 0000000000000000000bac3664672a707b7e1c46bf73fe1bd747c3fd9558ab8b

get 200 tx in 0000000000000000002aca8696f4e523b7ea93decc41461cdae43a3dab9e8747

get 2400 tx in 0000000000000000000beab8c677e49432d3e00afa7656295cabee3265837c2e

get 2000 tx in 000000000000000000264244e48a139717d02c6186c0b845f040e57d44e9c271

get 1600 tx in 000000000000000000109b1b5088d3b275de850bd09ff76b091dd66c7d86be7c

get 1200 tx in 00000000000000000009dcbe88e9161df1eb55924dc0352f79f8544333627c59

get 800 tx in 00000000000000000014d71cf099b48b11598d23950c6ecf7352fdcdef7b1b06

get 3000 tx in 0000000000000000000bac3664672a707b7e1c46bf73fe1bd747c3fd9558ab8b

get 400 tx in 0000000000000000002aca8696f4e523b7ea93decc41461cdae43a3dab9e8747

finish get block 569496  00000000000000000006ecb30e324f31e7361303411a31071045ccf50a34de4c

569466 2019-03-30 13:10:09
get 2200 tx in 000000000000000000264244e48a139717d02c6186c0b845f040e57d44e9c271

get 1800 tx in 000000000000000000109b1b5088d3b275de850bd09ff76b091dd66c7d86be7c

get 1400 tx in 00000000000000000009dcbe88e9161df1eb55924dc0352f79f8544333627c59

get 1000 tx in 00000000000000000014d71cf099b48b11598d23950c6ecf7352fdcdef7b1b06

get 600 tx in 0000000000000000002aca8696f4e523b7ea93decc41461cdae43a3dab9e8747

get 2400 tx in 000000000000000000264244e48a139717d02c6186c0b845f040e57d44e9c271

get 200 tx in 000000000000000000179b9ae77bb5148ff15198fcca48fa4d96c678d249ba40

get 2000 tx in 000000000000000000109b1b5088d3b275de850bd09ff76b091dd66c7d86be7c

get 1600 tx in 00000000000000000009dcbe88e9161df1eb55924dc0352f79f8544333627c59

get 1200 tx in 00000000000000000014d71cf099b48b11598d23950c6ecf7352fdcdef7b1b06

get 800 tx in 0000000000000000002aca8696f4e523b7ea93decc41461cdae43a3dab9e8747

get 400 tx in 000000000000000000179b9ae77bb5148ff15198fcca48fa4d96c678d249ba40

get 2600 tx in 000000000000000000264244e48a139717d02c6186c0b845f040e57d44e9c271

get 1800 tx in 00000000000000000009dcbe88e9161df1eb55924dc0352f79f8544333627c59

finish get block 569495  00000000000000000013c5cf75e3d74b11f3d6c28298cd227388a021ebfde1b0

569465 2019-03-30 12:49:26
get 1400 tx in 00000000000000000014d71cf099b48b11598d23950c6ecf7352fdcdef7b1b06

get 1000 tx in 0000000000000000002aca8696f4e523b7ea93decc41461cdae43a3dab9e8747

get 600 tx in 000000000000000000179b9ae77bb5148ff15198fcca48fa4d96c678d249ba40

get 2800 tx in 000000000000000000264244e48a139717d02c6186c0b845f040e57d44e9c271

get 2000 tx in 00000000000000000009dcbe88e9161df1eb55924dc0352f79f8544333627c59

get 1600 tx in 00000000000000000014d71cf099b48b11598d23950c6ecf7352fdcdef7b1b06

get 200 tx in 0000000000000000000f3f01e00538443bf8fa9ff4f1370b59109d5cafb68a18

get 1200 tx in 0000000000000000002aca8696f4e523b7ea93decc41461cdae43a3dab9e8747

get 800 tx in 000000000000000000179b9ae77bb5148ff15198fcca48fa4d96c678d249ba40

get 3000 tx in 000000000000000000264244e48a139717d02c6186c0b845f040e57d44e9c271

get 2200 tx in 00000000000000000009dcbe88e9161df1eb55924dc0352f79f8544333627c59

get 1800 tx in 00000000000000000014d71cf099b48b11598d23950c6ecf7352fdcdef7b1b06

get 400 tx in 0000000000000000000f3f01e00538443bf8fa9ff4f1370b59109d5cafb68a18

finish get block 569494  000000000000000000056915d36409cdc220676056a0e931ec7cf820fc4b46fe

569464 2019-03-30 12:38:37
get 1400 tx in 0000000000000000002aca8696f4e523b7ea93decc41461cdae43a3dab9e8747

get 1000 tx in 000000000000000000179b9ae77bb5148ff15198fcca48fa4d96c678d249ba40

get 2400 tx in 00000000000000000009dcbe88e9161df1eb55924dc0352f79f8544333627c59

get 2000 tx in 00000000000000000014d71cf099b48b11598d23950c6ecf7352fdcdef7b1b06

get 600 tx in 0000000000000000000f3f01e00538443bf8fa9ff4f1370b59109d5cafb68a18

get 1600 tx in 0000000000000000002aca8696f4e523b7ea93decc41461cdae43a3dab9e8747

get 200 tx in 00000000000000000011a08574c1acc15f09bdcafa49cefa473153e56b9c893f

get 1200 tx in 000000000000000000179b9ae77bb5148ff15198fcca48fa4d96c678d249ba40

get 2200 tx in 00000000000000000014d71cf099b48b11598d23950c6ecf7352fdcdef7b1b06

get 800 tx in 0000000000000000000f3f01e00538443bf8fa9ff4f1370b59109d5cafb68a18

get 400 tx in 00000000000000000011a08574c1acc15f09bdcafa49cefa473153e56b9c893f

get 1800 tx in 0000000000000000002aca8696f4e523b7ea93decc41461cdae43a3dab9e8747

finish get block 569493  0000000000000000002a0cf273baf52c22b8a04fdf95665cdcecd21bd56273ba

'NoneType' object is not subscriptable None
569463 2019-03-30 12:36:08
get 2400 tx in 00000000000000000014d71cf099b48b11598d23950c6ecf7352fdcdef7b1b06

get 1000 tx in 0000000000000000000f3f01e00538443bf8fa9ff4f1370b59109d5cafb68a18

get 600 tx in 00000000000000000011a08574c1acc15f09bdcafa49cefa473153e56b9c893f

get 2000 tx in 0000000000000000002aca8696f4e523b7ea93decc41461cdae43a3dab9e8747

get 200 tx in 000000000000000000277a2596ee5e89bc600a2760e681985970f9325be3650d

get 2600 tx in 00000000000000000014d71cf099b48b11598d23950c6ecf7352fdcdef7b1b06

get 1200 tx in 0000000000000000000f3f01e00538443bf8fa9ff4f1370b59109d5cafb68a18

get 800 tx in 00000000000000000011a08574c1acc15f09bdcafa49cefa473153e56b9c893f

get 2200 tx in 0000000000000000002aca8696f4e523b7ea93decc41461cdae43a3dab9e8747

finish get block 569491  0000000000000000001741fe4b64620ede124a388b493e250bcdb47efa28a886

569462 2019-03-30 12:35:02
get 400 tx in 000000000000000000277a2596ee5e89bc600a2760e681985970f9325be3650d

get 2800 tx in 00000000000000000014d71cf099b48b11598d23950c6ecf7352fdcdef7b1b06

get 1400 tx in 0000000000000000000f3f01e00538443bf8fa9ff4f1370b59109d5cafb68a18

get 1000 tx in 00000000000000000011a08574c1acc15f09bdcafa49cefa473153e56b9c893f

get 200 tx in 0000000000000000002133c9b10cc728ccacf6491c1b3df995371ef2dcc41ae2

get 600 tx in 000000000000000000277a2596ee5e89bc600a2760e681985970f9325be3650d

get 1600 tx in 0000000000000000000f3f01e00538443bf8fa9ff4f1370b59109d5cafb68a18

get 1200 tx in 00000000000000000011a08574c1acc15f09bdcafa49cefa473153e56b9c893f

get 400 tx in 0000000000000000002133c9b10cc728ccacf6491c1b3df995371ef2dcc41ae2

get 800 tx in 000000000000000000277a2596ee5e89bc600a2760e681985970f9325be3650d

finish get block 569492  000000000000000000080f1828e1385944389577e50af407f8fe081b815f3afe

569461 2019-03-30 12:34:38
'NoneType' object is not subscriptable None
get 1800 tx in 0000000000000000000f3f01e00538443bf8fa9ff4f1370b59109d5cafb68a18

get 1400 tx in 00000000000000000011a08574c1acc15f09bdcafa49cefa473153e56b9c893f

'NoneType' object is not subscriptable None
get 600 tx in 0000000000000000002133c9b10cc728ccacf6491c1b3df995371ef2dcc41ae2

get 1000 tx in 000000000000000000277a2596ee5e89bc600a2760e681985970f9325be3650d

get 200 tx in 0000000000000000001db98ee6e06ece179040591f010d77840981ae76b2e0c4

get 2000 tx in 0000000000000000000f3f01e00538443bf8fa9ff4f1370b59109d5cafb68a18

get 1600 tx in 00000000000000000011a08574c1acc15f09bdcafa49cefa473153e56b9c893f

get 800 tx in 0000000000000000002133c9b10cc728ccacf6491c1b3df995371ef2dcc41ae2

get 1200 tx in 000000000000000000277a2596ee5e89bc600a2760e681985970f9325be3650d

finish get block 569490  0000000000000000001656fdb2c307005cb41a37d6b02995392789e2c8f256d4

569460 2019-03-30 12:30:48
'NoneType' object is not subscriptable None
get 400 tx in 0000000000000000001db98ee6e06ece179040591f010d77840981ae76b2e0c4

get 2200 tx in 0000000000000000000f3f01e00538443bf8fa9ff4f1370b59109d5cafb68a18

get 1800 tx in 00000000000000000011a08574c1acc15f09bdcafa49cefa473153e56b9c893f

get 1000 tx in 0000000000000000002133c9b10cc728ccacf6491c1b3df995371ef2dcc41ae2

get 1400 tx in 000000000000000000277a2596ee5e89bc600a2760e681985970f9325be3650d

get 200 tx in 000000000000000000128bec2e9fa3076ee1a8dc5b8127f4a6555a0507d54ed1

get 600 tx in 0000000000000000001db98ee6e06ece179040591f010d77840981ae76b2e0c4

get 2400 tx in 0000000000000000000f3f01e00538443bf8fa9ff4f1370b59109d5cafb68a18

get 2000 tx in 00000000000000000011a08574c1acc15f09bdcafa49cefa473153e56b9c893f

get 1200 tx in 0000000000000000002133c9b10cc728ccacf6491c1b3df995371ef2dcc41ae2

get 1600 tx in 000000000000000000277a2596ee5e89bc600a2760e681985970f9325be3650d

get 400 tx in 000000000000000000128bec2e9fa3076ee1a8dc5b8127f4a6555a0507d54ed1

finish get block 569489  00000000000000000014d5912d8d4959717f319c0016bb07dfe4c757e08a6fa1

569459 2019-03-30 12:19:42
get 800 tx in 0000000000000000001db98ee6e06ece179040591f010d77840981ae76b2e0c4

get 2600 tx in 0000000000000000000f3f01e00538443bf8fa9ff4f1370b59109d5cafb68a18

get 2200 tx in 00000000000000000011a08574c1acc15f09bdcafa49cefa473153e56b9c893f

get 1400 tx in 0000000000000000002133c9b10cc728ccacf6491c1b3df995371ef2dcc41ae2

get 1800 tx in 000000000000000000277a2596ee5e89bc600a2760e681985970f9325be3650d

get 600 tx in 000000000000000000128bec2e9fa3076ee1a8dc5b8127f4a6555a0507d54ed1

get 200 tx in 00000000000000000001adda6410044fa205cff0a0a1fed4a9cb8422cdf5fbe8

get 1000 tx in 0000000000000000001db98ee6e06ece179040591f010d77840981ae76b2e0c4

get 2400 tx in 00000000000000000011a08574c1acc15f09bdcafa49cefa473153e56b9c893f

get 1600 tx in 0000000000000000002133c9b10cc728ccacf6491c1b3df995371ef2dcc41ae2

get 2000 tx in 000000000000000000277a2596ee5e89bc600a2760e681985970f9325be3650d

get 800 tx in 000000000000000000128bec2e9fa3076ee1a8dc5b8127f4a6555a0507d54ed1

get 400 tx in 00000000000000000001adda6410044fa205cff0a0a1fed4a9cb8422cdf5fbe8

get 1200 tx in 0000000000000000001db98ee6e06ece179040591f010d77840981ae76b2e0c4

finish get block 569488  0000000000000000001d094b5c2efae3020eaa18ea8679eb5a34883e5d70710c

569458 2019-03-30 12:10:35
get 1800 tx in 0000000000000000002133c9b10cc728ccacf6491c1b3df995371ef2dcc41ae2

get 2200 tx in 000000000000000000277a2596ee5e89bc600a2760e681985970f9325be3650d

get 1000 tx in 000000000000000000128bec2e9fa3076ee1a8dc5b8127f4a6555a0507d54ed1

get 600 tx in 00000000000000000001adda6410044fa205cff0a0a1fed4a9cb8422cdf5fbe8

get 1400 tx in 0000000000000000001db98ee6e06ece179040591f010d77840981ae76b2e0c4

get 200 tx in 0000000000000000002b12fd73afc15b899b7a86ba83d7324e9f9c0256b26fd8

get 2000 tx in 0000000000000000002133c9b10cc728ccacf6491c1b3df995371ef2dcc41ae2

get 1200 tx in 000000000000000000128bec2e9fa3076ee1a8dc5b8127f4a6555a0507d54ed1

finish get block 569485  00000000000000000018d2e71887b9e5f3117dece2f1f7f7dedf826440b5a3fd

569457 2019-03-30 11:58:04
get 800 tx in 00000000000000000001adda6410044fa205cff0a0a1fed4a9cb8422cdf5fbe8

get 1600 tx in 0000000000000000001db98ee6e06ece179040591f010d77840981ae76b2e0c4

get 400 tx in 0000000000000000002b12fd73afc15b899b7a86ba83d7324e9f9c0256b26fd8

get 2200 tx in 0000000000000000002133c9b10cc728ccacf6491c1b3df995371ef2dcc41ae2

get 1400 tx in 000000000000000000128bec2e9fa3076ee1a8dc5b8127f4a6555a0507d54ed1

get 200 tx in 0000000000000000000ae38fe099e7058dae1d91c7ad6393ab678040b5aca3f2

get 1000 tx in 00000000000000000001adda6410044fa205cff0a0a1fed4a9cb8422cdf5fbe8

get 1800 tx in 0000000000000000001db98ee6e06ece179040591f010d77840981ae76b2e0c4

get 600 tx in 0000000000000000002b12fd73afc15b899b7a86ba83d7324e9f9c0256b26fd8

get 2400 tx in 0000000000000000002133c9b10cc728ccacf6491c1b3df995371ef2dcc41ae2

get 1600 tx in 000000000000000000128bec2e9fa3076ee1a8dc5b8127f4a6555a0507d54ed1

get 400 tx in 0000000000000000000ae38fe099e7058dae1d91c7ad6393ab678040b5aca3f2

get 2000 tx in 0000000000000000001db98ee6e06ece179040591f010d77840981ae76b2e0c4

get 1200 tx in 00000000000000000001adda6410044fa205cff0a0a1fed4a9cb8422cdf5fbe8

finish get block 569487  00000000000000000013f23da2d6cd41e62512cc5f9efb067cb3564b449f5572

569456 2019-03-30 11:32:13
get 800 tx in 0000000000000000002b12fd73afc15b899b7a86ba83d7324e9f9c0256b26fd8

'NoneType' object is not subscriptable None
get 1800 tx in 000000000000000000128bec2e9fa3076ee1a8dc5b8127f4a6555a0507d54ed1

get 600 tx in 0000000000000000000ae38fe099e7058dae1d91c7ad6393ab678040b5aca3f2

get 2200 tx in 0000000000000000001db98ee6e06ece179040591f010d77840981ae76b2e0c4

get 1400 tx in 00000000000000000001adda6410044fa205cff0a0a1fed4a9cb8422cdf5fbe8

get 200 tx in 0000000000000000001a32d96169573c7e4a8a5ff3a5047b223d2a34c3fa89db

get 1000 tx in 0000000000000000002b12fd73afc15b899b7a86ba83d7324e9f9c0256b26fd8

get 2000 tx in 000000000000000000128bec2e9fa3076ee1a8dc5b8127f4a6555a0507d54ed1

get 800 tx in 0000000000000000000ae38fe099e7058dae1d91c7ad6393ab678040b5aca3f2

get 2400 tx in 0000000000000000001db98ee6e06ece179040591f010d77840981ae76b2e0c4

finish get block 569484  0000000000000000001eb75ab74f22ee3d0f45ac1ee7a1eb23a0823b070c2b93

569455 2019-03-30 11:22:27
get 1600 tx in 00000000000000000001adda6410044fa205cff0a0a1fed4a9cb8422cdf5fbe8

get 400 tx in 0000000000000000001a32d96169573c7e4a8a5ff3a5047b223d2a34c3fa89db

get 1200 tx in 0000000000000000002b12fd73afc15b899b7a86ba83d7324e9f9c0256b26fd8

get 2200 tx in 000000000000000000128bec2e9fa3076ee1a8dc5b8127f4a6555a0507d54ed1

get 1000 tx in 0000000000000000000ae38fe099e7058dae1d91c7ad6393ab678040b5aca3f2

get 2600 tx in 0000000000000000001db98ee6e06ece179040591f010d77840981ae76b2e0c4

get 200 tx in 00000000000000000022e79df0f25f70f1722eb116ddca7790bb8990a98b4485

get 1800 tx in 00000000000000000001adda6410044fa205cff0a0a1fed4a9cb8422cdf5fbe8

get 600 tx in 0000000000000000001a32d96169573c7e4a8a5ff3a5047b223d2a34c3fa89db

get 1400 tx in 0000000000000000002b12fd73afc15b899b7a86ba83d7324e9f9c0256b26fd8

get 2400 tx in 000000000000000000128bec2e9fa3076ee1a8dc5b8127f4a6555a0507d54ed1

get 1200 tx in 0000000000000000000ae38fe099e7058dae1d91c7ad6393ab678040b5aca3f2

get 2800 tx in 0000000000000000001db98ee6e06ece179040591f010d77840981ae76b2e0c4

get 400 tx in 00000000000000000022e79df0f25f70f1722eb116ddca7790bb8990a98b4485

finish get block 569486  00000000000000000023714c465d5a1819a20346002b432fd137904d046f73de

569454 2019-03-30 11:17:26
get 800 tx in 0000000000000000001a32d96169573c7e4a8a5ff3a5047b223d2a34c3fa89db

get 1600 tx in 0000000000000000002b12fd73afc15b899b7a86ba83d7324e9f9c0256b26fd8

get 2600 tx in 000000000000000000128bec2e9fa3076ee1a8dc5b8127f4a6555a0507d54ed1

get 1400 tx in 0000000000000000000ae38fe099e7058dae1d91c7ad6393ab678040b5aca3f2

get 600 tx in 00000000000000000022e79df0f25f70f1722eb116ddca7790bb8990a98b4485

get 200 tx in 00000000000000000023bac426cff8a8e8e642709be757497e69f80a7813f2e9

get 1000 tx in 0000000000000000001a32d96169573c7e4a8a5ff3a5047b223d2a34c3fa89db

get 1800 tx in 0000000000000000002b12fd73afc15b899b7a86ba83d7324e9f9c0256b26fd8

get 2800 tx in 000000000000000000128bec2e9fa3076ee1a8dc5b8127f4a6555a0507d54ed1

get 1600 tx in 0000000000000000000ae38fe099e7058dae1d91c7ad6393ab678040b5aca3f2

get 800 tx in 00000000000000000022e79df0f25f70f1722eb116ddca7790bb8990a98b4485

finish get block 569483  000000000000000000232dc2ca68e7a249b5e11c32dd633c41dc24d82e9ac44c

569453 2019-03-30 11:00:11
get 400 tx in 00000000000000000023bac426cff8a8e8e642709be757497e69f80a7813f2e9

get 1200 tx in 0000000000000000001a32d96169573c7e4a8a5ff3a5047b223d2a34c3fa89db

get 2000 tx in 0000000000000000002b12fd73afc15b899b7a86ba83d7324e9f9c0256b26fd8

get 1800 tx in 0000000000000000000ae38fe099e7058dae1d91c7ad6393ab678040b5aca3f2

get 1000 tx in 00000000000000000022e79df0f25f70f1722eb116ddca7790bb8990a98b4485

get 200 tx in 0000000000000000002783270699a7dff9c955f6955a114d4fc5b2332412dcd9

get 600 tx in 00000000000000000023bac426cff8a8e8e642709be757497e69f80a7813f2e9

get 1400 tx in 0000000000000000001a32d96169573c7e4a8a5ff3a5047b223d2a34c3fa89db

get 2200 tx in 0000000000000000002b12fd73afc15b899b7a86ba83d7324e9f9c0256b26fd8

get 2000 tx in 0000000000000000000ae38fe099e7058dae1d91c7ad6393ab678040b5aca3f2

get 1200 tx in 00000000000000000022e79df0f25f70f1722eb116ddca7790bb8990a98b4485

get 400 tx in 0000000000000000002783270699a7dff9c955f6955a114d4fc5b2332412dcd9

get 800 tx in 00000000000000000023bac426cff8a8e8e642709be757497e69f80a7813f2e9

finish get block 569482  00000000000000000023df46773b51e9a32da0d06a0429a3d8267d01f1b3b47d

569452 2019-03-30 10:57:20
get 1600 tx in 0000000000000000001a32d96169573c7e4a8a5ff3a5047b223d2a34c3fa89db

get 2400 tx in 0000000000000000002b12fd73afc15b899b7a86ba83d7324e9f9c0256b26fd8

get 2200 tx in 0000000000000000000ae38fe099e7058dae1d91c7ad6393ab678040b5aca3f2

get 1400 tx in 00000000000000000022e79df0f25f70f1722eb116ddca7790bb8990a98b4485

get 600 tx in 0000000000000000002783270699a7dff9c955f6955a114d4fc5b2332412dcd9

get 1000 tx in 00000000000000000023bac426cff8a8e8e642709be757497e69f80a7813f2e9

get 1800 tx in 0000000000000000001a32d96169573c7e4a8a5ff3a5047b223d2a34c3fa89db

get 2600 tx in 0000000000000000002b12fd73afc15b899b7a86ba83d7324e9f9c0256b26fd8

get 200 tx in 0000000000000000000b014b172d80634114cc30ac6b5d90edc95ed43872ccf2

get 2400 tx in 0000000000000000000ae38fe099e7058dae1d91c7ad6393ab678040b5aca3f2

get 1600 tx in 00000000000000000022e79df0f25f70f1722eb116ddca7790bb8990a98b4485

get 1200 tx in 00000000000000000023bac426cff8a8e8e642709be757497e69f80a7813f2e9

get 800 tx in 0000000000000000002783270699a7dff9c955f6955a114d4fc5b2332412dcd9

get 2000 tx in 0000000000000000001a32d96169573c7e4a8a5ff3a5047b223d2a34c3fa89db

finish get block 569481  0000000000000000002b1e463230af5e75da46a4665a43ce2100c0e297a4d87c

569451 2019-03-30 10:44:13
get 400 tx in 0000000000000000000b014b172d80634114cc30ac6b5d90edc95ed43872ccf2

get 2800 tx in 0000000000000000002b12fd73afc15b899b7a86ba83d7324e9f9c0256b26fd8

get 2600 tx in 0000000000000000000ae38fe099e7058dae1d91c7ad6393ab678040b5aca3f2

get 1800 tx in 00000000000000000022e79df0f25f70f1722eb116ddca7790bb8990a98b4485

get 1400 tx in 00000000000000000023bac426cff8a8e8e642709be757497e69f80a7813f2e9

get 1000 tx in 0000000000000000002783270699a7dff9c955f6955a114d4fc5b2332412dcd9

get 2200 tx in 0000000000000000001a32d96169573c7e4a8a5ff3a5047b223d2a34c3fa89db

get 600 tx in 0000000000000000000b014b172d80634114cc30ac6b5d90edc95ed43872ccf2

get 200 tx in 000000000000000000160c1c3ac103cf8c66ee06eed9a57d2dc2472594cdba71

get 2800 tx in 0000000000000000000ae38fe099e7058dae1d91c7ad6393ab678040b5aca3f2

get 2000 tx in 00000000000000000022e79df0f25f70f1722eb116ddca7790bb8990a98b4485

get 1600 tx in 00000000000000000023bac426cff8a8e8e642709be757497e69f80a7813f2e9

get 1200 tx in 0000000000000000002783270699a7dff9c955f6955a114d4fc5b2332412dcd9

get 2400 tx in 0000000000000000001a32d96169573c7e4a8a5ff3a5047b223d2a34c3fa89db

finish get block 569480  000000000000000000142cb317fa5772fa2442eb36a8539dec0d2be8cc0f315a

569450 2019-03-30 10:35:57
get 800 tx in 0000000000000000000b014b172d80634114cc30ac6b5d90edc95ed43872ccf2

get 400 tx in 000000000000000000160c1c3ac103cf8c66ee06eed9a57d2dc2472594cdba71

get 3000 tx in 0000000000000000000ae38fe099e7058dae1d91c7ad6393ab678040b5aca3f2

get 2200 tx in 00000000000000000022e79df0f25f70f1722eb116ddca7790bb8990a98b4485

get 1800 tx in 00000000000000000023bac426cff8a8e8e642709be757497e69f80a7813f2e9

get 1400 tx in 0000000000000000002783270699a7dff9c955f6955a114d4fc5b2332412dcd9

get 2600 tx in 0000000000000000001a32d96169573c7e4a8a5ff3a5047b223d2a34c3fa89db

get 1000 tx in 0000000000000000000b014b172d80634114cc30ac6b5d90edc95ed43872ccf2

get 600 tx in 000000000000000000160c1c3ac103cf8c66ee06eed9a57d2dc2472594cdba71

get 200 tx in 00000000000000000014508799fef7b32a7825f3299706c9441da76c9404957b

get 2400 tx in 00000000000000000022e79df0f25f70f1722eb116ddca7790bb8990a98b4485

get 2000 tx in 00000000000000000023bac426cff8a8e8e642709be757497e69f80a7813f2e9

get 1600 tx in 0000000000000000002783270699a7dff9c955f6955a114d4fc5b2332412dcd9

get 800 tx in 000000000000000000160c1c3ac103cf8c66ee06eed9a57d2dc2472594cdba71

finish get block 569479  000000000000000000269804cd624d2755e3cf24c61c8e0bcd5b441921063059

get 1200 tx in 0000000000000000000b014b172d80634114cc30ac6b5d90edc95ed43872ccf2

569449 2019-03-30 10:25:15
get 400 tx in 00000000000000000014508799fef7b32a7825f3299706c9441da76c9404957b

get 2600 tx in 00000000000000000022e79df0f25f70f1722eb116ddca7790bb8990a98b4485

get 2200 tx in 00000000000000000023bac426cff8a8e8e642709be757497e69f80a7813f2e9

get 1800 tx in 0000000000000000002783270699a7dff9c955f6955a114d4fc5b2332412dcd9

get 1400 tx in 0000000000000000000b014b172d80634114cc30ac6b5d90edc95ed43872ccf2

get 1000 tx in 000000000000000000160c1c3ac103cf8c66ee06eed9a57d2dc2472594cdba71

get 600 tx in 00000000000000000014508799fef7b32a7825f3299706c9441da76c9404957b

get 200 tx in 0000000000000000001452ebf9ac2002c0be867201afbfdc2a8d42babcc7982d

get 2400 tx in 00000000000000000023bac426cff8a8e8e642709be757497e69f80a7813f2e9

get 2800 tx in 00000000000000000022e79df0f25f70f1722eb116ddca7790bb8990a98b4485

get 2000 tx in 0000000000000000002783270699a7dff9c955f6955a114d4fc5b2332412dcd9

get 1600 tx in 0000000000000000000b014b172d80634114cc30ac6b5d90edc95ed43872ccf2

finish get block 569478  000000000000000000087becae3c5ead6756613aa874e1746e0cf595b188c3c0

569448 2019-03-30 10:20:04
get 1200 tx in 000000000000000000160c1c3ac103cf8c66ee06eed9a57d2dc2472594cdba71

get 800 tx in 00000000000000000014508799fef7b32a7825f3299706c9441da76c9404957b

get 400 tx in 0000000000000000001452ebf9ac2002c0be867201afbfdc2a8d42babcc7982d

get 2600 tx in 00000000000000000023bac426cff8a8e8e642709be757497e69f80a7813f2e9

get 2200 tx in 0000000000000000002783270699a7dff9c955f6955a114d4fc5b2332412dcd9

get 1800 tx in 0000000000000000000b014b172d80634114cc30ac6b5d90edc95ed43872ccf2

get 1400 tx in 000000000000000000160c1c3ac103cf8c66ee06eed9a57d2dc2472594cdba71

get 200 tx in 00000000000000000016c27bf85ee19a96394529f21abd06e62466a23b7952a2

get 1000 tx in 00000000000000000014508799fef7b32a7825f3299706c9441da76c9404957b

get 600 tx in 0000000000000000001452ebf9ac2002c0be867201afbfdc2a8d42babcc7982d

get 2800 tx in 00000000000000000023bac426cff8a8e8e642709be757497e69f80a7813f2e9

finish get block 569476  00000000000000000002d38cdf339f5a799b04dc78e5dbbb2ad2dace8b621d09

569447 2019-03-30 10:06:53
get 2400 tx in 0000000000000000002783270699a7dff9c955f6955a114d4fc5b2332412dcd9

get 2000 tx in 0000000000000000000b014b172d80634114cc30ac6b5d90edc95ed43872ccf2

get 1600 tx in 000000000000000000160c1c3ac103cf8c66ee06eed9a57d2dc2472594cdba71

get 400 tx in 00000000000000000016c27bf85ee19a96394529f21abd06e62466a23b7952a2

get 1200 tx in 00000000000000000014508799fef7b32a7825f3299706c9441da76c9404957b

get 800 tx in 0000000000000000001452ebf9ac2002c0be867201afbfdc2a8d42babcc7982d

get 200 tx in 0000000000000000002a09cbfd7f3903bf31700035ee292410d92a5755cbd29e

get 2600 tx in 0000000000000000002783270699a7dff9c955f6955a114d4fc5b2332412dcd9

get 2200 tx in 0000000000000000000b014b172d80634114cc30ac6b5d90edc95ed43872ccf2

get 1800 tx in 000000000000000000160c1c3ac103cf8c66ee06eed9a57d2dc2472594cdba71

get 600 tx in 00000000000000000016c27bf85ee19a96394529f21abd06e62466a23b7952a2

get 1400 tx in 00000000000000000014508799fef7b32a7825f3299706c9441da76c9404957b

get 1000 tx in 0000000000000000001452ebf9ac2002c0be867201afbfdc2a8d42babcc7982d

get 400 tx in 0000000000000000002a09cbfd7f3903bf31700035ee292410d92a5755cbd29e

finish get block 569477  00000000000000000001c53cffe80d109486a9ca4821dad58ee4dc613e1d93fd

569446 2019-03-30 09:51:31
get 2400 tx in 0000000000000000000b014b172d80634114cc30ac6b5d90edc95ed43872ccf2

get 2000 tx in 000000000000000000160c1c3ac103cf8c66ee06eed9a57d2dc2472594cdba71

get 800 tx in 00000000000000000016c27bf85ee19a96394529f21abd06e62466a23b7952a2

get 1600 tx in 00000000000000000014508799fef7b32a7825f3299706c9441da76c9404957b

get 1200 tx in 0000000000000000001452ebf9ac2002c0be867201afbfdc2a8d42babcc7982d

get 600 tx in 0000000000000000002a09cbfd7f3903bf31700035ee292410d92a5755cbd29e

get 200 tx in 0000000000000000001926e433a50cfe3167dba4243f6402e7718fd00a2c787d

get 2600 tx in 0000000000000000000b014b172d80634114cc30ac6b5d90edc95ed43872ccf2

get 2200 tx in 000000000000000000160c1c3ac103cf8c66ee06eed9a57d2dc2472594cdba71

get 1000 tx in 00000000000000000016c27bf85ee19a96394529f21abd06e62466a23b7952a2

get 1800 tx in 00000000000000000014508799fef7b32a7825f3299706c9441da76c9404957b

get 1400 tx in 0000000000000000001452ebf9ac2002c0be867201afbfdc2a8d42babcc7982d

get 800 tx in 0000000000000000002a09cbfd7f3903bf31700035ee292410d92a5755cbd29e

finish get block 569475  0000000000000000001c0c0f71ccb76f75ada088d0295cf50de349f3b02d620c

569445 2019-03-30 09:17:40
get 400 tx in 0000000000000000001926e433a50cfe3167dba4243f6402e7718fd00a2c787d

get 2400 tx in 000000000000000000160c1c3ac103cf8c66ee06eed9a57d2dc2472594cdba71

get 2800 tx in 0000000000000000000b014b172d80634114cc30ac6b5d90edc95ed43872ccf2

get 1200 tx in 00000000000000000016c27bf85ee19a96394529f21abd06e62466a23b7952a2

get 1600 tx in 0000000000000000001452ebf9ac2002c0be867201afbfdc2a8d42babcc7982d

get 2000 tx in 00000000000000000014508799fef7b32a7825f3299706c9441da76c9404957b

get 1000 tx in 0000000000000000002a09cbfd7f3903bf31700035ee292410d92a5755cbd29e

get 600 tx in 0000000000000000001926e433a50cfe3167dba4243f6402e7718fd00a2c787d

get 200 tx in 0000000000000000002ab733e0050d5fa9a52020994a0970f644b85b19d4addf

get 2600 tx in 000000000000000000160c1c3ac103cf8c66ee06eed9a57d2dc2472594cdba71

get 1400 tx in 00000000000000000016c27bf85ee19a96394529f21abd06e62466a23b7952a2

get 1800 tx in 0000000000000000001452ebf9ac2002c0be867201afbfdc2a8d42babcc7982d

get 1200 tx in 0000000000000000002a09cbfd7f3903bf31700035ee292410d92a5755cbd29e

get 800 tx in 0000000000000000001926e433a50cfe3167dba4243f6402e7718fd00a2c787d

get 400 tx in 0000000000000000002ab733e0050d5fa9a52020994a0970f644b85b19d4addf

get 2800 tx in 000000000000000000160c1c3ac103cf8c66ee06eed9a57d2dc2472594cdba71

finish get block 569474  000000000000000000021b04f6e7bdc1395026edc2c82be5a01a4ed8e7557253

569444 2019-03-30 08:46:07
get 1600 tx in 00000000000000000016c27bf85ee19a96394529f21abd06e62466a23b7952a2

get 2000 tx in 0000000000000000001452ebf9ac2002c0be867201afbfdc2a8d42babcc7982d

get 1400 tx in 0000000000000000002a09cbfd7f3903bf31700035ee292410d92a5755cbd29e

get 1000 tx in 0000000000000000001926e433a50cfe3167dba4243f6402e7718fd00a2c787d

get 600 tx in 0000000000000000002ab733e0050d5fa9a52020994a0970f644b85b19d4addf

get 1800 tx in 00000000000000000016c27bf85ee19a96394529f21abd06e62466a23b7952a2

get 200 tx in 000000000000000000172ad8d3e6e08957f589a1b4b8473aea59e6baad1699b1

get 2200 tx in 0000000000000000001452ebf9ac2002c0be867201afbfdc2a8d42babcc7982d

get 1600 tx in 0000000000000000002a09cbfd7f3903bf31700035ee292410d92a5755cbd29e

finish get block 569472  0000000000000000000beab8c677e49432d3e00afa7656295cabee3265837c2e

569443 2019-03-30 08:45:42
get 1200 tx in 0000000000000000001926e433a50cfe3167dba4243f6402e7718fd00a2c787d

get 800 tx in 0000000000000000002ab733e0050d5fa9a52020994a0970f644b85b19d4addf

get 2000 tx in 00000000000000000016c27bf85ee19a96394529f21abd06e62466a23b7952a2

get 400 tx in 000000000000000000172ad8d3e6e08957f589a1b4b8473aea59e6baad1699b1

get 2400 tx in 0000000000000000001452ebf9ac2002c0be867201afbfdc2a8d42babcc7982d

get 1800 tx in 0000000000000000002a09cbfd7f3903bf31700035ee292410d92a5755cbd29e

get 200 tx in 00000000000000000009fc3e7ba445ea02a9f350f38a68107231b5425c19ea8f

get 1400 tx in 0000000000000000001926e433a50cfe3167dba4243f6402e7718fd00a2c787d

get 1000 tx in 0000000000000000002ab733e0050d5fa9a52020994a0970f644b85b19d4addf

get 2200 tx in 00000000000000000016c27bf85ee19a96394529f21abd06e62466a23b7952a2

get 600 tx in 000000000000000000172ad8d3e6e08957f589a1b4b8473aea59e6baad1699b1

get 2600 tx in 0000000000000000001452ebf9ac2002c0be867201afbfdc2a8d42babcc7982d

get 2000 tx in 0000000000000000002a09cbfd7f3903bf31700035ee292410d92a5755cbd29e

get 400 tx in 00000000000000000009fc3e7ba445ea02a9f350f38a68107231b5425c19ea8f

get 1600 tx in 0000000000000000001926e433a50cfe3167dba4243f6402e7718fd00a2c787d

get 1200 tx in 0000000000000000002ab733e0050d5fa9a52020994a0970f644b85b19d4addf

finish get block 569473  0000000000000000000bac3664672a707b7e1c46bf73fe1bd747c3fd9558ab8b

569442 2019-03-30 08:21:36
get 2400 tx in 00000000000000000016c27bf85ee19a96394529f21abd06e62466a23b7952a2

get 800 tx in 000000000000000000172ad8d3e6e08957f589a1b4b8473aea59e6baad1699b1

get 2800 tx in 0000000000000000001452ebf9ac2002c0be867201afbfdc2a8d42babcc7982d

get 2200 tx in 0000000000000000002a09cbfd7f3903bf31700035ee292410d92a5755cbd29e

get 600 tx in 00000000000000000009fc3e7ba445ea02a9f350f38a68107231b5425c19ea8f

get 1800 tx in 0000000000000000001926e433a50cfe3167dba4243f6402e7718fd00a2c787d

get 1400 tx in 0000000000000000002ab733e0050d5fa9a52020994a0970f644b85b19d4addf

get 2600 tx in 00000000000000000016c27bf85ee19a96394529f21abd06e62466a23b7952a2

get 200 tx in 00000000000000000007fa5140504e94dee57215ee884c5ef98f79a76ab7a27f

get 1000 tx in 000000000000000000172ad8d3e6e08957f589a1b4b8473aea59e6baad1699b1

finish get block 569470  000000000000000000109b1b5088d3b275de850bd09ff76b091dd66c7d86be7c

569441 2019-03-30 08:17:20
get 2400 tx in 0000000000000000002a09cbfd7f3903bf31700035ee292410d92a5755cbd29e

get 800 tx in 00000000000000000009fc3e7ba445ea02a9f350f38a68107231b5425c19ea8f

get 2000 tx in 0000000000000000001926e433a50cfe3167dba4243f6402e7718fd00a2c787d

get 1600 tx in 0000000000000000002ab733e0050d5fa9a52020994a0970f644b85b19d4addf

get 400 tx in 00000000000000000007fa5140504e94dee57215ee884c5ef98f79a76ab7a27f

get 1200 tx in 000000000000000000172ad8d3e6e08957f589a1b4b8473aea59e6baad1699b1

get 200 tx in 00000000000000000007c90f2b5263bc77cbcc1837a2263040e6801af63b93c2

get 2600 tx in 0000000000000000002a09cbfd7f3903bf31700035ee292410d92a5755cbd29e

get 1000 tx in 00000000000000000009fc3e7ba445ea02a9f350f38a68107231b5425c19ea8f

get 1800 tx in 0000000000000000002ab733e0050d5fa9a52020994a0970f644b85b19d4addf

get 2200 tx in 0000000000000000001926e433a50cfe3167dba4243f6402e7718fd00a2c787d

get 600 tx in 00000000000000000007fa5140504e94dee57215ee884c5ef98f79a76ab7a27f

get 1400 tx in 000000000000000000172ad8d3e6e08957f589a1b4b8473aea59e6baad1699b1

get 400 tx in 00000000000000000007c90f2b5263bc77cbcc1837a2263040e6801af63b93c2

finish get block 569471  000000000000000000264244e48a139717d02c6186c0b845f040e57d44e9c271

569440 2019-03-30 08:15:38
get 1200 tx in 00000000000000000009fc3e7ba445ea02a9f350f38a68107231b5425c19ea8f

get 2400 tx in 0000000000000000001926e433a50cfe3167dba4243f6402e7718fd00a2c787d

get 2000 tx in 0000000000000000002ab733e0050d5fa9a52020994a0970f644b85b19d4addf

get 800 tx in 00000000000000000007fa5140504e94dee57215ee884c5ef98f79a76ab7a27f

get 1600 tx in 000000000000000000172ad8d3e6e08957f589a1b4b8473aea59e6baad1699b1

get 600 tx in 00000000000000000007c90f2b5263bc77cbcc1837a2263040e6801af63b93c2

get 200 tx in 00000000000000000028499702cd19566b94fd4258a2814c551c4cfd73f464ce

get 1400 tx in 00000000000000000009fc3e7ba445ea02a9f350f38a68107231b5425c19ea8f

get 2600 tx in 0000000000000000001926e433a50cfe3167dba4243f6402e7718fd00a2c787d

get 2200 tx in 0000000000000000002ab733e0050d5fa9a52020994a0970f644b85b19d4addf

get 1000 tx in 00000000000000000007fa5140504e94dee57215ee884c5ef98f79a76ab7a27f

get 1800 tx in 000000000000000000172ad8d3e6e08957f589a1b4b8473aea59e6baad1699b1

finish get block 569469  00000000000000000009dcbe88e9161df1eb55924dc0352f79f8544333627c59

569439 2019-03-30 08:10:33
get 800 tx in 00000000000000000007c90f2b5263bc77cbcc1837a2263040e6801af63b93c2

get 400 tx in 00000000000000000028499702cd19566b94fd4258a2814c551c4cfd73f464ce

get 1600 tx in 00000000000000000009fc3e7ba445ea02a9f350f38a68107231b5425c19ea8f

get 2400 tx in 0000000000000000002ab733e0050d5fa9a52020994a0970f644b85b19d4addf

get 1200 tx in 00000000000000000007fa5140504e94dee57215ee884c5ef98f79a76ab7a27f

get 2000 tx in 000000000000000000172ad8d3e6e08957f589a1b4b8473aea59e6baad1699b1

finish get block 569466  000000000000000000179b9ae77bb5148ff15198fcca48fa4d96c678d249ba40

569438 2019-03-30 07:57:27
get 1000 tx in 00000000000000000007c90f2b5263bc77cbcc1837a2263040e6801af63b93c2

get 200 tx in 00000000000000000019ee3e3d11c48084441c632219d084ad07ed897dc240d1

get 600 tx in 00000000000000000028499702cd19566b94fd4258a2814c551c4cfd73f464ce

get 1800 tx in 00000000000000000009fc3e7ba445ea02a9f350f38a68107231b5425c19ea8f

get 2600 tx in 0000000000000000002ab733e0050d5fa9a52020994a0970f644b85b19d4addf

get 1400 tx in 00000000000000000007fa5140504e94dee57215ee884c5ef98f79a76ab7a27f

get 2200 tx in 000000000000000000172ad8d3e6e08957f589a1b4b8473aea59e6baad1699b1

get 200 tx in 0000000000000000002b708bd72b2f9d5457edf3cb943f6aecde2ebd54358b62

get 1200 tx in 00000000000000000007c90f2b5263bc77cbcc1837a2263040e6801af63b93c2

get 400 tx in 00000000000000000019ee3e3d11c48084441c632219d084ad07ed897dc240d1

get 2000 tx in 00000000000000000009fc3e7ba445ea02a9f350f38a68107231b5425c19ea8f

get 800 tx in 00000000000000000028499702cd19566b94fd4258a2814c551c4cfd73f464ce

get 1600 tx in 00000000000000000007fa5140504e94dee57215ee884c5ef98f79a76ab7a27f

finish get block 569468  00000000000000000014d71cf099b48b11598d23950c6ecf7352fdcdef7b1b06

569437 2019-03-30 07:34:57
get 2400 tx in 000000000000000000172ad8d3e6e08957f589a1b4b8473aea59e6baad1699b1

get 400 tx in 0000000000000000002b708bd72b2f9d5457edf3cb943f6aecde2ebd54358b62

get 1400 tx in 00000000000000000007c90f2b5263bc77cbcc1837a2263040e6801af63b93c2

get 600 tx in 00000000000000000019ee3e3d11c48084441c632219d084ad07ed897dc240d1

get 2200 tx in 00000000000000000009fc3e7ba445ea02a9f350f38a68107231b5425c19ea8f

get 1000 tx in 00000000000000000028499702cd19566b94fd4258a2814c551c4cfd73f464ce

get 1800 tx in 00000000000000000007fa5140504e94dee57215ee884c5ef98f79a76ab7a27f

get 2600 tx in 000000000000000000172ad8d3e6e08957f589a1b4b8473aea59e6baad1699b1

get 200 tx in 000000000000000000095e896970a0d8af37367dc4b02b62ca6e8cdcd8a8312c

get 600 tx in 0000000000000000002b708bd72b2f9d5457edf3cb943f6aecde2ebd54358b62

get 800 tx in 00000000000000000019ee3e3d11c48084441c632219d084ad07ed897dc240d1

get 1600 tx in 00000000000000000007c90f2b5263bc77cbcc1837a2263040e6801af63b93c2

get 2400 tx in 00000000000000000009fc3e7ba445ea02a9f350f38a68107231b5425c19ea8f

finish get block 569467  0000000000000000002aca8696f4e523b7ea93decc41461cdae43a3dab9e8747

569436 2019-03-30 07:33:20
get 1200 tx in 00000000000000000028499702cd19566b94fd4258a2814c551c4cfd73f464ce

get 2000 tx in 00000000000000000007fa5140504e94dee57215ee884c5ef98f79a76ab7a27f

get 2800 tx in 000000000000000000172ad8d3e6e08957f589a1b4b8473aea59e6baad1699b1

get 400 tx in 000000000000000000095e896970a0d8af37367dc4b02b62ca6e8cdcd8a8312c

get 800 tx in 0000000000000000002b708bd72b2f9d5457edf3cb943f6aecde2ebd54358b62

get 1800 tx in 00000000000000000007c90f2b5263bc77cbcc1837a2263040e6801af63b93c2

get 1000 tx in 00000000000000000019ee3e3d11c48084441c632219d084ad07ed897dc240d1

get 2600 tx in 00000000000000000009fc3e7ba445ea02a9f350f38a68107231b5425c19ea8f

get 1400 tx in 00000000000000000028499702cd19566b94fd4258a2814c551c4cfd73f464ce

get 200 tx in 0000000000000000001877c685f2cccab0bbc17547d728077a812c9483d41fb4

get 2200 tx in 00000000000000000007fa5140504e94dee57215ee884c5ef98f79a76ab7a27f

get 600 tx in 000000000000000000095e896970a0d8af37367dc4b02b62ca6e8cdcd8a8312c

get 1000 tx in 0000000000000000002b708bd72b2f9d5457edf3cb943f6aecde2ebd54358b62

get 1200 tx in 00000000000000000019ee3e3d11c48084441c632219d084ad07ed897dc240d1

get 2000 tx in 00000000000000000007c90f2b5263bc77cbcc1837a2263040e6801af63b93c2

finish get block 569465  0000000000000000000f3f01e00538443bf8fa9ff4f1370b59109d5cafb68a18

569435 2019-03-30 07:32:55
get 400 tx in 0000000000000000001877c685f2cccab0bbc17547d728077a812c9483d41fb4

get 1600 tx in 00000000000000000028499702cd19566b94fd4258a2814c551c4cfd73f464ce

get 800 tx in 000000000000000000095e896970a0d8af37367dc4b02b62ca6e8cdcd8a8312c

get 1200 tx in 0000000000000000002b708bd72b2f9d5457edf3cb943f6aecde2ebd54358b62

get 1400 tx in 00000000000000000019ee3e3d11c48084441c632219d084ad07ed897dc240d1

get 2200 tx in 00000000000000000007c90f2b5263bc77cbcc1837a2263040e6801af63b93c2

get 200 tx in 0000000000000000000a169ee75efb5358aa49c5fa35fa777c4e2f7d900b6c39

get 1800 tx in 00000000000000000028499702cd19566b94fd4258a2814c551c4cfd73f464ce

get 600 tx in 0000000000000000001877c685f2cccab0bbc17547d728077a812c9483d41fb4

get 1000 tx in 000000000000000000095e896970a0d8af37367dc4b02b62ca6e8cdcd8a8312c

get 1400 tx in 0000000000000000002b708bd72b2f9d5457edf3cb943f6aecde2ebd54358b62

finish get block 569464  00000000000000000011a08574c1acc15f09bdcafa49cefa473153e56b9c893f

569434 2019-03-30 07:28:31
get 1600 tx in 00000000000000000019ee3e3d11c48084441c632219d084ad07ed897dc240d1

get 2400 tx in 00000000000000000007c90f2b5263bc77cbcc1837a2263040e6801af63b93c2

get 400 tx in 0000000000000000000a169ee75efb5358aa49c5fa35fa777c4e2f7d900b6c39

get 2000 tx in 00000000000000000028499702cd19566b94fd4258a2814c551c4cfd73f464ce

get 800 tx in 0000000000000000001877c685f2cccab0bbc17547d728077a812c9483d41fb4

get 1600 tx in 0000000000000000002b708bd72b2f9d5457edf3cb943f6aecde2ebd54358b62

get 1200 tx in 000000000000000000095e896970a0d8af37367dc4b02b62ca6e8cdcd8a8312c

get 200 tx in 00000000000000000003b2bc6d9492dbe3edfaa240065ff6687e96f3e4365e62

get 1800 tx in 00000000000000000019ee3e3d11c48084441c632219d084ad07ed897dc240d1

get 600 tx in 0000000000000000000a169ee75efb5358aa49c5fa35fa777c4e2f7d900b6c39

get 2200 tx in 00000000000000000028499702cd19566b94fd4258a2814c551c4cfd73f464ce

get 1000 tx in 0000000000000000001877c685f2cccab0bbc17547d728077a812c9483d41fb4

finish get block 569463  000000000000000000277a2596ee5e89bc600a2760e681985970f9325be3650d

569433 2019-03-30 07:24:18
get 1800 tx in 0000000000000000002b708bd72b2f9d5457edf3cb943f6aecde2ebd54358b62

get 1400 tx in 000000000000000000095e896970a0d8af37367dc4b02b62ca6e8cdcd8a8312c

get 400 tx in 00000000000000000003b2bc6d9492dbe3edfaa240065ff6687e96f3e4365e62

get 2000 tx in 00000000000000000019ee3e3d11c48084441c632219d084ad07ed897dc240d1

get 800 tx in 0000000000000000000a169ee75efb5358aa49c5fa35fa777c4e2f7d900b6c39

get 2400 tx in 00000000000000000028499702cd19566b94fd4258a2814c551c4cfd73f464ce

get 1200 tx in 0000000000000000001877c685f2cccab0bbc17547d728077a812c9483d41fb4

get 200 tx in 000000000000000000142a9da409700facbb885f032da8e9d6d2fe5154d710b9

get 2000 tx in 0000000000000000002b708bd72b2f9d5457edf3cb943f6aecde2ebd54358b62

get 1600 tx in 000000000000000000095e896970a0d8af37367dc4b02b62ca6e8cdcd8a8312c

get 600 tx in 00000000000000000003b2bc6d9492dbe3edfaa240065ff6687e96f3e4365e62

get 2200 tx in 00000000000000000019ee3e3d11c48084441c632219d084ad07ed897dc240d1

finish get block 569462  0000000000000000002133c9b10cc728ccacf6491c1b3df995371ef2dcc41ae2

569432 2019-03-30 07:07:14
get 1000 tx in 0000000000000000000a169ee75efb5358aa49c5fa35fa777c4e2f7d900b6c39

get 1400 tx in 0000000000000000001877c685f2cccab0bbc17547d728077a812c9483d41fb4

get 400 tx in 000000000000000000142a9da409700facbb885f032da8e9d6d2fe5154d710b9

get 2200 tx in 0000000000000000002b708bd72b2f9d5457edf3cb943f6aecde2ebd54358b62

get 1800 tx in 000000000000000000095e896970a0d8af37367dc4b02b62ca6e8cdcd8a8312c

get 800 tx in 00000000000000000003b2bc6d9492dbe3edfaa240065ff6687e96f3e4365e62

get 2400 tx in 00000000000000000019ee3e3d11c48084441c632219d084ad07ed897dc240d1

get 200 tx in 00000000000000000004a804ad12b1c1f5981161659b6d3d30fbc9e1f1ca5ea2

get 1200 tx in 0000000000000000000a169ee75efb5358aa49c5fa35fa777c4e2f7d900b6c39

get 1600 tx in 0000000000000000001877c685f2cccab0bbc17547d728077a812c9483d41fb4

get 600 tx in 000000000000000000142a9da409700facbb885f032da8e9d6d2fe5154d710b9

finish get block 569459  00000000000000000001adda6410044fa205cff0a0a1fed4a9cb8422cdf5fbe8

569431 2019-03-30 06:58:47
get 2400 tx in 0000000000000000002b708bd72b2f9d5457edf3cb943f6aecde2ebd54358b62

get 2000 tx in 000000000000000000095e896970a0d8af37367dc4b02b62ca6e8cdcd8a8312c

get 1000 tx in 00000000000000000003b2bc6d9492dbe3edfaa240065ff6687e96f3e4365e62

get 2600 tx in 00000000000000000019ee3e3d11c48084441c632219d084ad07ed897dc240d1

get 400 tx in 00000000000000000004a804ad12b1c1f5981161659b6d3d30fbc9e1f1ca5ea2

get 1400 tx in 0000000000000000000a169ee75efb5358aa49c5fa35fa777c4e2f7d900b6c39

get 1800 tx in 0000000000000000001877c685f2cccab0bbc17547d728077a812c9483d41fb4

get 800 tx in 000000000000000000142a9da409700facbb885f032da8e9d6d2fe5154d710b9

get 200 tx in 0000000000000000001bc38962600bc793a8cf394fae8118a284ea14151ec4c3

get 2600 tx in 0000000000000000002b708bd72b2f9d5457edf3cb943f6aecde2ebd54358b62

get 2200 tx in 000000000000000000095e896970a0d8af37367dc4b02b62ca6e8cdcd8a8312c

get 1200 tx in 00000000000000000003b2bc6d9492dbe3edfaa240065ff6687e96f3e4365e62

get 2800 tx in 00000000000000000019ee3e3d11c48084441c632219d084ad07ed897dc240d1

get 600 tx in 00000000000000000004a804ad12b1c1f5981161659b6d3d30fbc9e1f1ca5ea2

get 1600 tx in 0000000000000000000a169ee75efb5358aa49c5fa35fa777c4e2f7d900b6c39

finish get block 569461  0000000000000000001db98ee6e06ece179040591f010d77840981ae76b2e0c4

569430 2019-03-30 06:58:32
get 2000 tx in 0000000000000000001877c685f2cccab0bbc17547d728077a812c9483d41fb4

get 1000 tx in 000000000000000000142a9da409700facbb885f032da8e9d6d2fe5154d710b9

get 400 tx in 0000000000000000001bc38962600bc793a8cf394fae8118a284ea14151ec4c3

get 2400 tx in 000000000000000000095e896970a0d8af37367dc4b02b62ca6e8cdcd8a8312c

get 1400 tx in 00000000000000000003b2bc6d9492dbe3edfaa240065ff6687e96f3e4365e62

get 3000 tx in 00000000000000000019ee3e3d11c48084441c632219d084ad07ed897dc240d1

get 800 tx in 00000000000000000004a804ad12b1c1f5981161659b6d3d30fbc9e1f1ca5ea2

get 1800 tx in 0000000000000000000a169ee75efb5358aa49c5fa35fa777c4e2f7d900b6c39

get 2200 tx in 0000000000000000001877c685f2cccab0bbc17547d728077a812c9483d41fb4

get 1200 tx in 000000000000000000142a9da409700facbb885f032da8e9d6d2fe5154d710b9

get 200 tx in 0000000000000000000d3437c5c0746cccc4995e0c15795f38fd736c7e26d9c1

get 600 tx in 0000000000000000001bc38962600bc793a8cf394fae8118a284ea14151ec4c3

get 2600 tx in 000000000000000000095e896970a0d8af37367dc4b02b62ca6e8cdcd8a8312c

get 1600 tx in 00000000000000000003b2bc6d9492dbe3edfaa240065ff6687e96f3e4365e62

finish get block 569460  000000000000000000128bec2e9fa3076ee1a8dc5b8127f4a6555a0507d54ed1

569429 2019-03-30 06:33:21
get 1000 tx in 00000000000000000004a804ad12b1c1f5981161659b6d3d30fbc9e1f1ca5ea2

get 2400 tx in 0000000000000000001877c685f2cccab0bbc17547d728077a812c9483d41fb4

get 2000 tx in 0000000000000000000a169ee75efb5358aa49c5fa35fa777c4e2f7d900b6c39

get 1400 tx in 000000000000000000142a9da409700facbb885f032da8e9d6d2fe5154d710b9

get 400 tx in 0000000000000000000d3437c5c0746cccc4995e0c15795f38fd736c7e26d9c1

get 800 tx in 0000000000000000001bc38962600bc793a8cf394fae8118a284ea14151ec4c3

get 1800 tx in 00000000000000000003b2bc6d9492dbe3edfaa240065ff6687e96f3e4365e62

get 1200 tx in 00000000000000000004a804ad12b1c1f5981161659b6d3d30fbc9e1f1ca5ea2

get 200 tx in 00000000000000000020ce32303060cd71a212ea97b202deb52309a9880940d4

get 2200 tx in 0000000000000000000a169ee75efb5358aa49c5fa35fa777c4e2f7d900b6c39

get 1600 tx in 000000000000000000142a9da409700facbb885f032da8e9d6d2fe5154d710b9

get 600 tx in 0000000000000000000d3437c5c0746cccc4995e0c15795f38fd736c7e26d9c1

get 1000 tx in 0000000000000000001bc38962600bc793a8cf394fae8118a284ea14151ec4c3

get 2000 tx in 00000000000000000003b2bc6d9492dbe3edfaa240065ff6687e96f3e4365e62

get 1400 tx in 00000000000000000004a804ad12b1c1f5981161659b6d3d30fbc9e1f1ca5ea2

finish get block 569458  0000000000000000002b12fd73afc15b899b7a86ba83d7324e9f9c0256b26fd8

569428 2019-03-30 06:31:09
get 400 tx in 00000000000000000020ce32303060cd71a212ea97b202deb52309a9880940d4

get 2400 tx in 0000000000000000000a169ee75efb5358aa49c5fa35fa777c4e2f7d900b6c39

get 1800 tx in 000000000000000000142a9da409700facbb885f032da8e9d6d2fe5154d710b9

get 800 tx in 0000000000000000000d3437c5c0746cccc4995e0c15795f38fd736c7e26d9c1

get 1200 tx in 0000000000000000001bc38962600bc793a8cf394fae8118a284ea14151ec4c3

get 2200 tx in 00000000000000000003b2bc6d9492dbe3edfaa240065ff6687e96f3e4365e62

get 1600 tx in 00000000000000000004a804ad12b1c1f5981161659b6d3d30fbc9e1f1ca5ea2

get 600 tx in 00000000000000000020ce32303060cd71a212ea97b202deb52309a9880940d4

get 200 tx in 00000000000000000028e3b93cea06586bca19f2c7431531d011d2fb79eb2270

get 2600 tx in 0000000000000000000a169ee75efb5358aa49c5fa35fa777c4e2f7d900b6c39

get 1000 tx in 0000000000000000000d3437c5c0746cccc4995e0c15795f38fd736c7e26d9c1

get 2000 tx in 000000000000000000142a9da409700facbb885f032da8e9d6d2fe5154d710b9

get 1400 tx in 0000000000000000001bc38962600bc793a8cf394fae8118a284ea14151ec4c3

get 2400 tx in 00000000000000000003b2bc6d9492dbe3edfaa240065ff6687e96f3e4365e62

get 1800 tx in 00000000000000000004a804ad12b1c1f5981161659b6d3d30fbc9e1f1ca5ea2

finish get block 569457  0000000000000000000ae38fe099e7058dae1d91c7ad6393ab678040b5aca3f2

569427 2019-03-30 06:29:02
get 800 tx in 00000000000000000020ce32303060cd71a212ea97b202deb52309a9880940d4

get 400 tx in 00000000000000000028e3b93cea06586bca19f2c7431531d011d2fb79eb2270

get 1200 tx in 0000000000000000000d3437c5c0746cccc4995e0c15795f38fd736c7e26d9c1

get 2200 tx in 000000000000000000142a9da409700facbb885f032da8e9d6d2fe5154d710b9

get 1600 tx in 0000000000000000001bc38962600bc793a8cf394fae8118a284ea14151ec4c3

get 2600 tx in 00000000000000000003b2bc6d9492dbe3edfaa240065ff6687e96f3e4365e62

get 2000 tx in 00000000000000000004a804ad12b1c1f5981161659b6d3d30fbc9e1f1ca5ea2

get 1000 tx in 00000000000000000020ce32303060cd71a212ea97b202deb52309a9880940d4

get 600 tx in 00000000000000000028e3b93cea06586bca19f2c7431531d011d2fb79eb2270

get 200 tx in 0000000000000000001fe2dbf212644d70a01937b688e7f4e29be5459c4eb92b

get 1400 tx in 0000000000000000000d3437c5c0746cccc4995e0c15795f38fd736c7e26d9c1

get 2400 tx in 000000000000000000142a9da409700facbb885f032da8e9d6d2fe5154d710b9

get 1800 tx in 0000000000000000001bc38962600bc793a8cf394fae8118a284ea14151ec4c3

get 2800 tx in 00000000000000000003b2bc6d9492dbe3edfaa240065ff6687e96f3e4365e62

finish get block 569456  0000000000000000001a32d96169573c7e4a8a5ff3a5047b223d2a34c3fa89db

569426 2019-03-30 06:25:50
get 2200 tx in 00000000000000000004a804ad12b1c1f5981161659b6d3d30fbc9e1f1ca5ea2

get 400 tx in 0000000000000000001fe2dbf212644d70a01937b688e7f4e29be5459c4eb92b

get 800 tx in 00000000000000000028e3b93cea06586bca19f2c7431531d011d2fb79eb2270

get 1200 tx in 00000000000000000020ce32303060cd71a212ea97b202deb52309a9880940d4

get 1600 tx in 0000000000000000000d3437c5c0746cccc4995e0c15795f38fd736c7e26d9c1

get 2600 tx in 000000000000000000142a9da409700facbb885f032da8e9d6d2fe5154d710b9

get 2000 tx in 0000000000000000001bc38962600bc793a8cf394fae8118a284ea14151ec4c3

get 3000 tx in 00000000000000000003b2bc6d9492dbe3edfaa240065ff6687e96f3e4365e62

get 200 tx in 0000000000000000000d1e9a546e88d790d9ea16ba96c46933c7e2cbd13c2633

get 1000 tx in 00000000000000000028e3b93cea06586bca19f2c7431531d011d2fb79eb2270

get 1400 tx in 00000000000000000020ce32303060cd71a212ea97b202deb52309a9880940d4

get 600 tx in 0000000000000000001fe2dbf212644d70a01937b688e7f4e29be5459c4eb92b

get 1800 tx in 0000000000000000000d3437c5c0746cccc4995e0c15795f38fd736c7e26d9c1

get 2800 tx in 000000000000000000142a9da409700facbb885f032da8e9d6d2fe5154d710b9

get 2200 tx in 0000000000000000001bc38962600bc793a8cf394fae8118a284ea14151ec4c3

finish get block 569455  00000000000000000022e79df0f25f70f1722eb116ddca7790bb8990a98b4485

569425 2019-03-30 06:12:20
get 400 tx in 0000000000000000000d1e9a546e88d790d9ea16ba96c46933c7e2cbd13c2633

get 1200 tx in 00000000000000000028e3b93cea06586bca19f2c7431531d011d2fb79eb2270

get 800 tx in 0000000000000000001fe2dbf212644d70a01937b688e7f4e29be5459c4eb92b

get 1600 tx in 00000000000000000020ce32303060cd71a212ea97b202deb52309a9880940d4

get 2000 tx in 0000000000000000000d3437c5c0746cccc4995e0c15795f38fd736c7e26d9c1

get 2400 tx in 0000000000000000001bc38962600bc793a8cf394fae8118a284ea14151ec4c3

get 3000 tx in 000000000000000000142a9da409700facbb885f032da8e9d6d2fe5154d710b9

get 200 tx in 000000000000000000154423e58373900ba2501b5e00deface71de35c46a05b8

get 600 tx in 0000000000000000000d1e9a546e88d790d9ea16ba96c46933c7e2cbd13c2633

get 1400 tx in 00000000000000000028e3b93cea06586bca19f2c7431531d011d2fb79eb2270

get 1000 tx in 0000000000000000001fe2dbf212644d70a01937b688e7f4e29be5459c4eb92b

get 1800 tx in 00000000000000000020ce32303060cd71a212ea97b202deb52309a9880940d4

get 2200 tx in 0000000000000000000d3437c5c0746cccc4995e0c15795f38fd736c7e26d9c1

get 400 tx in 000000000000000000154423e58373900ba2501b5e00deface71de35c46a05b8

finish get block 569454  00000000000000000023bac426cff8a8e8e642709be757497e69f80a7813f2e9

569424 2019-03-30 05:58:06
get 800 tx in 0000000000000000000d1e9a546e88d790d9ea16ba96c46933c7e2cbd13c2633

get 1600 tx in 00000000000000000028e3b93cea06586bca19f2c7431531d011d2fb79eb2270

get 1200 tx in 0000000000000000001fe2dbf212644d70a01937b688e7f4e29be5459c4eb92b

get 2000 tx in 00000000000000000020ce32303060cd71a212ea97b202deb52309a9880940d4

get 2400 tx in 0000000000000000000d3437c5c0746cccc4995e0c15795f38fd736c7e26d9c1

get 600 tx in 000000000000000000154423e58373900ba2501b5e00deface71de35c46a05b8

get 1000 tx in 0000000000000000000d1e9a546e88d790d9ea16ba96c46933c7e2cbd13c2633

get 200 tx in 0000000000000000001e0eb6b51d16dd1e21c876c0396e3f17366a6eaa121491

get 1800 tx in 00000000000000000028e3b93cea06586bca19f2c7431531d011d2fb79eb2270

get 1400 tx in 0000000000000000001fe2dbf212644d70a01937b688e7f4e29be5459c4eb92b

get 2200 tx in 00000000000000000020ce32303060cd71a212ea97b202deb52309a9880940d4

get 2600 tx in 0000000000000000000d3437c5c0746cccc4995e0c15795f38fd736c7e26d9c1

finish get block 569453  0000000000000000002783270699a7dff9c955f6955a114d4fc5b2332412dcd9

569423 2019-03-30 05:40:12
get 800 tx in 000000000000000000154423e58373900ba2501b5e00deface71de35c46a05b8

get 1200 tx in 0000000000000000000d1e9a546e88d790d9ea16ba96c46933c7e2cbd13c2633

get 400 tx in 0000000000000000001e0eb6b51d16dd1e21c876c0396e3f17366a6eaa121491

get 2000 tx in 00000000000000000028e3b93cea06586bca19f2c7431531d011d2fb79eb2270

get 1600 tx in 0000000000000000001fe2dbf212644d70a01937b688e7f4e29be5459c4eb92b

get 2400 tx in 00000000000000000020ce32303060cd71a212ea97b202deb52309a9880940d4

get 2800 tx in 0000000000000000000d3437c5c0746cccc4995e0c15795f38fd736c7e26d9c1

get 200 tx in 00000000000000000014e093378a6149f175d8355a1a918461804c43f5f095cf

get 1000 tx in 000000000000000000154423e58373900ba2501b5e00deface71de35c46a05b8

get 1400 tx in 0000000000000000000d1e9a546e88d790d9ea16ba96c46933c7e2cbd13c2633

get 600 tx in 0000000000000000001e0eb6b51d16dd1e21c876c0396e3f17366a6eaa121491

get 2200 tx in 00000000000000000028e3b93cea06586bca19f2c7431531d011d2fb79eb2270

get 1800 tx in 0000000000000000001fe2dbf212644d70a01937b688e7f4e29be5459c4eb92b

get 3000 tx in 0000000000000000000d3437c5c0746cccc4995e0c15795f38fd736c7e26d9c1

finish get block 569452  0000000000000000000b014b172d80634114cc30ac6b5d90edc95ed43872ccf2

569422 2019-03-30 05:30:58
get 1200 tx in 000000000000000000154423e58373900ba2501b5e00deface71de35c46a05b8

get 400 tx in 00000000000000000014e093378a6149f175d8355a1a918461804c43f5f095cf

get 800 tx in 0000000000000000001e0eb6b51d16dd1e21c876c0396e3f17366a6eaa121491

get 1600 tx in 0000000000000000000d1e9a546e88d790d9ea16ba96c46933c7e2cbd13c2633

get 2400 tx in 00000000000000000028e3b93cea06586bca19f2c7431531d011d2fb79eb2270

get 2000 tx in 0000000000000000001fe2dbf212644d70a01937b688e7f4e29be5459c4eb92b

get 200 tx in 0000000000000000000c0b14c0587f3682f5d883377dd29a39ac99e595879ab9

get 600 tx in 00000000000000000014e093378a6149f175d8355a1a918461804c43f5f095cf

get 1400 tx in 000000000000000000154423e58373900ba2501b5e00deface71de35c46a05b8

get 1000 tx in 0000000000000000001e0eb6b51d16dd1e21c876c0396e3f17366a6eaa121491

get 1800 tx in 0000000000000000000d1e9a546e88d790d9ea16ba96c46933c7e2cbd13c2633

get 2600 tx in 00000000000000000028e3b93cea06586bca19f2c7431531d011d2fb79eb2270

get 2200 tx in 0000000000000000001fe2dbf212644d70a01937b688e7f4e29be5459c4eb92b

finish get block 569450  00000000000000000014508799fef7b32a7825f3299706c9441da76c9404957b

569421 2019-03-30 05:25:11
get 400 tx in 0000000000000000000c0b14c0587f3682f5d883377dd29a39ac99e595879ab9

get 800 tx in 00000000000000000014e093378a6149f175d8355a1a918461804c43f5f095cf

get 1200 tx in 0000000000000000001e0eb6b51d16dd1e21c876c0396e3f17366a6eaa121491

get 2000 tx in 0000000000000000000d1e9a546e88d790d9ea16ba96c46933c7e2cbd13c2633

get 2800 tx in 00000000000000000028e3b93cea06586bca19f2c7431531d011d2fb79eb2270

get 200 tx in 0000000000000000002be416b38f0996ad536168bdc386ce60b1653c59e31c22

get 600 tx in 0000000000000000000c0b14c0587f3682f5d883377dd29a39ac99e595879ab9

get 1000 tx in 00000000000000000014e093378a6149f175d8355a1a918461804c43f5f095cf

get 1400 tx in 0000000000000000001e0eb6b51d16dd1e21c876c0396e3f17366a6eaa121491

get 2200 tx in 0000000000000000000d1e9a546e88d790d9ea16ba96c46933c7e2cbd13c2633

get 3000 tx in 00000000000000000028e3b93cea06586bca19f2c7431531d011d2fb79eb2270

finish get block 569451  000000000000000000160c1c3ac103cf8c66ee06eed9a57d2dc2472594cdba71

569420 2019-03-30 05:21:16
get 400 tx in 0000000000000000002be416b38f0996ad536168bdc386ce60b1653c59e31c22

get 800 tx in 0000000000000000000c0b14c0587f3682f5d883377dd29a39ac99e595879ab9

get 1200 tx in 00000000000000000014e093378a6149f175d8355a1a918461804c43f5f095cf

get 1600 tx in 0000000000000000001e0eb6b51d16dd1e21c876c0396e3f17366a6eaa121491

get 2400 tx in 0000000000000000000d1e9a546e88d790d9ea16ba96c46933c7e2cbd13c2633

get 600 tx in 0000000000000000002be416b38f0996ad536168bdc386ce60b1653c59e31c22

get 200 tx in 000000000000000000066efeb2c14f8506f79c6afe3296f1ba14a0fe0b249763

get 1000 tx in 0000000000000000000c0b14c0587f3682f5d883377dd29a39ac99e595879ab9

get 1400 tx in 00000000000000000014e093378a6149f175d8355a1a918461804c43f5f095cf

get 1800 tx in 0000000000000000001e0eb6b51d16dd1e21c876c0396e3f17366a6eaa121491

get 2600 tx in 0000000000000000000d1e9a546e88d790d9ea16ba96c46933c7e2cbd13c2633

finish get block 569448  00000000000000000016c27bf85ee19a96394529f21abd06e62466a23b7952a2

569419 2019-03-30 05:15:03
get 800 tx in 0000000000000000002be416b38f0996ad536168bdc386ce60b1653c59e31c22

get 400 tx in 000000000000000000066efeb2c14f8506f79c6afe3296f1ba14a0fe0b249763

get 1200 tx in 0000000000000000000c0b14c0587f3682f5d883377dd29a39ac99e595879ab9

get 1600 tx in 00000000000000000014e093378a6149f175d8355a1a918461804c43f5f095cf

get 2800 tx in 0000000000000000000d1e9a546e88d790d9ea16ba96c46933c7e2cbd13c2633

get 2000 tx in 0000000000000000001e0eb6b51d16dd1e21c876c0396e3f17366a6eaa121491

get 200 tx in 00000000000000000021a56536d04db3257b959b1fddf06b0af5670bf72f4357

get 1000 tx in 0000000000000000002be416b38f0996ad536168bdc386ce60b1653c59e31c22

get 600 tx in 000000000000000000066efeb2c14f8506f79c6afe3296f1ba14a0fe0b249763

get 1400 tx in 0000000000000000000c0b14c0587f3682f5d883377dd29a39ac99e595879ab9

get 1800 tx in 00000000000000000014e093378a6149f175d8355a1a918461804c43f5f095cf

get 2200 tx in 0000000000000000001e0eb6b51d16dd1e21c876c0396e3f17366a6eaa121491

get 400 tx in 00000000000000000021a56536d04db3257b959b1fddf06b0af5670bf72f4357

finish get block 569449  0000000000000000001452ebf9ac2002c0be867201afbfdc2a8d42babcc7982d

569418 2019-03-30 05:12:36
get 1200 tx in 0000000000000000002be416b38f0996ad536168bdc386ce60b1653c59e31c22

get 800 tx in 000000000000000000066efeb2c14f8506f79c6afe3296f1ba14a0fe0b249763

get 1600 tx in 0000000000000000000c0b14c0587f3682f5d883377dd29a39ac99e595879ab9

get 2000 tx in 00000000000000000014e093378a6149f175d8355a1a918461804c43f5f095cf

get 2400 tx in 0000000000000000001e0eb6b51d16dd1e21c876c0396e3f17366a6eaa121491

get 600 tx in 00000000000000000021a56536d04db3257b959b1fddf06b0af5670bf72f4357

get 200 tx in 000000000000000000140c1c4c7a9c7de597a343287deb3723fa2854cf547286

get 1400 tx in 0000000000000000002be416b38f0996ad536168bdc386ce60b1653c59e31c22

get 1000 tx in 000000000000000000066efeb2c14f8506f79c6afe3296f1ba14a0fe0b249763

get 1800 tx in 0000000000000000000c0b14c0587f3682f5d883377dd29a39ac99e595879ab9

get 2200 tx in 00000000000000000014e093378a6149f175d8355a1a918461804c43f5f095cf

finish get block 569447  0000000000000000002a09cbfd7f3903bf31700035ee292410d92a5755cbd29e

569417 2019-03-30 05:00:35
get 2600 tx in 0000000000000000001e0eb6b51d16dd1e21c876c0396e3f17366a6eaa121491

get 800 tx in 00000000000000000021a56536d04db3257b959b1fddf06b0af5670bf72f4357

get 400 tx in 000000000000000000140c1c4c7a9c7de597a343287deb3723fa2854cf547286

get 1200 tx in 000000000000000000066efeb2c14f8506f79c6afe3296f1ba14a0fe0b249763

get 1600 tx in 0000000000000000002be416b38f0996ad536168bdc386ce60b1653c59e31c22

get 2000 tx in 0000000000000000000c0b14c0587f3682f5d883377dd29a39ac99e595879ab9

get 2400 tx in 00000000000000000014e093378a6149f175d8355a1a918461804c43f5f095cf

get 200 tx in 00000000000000000002f40731e3542a30049b564462449cc00eb06825484834

get 1000 tx in 00000000000000000021a56536d04db3257b959b1fddf06b0af5670bf72f4357

get 600 tx in 000000000000000000140c1c4c7a9c7de597a343287deb3723fa2854cf547286

get 1400 tx in 000000000000000000066efeb2c14f8506f79c6afe3296f1ba14a0fe0b249763

get 1800 tx in 0000000000000000002be416b38f0996ad536168bdc386ce60b1653c59e31c22

finish get block 569446  0000000000000000001926e433a50cfe3167dba4243f6402e7718fd00a2c787d

569416 2019-03-30 04:57:51
get 2200 tx in 0000000000000000000c0b14c0587f3682f5d883377dd29a39ac99e595879ab9

get 2600 tx in 00000000000000000014e093378a6149f175d8355a1a918461804c43f5f095cf

get 400 tx in 00000000000000000002f40731e3542a30049b564462449cc00eb06825484834

get 1200 tx in 00000000000000000021a56536d04db3257b959b1fddf06b0af5670bf72f4357

get 800 tx in 000000000000000000140c1c4c7a9c7de597a343287deb3723fa2854cf547286

get 1600 tx in 000000000000000000066efeb2c14f8506f79c6afe3296f1ba14a0fe0b249763

get 200 tx in 00000000000000000028e4411693e78ef57ab28bdfc26d71d81c675bec6f3959

get 2400 tx in 0000000000000000000c0b14c0587f3682f5d883377dd29a39ac99e595879ab9

get 2800 tx in 00000000000000000014e093378a6149f175d8355a1a918461804c43f5f095cf

get 600 tx in 00000000000000000002f40731e3542a30049b564462449cc00eb06825484834

get 1400 tx in 00000000000000000021a56536d04db3257b959b1fddf06b0af5670bf72f4357

get 1000 tx in 000000000000000000140c1c4c7a9c7de597a343287deb3723fa2854cf547286

get 1800 tx in 000000000000000000066efeb2c14f8506f79c6afe3296f1ba14a0fe0b249763

finish get block 569445  0000000000000000002ab733e0050d5fa9a52020994a0970f644b85b19d4addf

569415 2019-03-30 04:56:26
get 400 tx in 00000000000000000028e4411693e78ef57ab28bdfc26d71d81c675bec6f3959

get 800 tx in 00000000000000000002f40731e3542a30049b564462449cc00eb06825484834

get 1600 tx in 00000000000000000021a56536d04db3257b959b1fddf06b0af5670bf72f4357

get 2000 tx in 000000000000000000066efeb2c14f8506f79c6afe3296f1ba14a0fe0b249763

get 1200 tx in 000000000000000000140c1c4c7a9c7de597a343287deb3723fa2854cf547286

get 200 tx in 0000000000000000001ae7a1bbe1c0d218c6ad4d49f5a2110e57c44c6844cfe5

get 600 tx in 00000000000000000028e4411693e78ef57ab28bdfc26d71d81c675bec6f3959

get 1000 tx in 00000000000000000002f40731e3542a30049b564462449cc00eb06825484834

get 1800 tx in 00000000000000000021a56536d04db3257b959b1fddf06b0af5670bf72f4357

get 2200 tx in 000000000000000000066efeb2c14f8506f79c6afe3296f1ba14a0fe0b249763

get 1400 tx in 000000000000000000140c1c4c7a9c7de597a343287deb3723fa2854cf547286

finish get block 569444  000000000000000000172ad8d3e6e08957f589a1b4b8473aea59e6baad1699b1

569414 2019-03-30 04:52:26
get 400 tx in 0000000000000000001ae7a1bbe1c0d218c6ad4d49f5a2110e57c44c6844cfe5

get 800 tx in 00000000000000000028e4411693e78ef57ab28bdfc26d71d81c675bec6f3959

get 1200 tx in 00000000000000000002f40731e3542a30049b564462449cc00eb06825484834

get 2000 tx in 00000000000000000021a56536d04db3257b959b1fddf06b0af5670bf72f4357

get 2400 tx in 000000000000000000066efeb2c14f8506f79c6afe3296f1ba14a0fe0b249763

get 1600 tx in 000000000000000000140c1c4c7a9c7de597a343287deb3723fa2854cf547286

get 600 tx in 0000000000000000001ae7a1bbe1c0d218c6ad4d49f5a2110e57c44c6844cfe5

get 200 tx in 0000000000000000002bb0d8d00d7a9d069bfb1f0d5136873684b9f83e795b5a

get 1000 tx in 00000000000000000028e4411693e78ef57ab28bdfc26d71d81c675bec6f3959

get 1400 tx in 00000000000000000002f40731e3542a30049b564462449cc00eb06825484834

get 2200 tx in 00000000000000000021a56536d04db3257b959b1fddf06b0af5670bf72f4357

get 1800 tx in 000000000000000000140c1c4c7a9c7de597a343287deb3723fa2854cf547286

finish get block 569443  00000000000000000009fc3e7ba445ea02a9f350f38a68107231b5425c19ea8f

569413 2019-03-30 04:28:37
get 800 tx in 0000000000000000001ae7a1bbe1c0d218c6ad4d49f5a2110e57c44c6844cfe5

get 400 tx in 0000000000000000002bb0d8d00d7a9d069bfb1f0d5136873684b9f83e795b5a

get 1200 tx in 00000000000000000028e4411693e78ef57ab28bdfc26d71d81c675bec6f3959

get 1600 tx in 00000000000000000002f40731e3542a30049b564462449cc00eb06825484834

get 2400 tx in 00000000000000000021a56536d04db3257b959b1fddf06b0af5670bf72f4357

get 2000 tx in 000000000000000000140c1c4c7a9c7de597a343287deb3723fa2854cf547286

get 200 tx in 00000000000000000015038077a4bd0caccb41ba5d394732608b79bdf273cd4e

get 1000 tx in 0000000000000000001ae7a1bbe1c0d218c6ad4d49f5a2110e57c44c6844cfe5

get 600 tx in 0000000000000000002bb0d8d00d7a9d069bfb1f0d5136873684b9f83e795b5a

get 1400 tx in 00000000000000000028e4411693e78ef57ab28bdfc26d71d81c675bec6f3959

get 1800 tx in 00000000000000000002f40731e3542a30049b564462449cc00eb06825484834

finish get block 569442  00000000000000000007fa5140504e94dee57215ee884c5ef98f79a76ab7a27f

569412 2019-03-30 04:20:12
get 2200 tx in 000000000000000000140c1c4c7a9c7de597a343287deb3723fa2854cf547286

get 400 tx in 00000000000000000015038077a4bd0caccb41ba5d394732608b79bdf273cd4e

get 800 tx in 0000000000000000002bb0d8d00d7a9d069bfb1f0d5136873684b9f83e795b5a

get 1200 tx in 0000000000000000001ae7a1bbe1c0d218c6ad4d49f5a2110e57c44c6844cfe5

get 1600 tx in 00000000000000000028e4411693e78ef57ab28bdfc26d71d81c675bec6f3959

get 2000 tx in 00000000000000000002f40731e3542a30049b564462449cc00eb06825484834

get 200 tx in 0000000000000000000b1ac4500680fe0cde21468d0f97b5250e65c8ff592c0c

get 600 tx in 00000000000000000015038077a4bd0caccb41ba5d394732608b79bdf273cd4e

get 1000 tx in 0000000000000000002bb0d8d00d7a9d069bfb1f0d5136873684b9f83e795b5a

get 1400 tx in 0000000000000000001ae7a1bbe1c0d218c6ad4d49f5a2110e57c44c6844cfe5

finish get block 569441  00000000000000000007c90f2b5263bc77cbcc1837a2263040e6801af63b93c2

569411 2019-03-30 03:57:37
get 1800 tx in 00000000000000000028e4411693e78ef57ab28bdfc26d71d81c675bec6f3959

get 400 tx in 0000000000000000000b1ac4500680fe0cde21468d0f97b5250e65c8ff592c0c

get 800 tx in 00000000000000000015038077a4bd0caccb41ba5d394732608b79bdf273cd4e

get 1200 tx in 0000000000000000002bb0d8d00d7a9d069bfb1f0d5136873684b9f83e795b5a

get 1600 tx in 0000000000000000001ae7a1bbe1c0d218c6ad4d49f5a2110e57c44c6844cfe5

get 2000 tx in 00000000000000000028e4411693e78ef57ab28bdfc26d71d81c675bec6f3959

get 200 tx in 00000000000000000014e4ce0d03b778c508f679433b75e1ba4e0e6adfee7d81

get 600 tx in 0000000000000000000b1ac4500680fe0cde21468d0f97b5250e65c8ff592c0c

get 1000 tx in 00000000000000000015038077a4bd0caccb41ba5d394732608b79bdf273cd4e

finish get block 569440  00000000000000000028499702cd19566b94fd4258a2814c551c4cfd73f464ce

569410 2019-03-30 03:53:43
get 1400 tx in 0000000000000000002bb0d8d00d7a9d069bfb1f0d5136873684b9f83e795b5a

get 1800 tx in 0000000000000000001ae7a1bbe1c0d218c6ad4d49f5a2110e57c44c6844cfe5

get 2200 tx in 00000000000000000028e4411693e78ef57ab28bdfc26d71d81c675bec6f3959

get 400 tx in 00000000000000000014e4ce0d03b778c508f679433b75e1ba4e0e6adfee7d81

get 800 tx in 0000000000000000000b1ac4500680fe0cde21468d0f97b5250e65c8ff592c0c

get 1200 tx in 00000000000000000015038077a4bd0caccb41ba5d394732608b79bdf273cd4e

get 1600 tx in 0000000000000000002bb0d8d00d7a9d069bfb1f0d5136873684b9f83e795b5a

get 2000 tx in 0000000000000000001ae7a1bbe1c0d218c6ad4d49f5a2110e57c44c6844cfe5

get 200 tx in 0000000000000000002831af1ea99d6975bce0966ef5ec4774aa319be4f33230

get 2400 tx in 00000000000000000028e4411693e78ef57ab28bdfc26d71d81c675bec6f3959

get 600 tx in 00000000000000000014e4ce0d03b778c508f679433b75e1ba4e0e6adfee7d81

get 1000 tx in 0000000000000000000b1ac4500680fe0cde21468d0f97b5250e65c8ff592c0c

finish get block 569438  0000000000000000002b708bd72b2f9d5457edf3cb943f6aecde2ebd54358b62

569409 2019-03-30 03:46:06
get 1400 tx in 00000000000000000015038077a4bd0caccb41ba5d394732608b79bdf273cd4e

get 1800 tx in 0000000000000000002bb0d8d00d7a9d069bfb1f0d5136873684b9f83e795b5a

get 2200 tx in 0000000000000000001ae7a1bbe1c0d218c6ad4d49f5a2110e57c44c6844cfe5

get 400 tx in 0000000000000000002831af1ea99d6975bce0966ef5ec4774aa319be4f33230

get 2600 tx in 00000000000000000028e4411693e78ef57ab28bdfc26d71d81c675bec6f3959

get 800 tx in 00000000000000000014e4ce0d03b778c508f679433b75e1ba4e0e6adfee7d81

get 1200 tx in 0000000000000000000b1ac4500680fe0cde21468d0f97b5250e65c8ff592c0c

get 1600 tx in 00000000000000000015038077a4bd0caccb41ba5d394732608b79bdf273cd4e

get 2000 tx in 0000000000000000002bb0d8d00d7a9d069bfb1f0d5136873684b9f83e795b5a

get 200 tx in 00000000000000000022f47cf1a1a0f232deb855997f61382106ec35bd0f3edc

get 2400 tx in 0000000000000000001ae7a1bbe1c0d218c6ad4d49f5a2110e57c44c6844cfe5

get 600 tx in 0000000000000000002831af1ea99d6975bce0966ef5ec4774aa319be4f33230

get 2800 tx in 00000000000000000028e4411693e78ef57ab28bdfc26d71d81c675bec6f3959

get 1000 tx in 00000000000000000014e4ce0d03b778c508f679433b75e1ba4e0e6adfee7d81

get 1400 tx in 0000000000000000000b1ac4500680fe0cde21468d0f97b5250e65c8ff592c0c

finish get block 569439  00000000000000000019ee3e3d11c48084441c632219d084ad07ed897dc240d1

569408 2019-03-30 03:42:39
get 1800 tx in 00000000000000000015038077a4bd0caccb41ba5d394732608b79bdf273cd4e

get 2200 tx in 0000000000000000002bb0d8d00d7a9d069bfb1f0d5136873684b9f83e795b5a

get 400 tx in 00000000000000000022f47cf1a1a0f232deb855997f61382106ec35bd0f3edc

get 2600 tx in 0000000000000000001ae7a1bbe1c0d218c6ad4d49f5a2110e57c44c6844cfe5

get 800 tx in 0000000000000000002831af1ea99d6975bce0966ef5ec4774aa319be4f33230

get 3000 tx in 00000000000000000028e4411693e78ef57ab28bdfc26d71d81c675bec6f3959

get 1200 tx in 00000000000000000014e4ce0d03b778c508f679433b75e1ba4e0e6adfee7d81

get 1600 tx in 0000000000000000000b1ac4500680fe0cde21468d0f97b5250e65c8ff592c0c

get 200 tx in 00000000000000000028fdd71934e78242918cae9a6bd9b7e1d3784b58184b11

get 600 tx in 00000000000000000022f47cf1a1a0f232deb855997f61382106ec35bd0f3edc

get 2000 tx in 00000000000000000015038077a4bd0caccb41ba5d394732608b79bdf273cd4e

get 2400 tx in 0000000000000000002bb0d8d00d7a9d069bfb1f0d5136873684b9f83e795b5a

get 1000 tx in 0000000000000000002831af1ea99d6975bce0966ef5ec4774aa319be4f33230

get 1400 tx in 00000000000000000014e4ce0d03b778c508f679433b75e1ba4e0e6adfee7d81

finish get block 569437  000000000000000000095e896970a0d8af37367dc4b02b62ca6e8cdcd8a8312c

569407 2019-03-30 03:39:47
get 1800 tx in 0000000000000000000b1ac4500680fe0cde21468d0f97b5250e65c8ff592c0c

get 400 tx in 00000000000000000028fdd71934e78242918cae9a6bd9b7e1d3784b58184b11

get 800 tx in 00000000000000000022f47cf1a1a0f232deb855997f61382106ec35bd0f3edc

get 2600 tx in 0000000000000000002bb0d8d00d7a9d069bfb1f0d5136873684b9f83e795b5a

get 2200 tx in 00000000000000000015038077a4bd0caccb41ba5d394732608b79bdf273cd4e

get 1200 tx in 0000000000000000002831af1ea99d6975bce0966ef5ec4774aa319be4f33230

get 1600 tx in 00000000000000000014e4ce0d03b778c508f679433b75e1ba4e0e6adfee7d81

get 200 tx in 00000000000000000000e8e737ea367ecd4a0c294587685f9e2f3d4cf7e6b717

get 2000 tx in 0000000000000000000b1ac4500680fe0cde21468d0f97b5250e65c8ff592c0c

get 600 tx in 00000000000000000028fdd71934e78242918cae9a6bd9b7e1d3784b58184b11

get 1000 tx in 00000000000000000022f47cf1a1a0f232deb855997f61382106ec35bd0f3edc

get 2400 tx in 00000000000000000015038077a4bd0caccb41ba5d394732608b79bdf273cd4e

get 2800 tx in 0000000000000000002bb0d8d00d7a9d069bfb1f0d5136873684b9f83e795b5a

finish get block 569436  0000000000000000001877c685f2cccab0bbc17547d728077a812c9483d41fb4

569406 2019-03-30 03:28:43
get 1400 tx in 0000000000000000002831af1ea99d6975bce0966ef5ec4774aa319be4f33230

get 1800 tx in 00000000000000000014e4ce0d03b778c508f679433b75e1ba4e0e6adfee7d81

get 400 tx in 00000000000000000000e8e737ea367ecd4a0c294587685f9e2f3d4cf7e6b717

get 2200 tx in 0000000000000000000b1ac4500680fe0cde21468d0f97b5250e65c8ff592c0c

get 800 tx in 00000000000000000028fdd71934e78242918cae9a6bd9b7e1d3784b58184b11

get 1200 tx in 00000000000000000022f47cf1a1a0f232deb855997f61382106ec35bd0f3edc

get 2600 tx in 00000000000000000015038077a4bd0caccb41ba5d394732608b79bdf273cd4e

get 3000 tx in 0000000000000000002bb0d8d00d7a9d069bfb1f0d5136873684b9f83e795b5a

get 1600 tx in 0000000000000000002831af1ea99d6975bce0966ef5ec4774aa319be4f33230

get 200 tx in 00000000000000000003ab98093a5e26c31be06b386636a4a3d854f9a7d57dc2

get 2000 tx in 00000000000000000014e4ce0d03b778c508f679433b75e1ba4e0e6adfee7d81

get 600 tx in 00000000000000000000e8e737ea367ecd4a0c294587685f9e2f3d4cf7e6b717

get 2400 tx in 0000000000000000000b1ac4500680fe0cde21468d0f97b5250e65c8ff592c0c

get 1000 tx in 00000000000000000028fdd71934e78242918cae9a6bd9b7e1d3784b58184b11

finish get block 569435  0000000000000000000a169ee75efb5358aa49c5fa35fa777c4e2f7d900b6c39

569405 2019-03-30 03:24:15
get 1400 tx in 00000000000000000022f47cf1a1a0f232deb855997f61382106ec35bd0f3edc

get 2800 tx in 00000000000000000015038077a4bd0caccb41ba5d394732608b79bdf273cd4e

get 400 tx in 00000000000000000003ab98093a5e26c31be06b386636a4a3d854f9a7d57dc2

get 1800 tx in 0000000000000000002831af1ea99d6975bce0966ef5ec4774aa319be4f33230

get 2200 tx in 00000000000000000014e4ce0d03b778c508f679433b75e1ba4e0e6adfee7d81

get 800 tx in 00000000000000000000e8e737ea367ecd4a0c294587685f9e2f3d4cf7e6b717

get 2600 tx in 0000000000000000000b1ac4500680fe0cde21468d0f97b5250e65c8ff592c0c

get 1200 tx in 00000000000000000028fdd71934e78242918cae9a6bd9b7e1d3784b58184b11

get 1600 tx in 00000000000000000022f47cf1a1a0f232deb855997f61382106ec35bd0f3edc

get 200 tx in 00000000000000000025c945fbde3ba51997702c699981553c35506b6c196ecb

get 600 tx in 00000000000000000003ab98093a5e26c31be06b386636a4a3d854f9a7d57dc2

get 2000 tx in 0000000000000000002831af1ea99d6975bce0966ef5ec4774aa319be4f33230

finish get block 569432  00000000000000000004a804ad12b1c1f5981161659b6d3d30fbc9e1f1ca5ea2

569404 2019-03-30 03:05:14
get 2400 tx in 00000000000000000014e4ce0d03b778c508f679433b75e1ba4e0e6adfee7d81

get 1000 tx in 00000000000000000000e8e737ea367ecd4a0c294587685f9e2f3d4cf7e6b717

get 2800 tx in 0000000000000000000b1ac4500680fe0cde21468d0f97b5250e65c8ff592c0c

get 1400 tx in 00000000000000000028fdd71934e78242918cae9a6bd9b7e1d3784b58184b11

get 1800 tx in 00000000000000000022f47cf1a1a0f232deb855997f61382106ec35bd0f3edc

get 400 tx in 00000000000000000025c945fbde3ba51997702c699981553c35506b6c196ecb

get 800 tx in 00000000000000000003ab98093a5e26c31be06b386636a4a3d854f9a7d57dc2

get 2200 tx in 0000000000000000002831af1ea99d6975bce0966ef5ec4774aa319be4f33230

get 2600 tx in 00000000000000000014e4ce0d03b778c508f679433b75e1ba4e0e6adfee7d81

get 200 tx in 00000000000000000025d009ec71caa702a4ae2bd08078b86a9d4bf7f93813d3

get 1200 tx in 00000000000000000000e8e737ea367ecd4a0c294587685f9e2f3d4cf7e6b717

get 3000 tx in 0000000000000000000b1ac4500680fe0cde21468d0f97b5250e65c8ff592c0c

get 1600 tx in 00000000000000000028fdd71934e78242918cae9a6bd9b7e1d3784b58184b11

get 2000 tx in 00000000000000000022f47cf1a1a0f232deb855997f61382106ec35bd0f3edc

get 600 tx in 00000000000000000025c945fbde3ba51997702c699981553c35506b6c196ecb

get 1000 tx in 00000000000000000003ab98093a5e26c31be06b386636a4a3d854f9a7d57dc2

get 2400 tx in 0000000000000000002831af1ea99d6975bce0966ef5ec4774aa319be4f33230

finish get block 569434  00000000000000000003b2bc6d9492dbe3edfaa240065ff6687e96f3e4365e62

569403 2019-03-30 03:03:20
get 400 tx in 00000000000000000025d009ec71caa702a4ae2bd08078b86a9d4bf7f93813d3

get 1400 tx in 00000000000000000000e8e737ea367ecd4a0c294587685f9e2f3d4cf7e6b717

get 1800 tx in 00000000000000000028fdd71934e78242918cae9a6bd9b7e1d3784b58184b11

get 800 tx in 00000000000000000025c945fbde3ba51997702c699981553c35506b6c196ecb

get 1200 tx in 00000000000000000003ab98093a5e26c31be06b386636a4a3d854f9a7d57dc2

get 200 tx in 00000000000000000019fc07f671d921a905e7d8315de92c01b5b9437e39c203

get 600 tx in 00000000000000000025d009ec71caa702a4ae2bd08078b86a9d4bf7f93813d3

get 1600 tx in 00000000000000000000e8e737ea367ecd4a0c294587685f9e2f3d4cf7e6b717

get 2000 tx in 00000000000000000028fdd71934e78242918cae9a6bd9b7e1d3784b58184b11

get 1000 tx in 00000000000000000025c945fbde3ba51997702c699981553c35506b6c196ecb

get 1400 tx in 00000000000000000003ab98093a5e26c31be06b386636a4a3d854f9a7d57dc2

get 400 tx in 00000000000000000019fc07f671d921a905e7d8315de92c01b5b9437e39c203

get 800 tx in 00000000000000000025d009ec71caa702a4ae2bd08078b86a9d4bf7f93813d3

finish get block 569433  000000000000000000142a9da409700facbb885f032da8e9d6d2fe5154d710b9

569402 2019-03-30 02:58:05
get 1800 tx in 00000000000000000000e8e737ea367ecd4a0c294587685f9e2f3d4cf7e6b717

get 2200 tx in 00000000000000000028fdd71934e78242918cae9a6bd9b7e1d3784b58184b11

get 1200 tx in 00000000000000000025c945fbde3ba51997702c699981553c35506b6c196ecb

get 1600 tx in 00000000000000000003ab98093a5e26c31be06b386636a4a3d854f9a7d57dc2

get 600 tx in 00000000000000000019fc07f671d921a905e7d8315de92c01b5b9437e39c203

get 1000 tx in 00000000000000000025d009ec71caa702a4ae2bd08078b86a9d4bf7f93813d3

get 200 tx in 00000000000000000000ac4320146aadf99c30921f92435b6ba6e1574dd065db

get 2000 tx in 00000000000000000000e8e737ea367ecd4a0c294587685f9e2f3d4cf7e6b717

get 2400 tx in 00000000000000000028fdd71934e78242918cae9a6bd9b7e1d3784b58184b11

get 1400 tx in 00000000000000000025c945fbde3ba51997702c699981553c35506b6c196ecb

finish get block 569431  0000000000000000001bc38962600bc793a8cf394fae8118a284ea14151ec4c3

569401 2019-03-30 02:51:06
get 1800 tx in 00000000000000000003ab98093a5e26c31be06b386636a4a3d854f9a7d57dc2

get 800 tx in 00000000000000000019fc07f671d921a905e7d8315de92c01b5b9437e39c203

get 1200 tx in 00000000000000000025d009ec71caa702a4ae2bd08078b86a9d4bf7f93813d3

get 400 tx in 00000000000000000000ac4320146aadf99c30921f92435b6ba6e1574dd065db

get 2200 tx in 00000000000000000000e8e737ea367ecd4a0c294587685f9e2f3d4cf7e6b717

get 2600 tx in 00000000000000000028fdd71934e78242918cae9a6bd9b7e1d3784b58184b11

get 1600 tx in 00000000000000000025c945fbde3ba51997702c699981553c35506b6c196ecb

get 2000 tx in 00000000000000000003ab98093a5e26c31be06b386636a4a3d854f9a7d57dc2

get 200 tx in 000000000000000000164d8a3b56061c92555c930c437c4dd8eb5b4ad4b6c088

get 1000 tx in 00000000000000000019fc07f671d921a905e7d8315de92c01b5b9437e39c203

get 1400 tx in 00000000000000000025d009ec71caa702a4ae2bd08078b86a9d4bf7f93813d3

get 600 tx in 00000000000000000000ac4320146aadf99c30921f92435b6ba6e1574dd065db

finish get block 569429  00000000000000000020ce32303060cd71a212ea97b202deb52309a9880940d4

569400 2019-03-30 02:31:58
get 1800 tx in 00000000000000000025c945fbde3ba51997702c699981553c35506b6c196ecb

get 2200 tx in 00000000000000000003ab98093a5e26c31be06b386636a4a3d854f9a7d57dc2

get 400 tx in 000000000000000000164d8a3b56061c92555c930c437c4dd8eb5b4ad4b6c088

get 1200 tx in 00000000000000000019fc07f671d921a905e7d8315de92c01b5b9437e39c203

get 1600 tx in 00000000000000000025d009ec71caa702a4ae2bd08078b86a9d4bf7f93813d3

get 800 tx in 00000000000000000000ac4320146aadf99c30921f92435b6ba6e1574dd065db

get 200 tx in 00000000000000000014dab013a2e2118b8e021e5b2afd65b8f9fdbfdca869b9

get 2000 tx in 00000000000000000025c945fbde3ba51997702c699981553c35506b6c196ecb

get 2400 tx in 00000000000000000003ab98093a5e26c31be06b386636a4a3d854f9a7d57dc2

get 600 tx in 000000000000000000164d8a3b56061c92555c930c437c4dd8eb5b4ad4b6c088

get 1400 tx in 00000000000000000019fc07f671d921a905e7d8315de92c01b5b9437e39c203

get 1800 tx in 00000000000000000025d009ec71caa702a4ae2bd08078b86a9d4bf7f93813d3

get 1000 tx in 00000000000000000000ac4320146aadf99c30921f92435b6ba6e1574dd065db

get 400 tx in 00000000000000000014dab013a2e2118b8e021e5b2afd65b8f9fdbfdca869b9

finish get block 569430  0000000000000000000d3437c5c0746cccc4995e0c15795f38fd736c7e26d9c1

569399 2019-03-30 02:26:44
get 2200 tx in 00000000000000000025c945fbde3ba51997702c699981553c35506b6c196ecb

get 2600 tx in 00000000000000000003ab98093a5e26c31be06b386636a4a3d854f9a7d57dc2

get 800 tx in 000000000000000000164d8a3b56061c92555c930c437c4dd8eb5b4ad4b6c088

get 1600 tx in 00000000000000000019fc07f671d921a905e7d8315de92c01b5b9437e39c203

get 1200 tx in 00000000000000000000ac4320146aadf99c30921f92435b6ba6e1574dd065db

finish get block 569425  000000000000000000154423e58373900ba2501b5e00deface71de35c46a05b8

569398 2019-03-30 02:20:16
get 600 tx in 00000000000000000014dab013a2e2118b8e021e5b2afd65b8f9fdbfdca869b9

get 2400 tx in 00000000000000000025c945fbde3ba51997702c699981553c35506b6c196ecb

get 200 tx in 0000000000000000000be9f043e98cbfdfb85a4e8e39d88d411308a1155f3611

get 1000 tx in 000000000000000000164d8a3b56061c92555c930c437c4dd8eb5b4ad4b6c088

get 1800 tx in 00000000000000000019fc07f671d921a905e7d8315de92c01b5b9437e39c203

get 1400 tx in 00000000000000000000ac4320146aadf99c30921f92435b6ba6e1574dd065db

get 200 tx in 000000000000000000270f040c2d58576613c45f15b071e1994813e6b69c7bfd

get 800 tx in 00000000000000000014dab013a2e2118b8e021e5b2afd65b8f9fdbfdca869b9

get 2600 tx in 00000000000000000025c945fbde3ba51997702c699981553c35506b6c196ecb

get 400 tx in 0000000000000000000be9f043e98cbfdfb85a4e8e39d88d411308a1155f3611

get 1200 tx in 000000000000000000164d8a3b56061c92555c930c437c4dd8eb5b4ad4b6c088

finish get block 569427  0000000000000000001fe2dbf212644d70a01937b688e7f4e29be5459c4eb92b

569397 2019-03-30 02:14:10
get 2000 tx in 00000000000000000019fc07f671d921a905e7d8315de92c01b5b9437e39c203

get 1600 tx in 00000000000000000000ac4320146aadf99c30921f92435b6ba6e1574dd065db

get 400 tx in 000000000000000000270f040c2d58576613c45f15b071e1994813e6b69c7bfd

get 1000 tx in 00000000000000000014dab013a2e2118b8e021e5b2afd65b8f9fdbfdca869b9

get 2800 tx in 00000000000000000025c945fbde3ba51997702c699981553c35506b6c196ecb

get 600 tx in 0000000000000000000be9f043e98cbfdfb85a4e8e39d88d411308a1155f3611

get 1400 tx in 000000000000000000164d8a3b56061c92555c930c437c4dd8eb5b4ad4b6c088

get 2200 tx in 00000000000000000019fc07f671d921a905e7d8315de92c01b5b9437e39c203

get 200 tx in 0000000000000000000d6440e97b3051efadad69524595a4c74d7455e37cbdae

get 1800 tx in 00000000000000000000ac4320146aadf99c30921f92435b6ba6e1574dd065db

get 1200 tx in 00000000000000000014dab013a2e2118b8e021e5b2afd65b8f9fdbfdca869b9

get 800 tx in 0000000000000000000be9f043e98cbfdfb85a4e8e39d88d411308a1155f3611

get 600 tx in 000000000000000000270f040c2d58576613c45f15b071e1994813e6b69c7bfd

get 3000 tx in 00000000000000000025c945fbde3ba51997702c699981553c35506b6c196ecb

get 1600 tx in 000000000000000000164d8a3b56061c92555c930c437c4dd8eb5b4ad4b6c088

get 2400 tx in 00000000000000000019fc07f671d921a905e7d8315de92c01b5b9437e39c203

get 400 tx in 0000000000000000000d6440e97b3051efadad69524595a4c74d7455e37cbdae

finish get block 569428  00000000000000000028e3b93cea06586bca19f2c7431531d011d2fb79eb2270

569396 2019-03-30 02:13:36
get 2000 tx in 00000000000000000000ac4320146aadf99c30921f92435b6ba6e1574dd065db

get 1400 tx in 00000000000000000014dab013a2e2118b8e021e5b2afd65b8f9fdbfdca869b9

get 1000 tx in 0000000000000000000be9f043e98cbfdfb85a4e8e39d88d411308a1155f3611

get 800 tx in 000000000000000000270f040c2d58576613c45f15b071e1994813e6b69c7bfd

get 1800 tx in 000000000000000000164d8a3b56061c92555c930c437c4dd8eb5b4ad4b6c088

get 2600 tx in 00000000000000000019fc07f671d921a905e7d8315de92c01b5b9437e39c203

get 600 tx in 0000000000000000000d6440e97b3051efadad69524595a4c74d7455e37cbdae

get 2200 tx in 00000000000000000000ac4320146aadf99c30921f92435b6ba6e1574dd065db

get 200 tx in 0000000000000000001d6c094d490e90fa43e07f030f98db9b8242c4cab9f0cf

get 1600 tx in 00000000000000000014dab013a2e2118b8e021e5b2afd65b8f9fdbfdca869b9

get 1200 tx in 0000000000000000000be9f043e98cbfdfb85a4e8e39d88d411308a1155f3611

get 1000 tx in 000000000000000000270f040c2d58576613c45f15b071e1994813e6b69c7bfd

get 2000 tx in 000000000000000000164d8a3b56061c92555c930c437c4dd8eb5b4ad4b6c088

get 800 tx in 0000000000000000000d6440e97b3051efadad69524595a4c74d7455e37cbdae

finish get block 569426  0000000000000000000d1e9a546e88d790d9ea16ba96c46933c7e2cbd13c2633

569395 2019-03-30 01:56:12
get 2400 tx in 00000000000000000000ac4320146aadf99c30921f92435b6ba6e1574dd065db

get 400 tx in 0000000000000000001d6c094d490e90fa43e07f030f98db9b8242c4cab9f0cf

get 1400 tx in 0000000000000000000be9f043e98cbfdfb85a4e8e39d88d411308a1155f3611

get 1200 tx in 000000000000000000270f040c2d58576613c45f15b071e1994813e6b69c7bfd

get 2200 tx in 000000000000000000164d8a3b56061c92555c930c437c4dd8eb5b4ad4b6c088

get 1000 tx in 0000000000000000000d6440e97b3051efadad69524595a4c74d7455e37cbdae

get 200 tx in 0000000000000000000d6d974e0155fddfb69e27e503f226503559f22684c14c

get 2600 tx in 00000000000000000000ac4320146aadf99c30921f92435b6ba6e1574dd065db

get 600 tx in 0000000000000000001d6c094d490e90fa43e07f030f98db9b8242c4cab9f0cf

get 1600 tx in 0000000000000000000be9f043e98cbfdfb85a4e8e39d88d411308a1155f3611

get 1400 tx in 000000000000000000270f040c2d58576613c45f15b071e1994813e6b69c7bfd

get 2400 tx in 000000000000000000164d8a3b56061c92555c930c437c4dd8eb5b4ad4b6c088

finish get block 569424  0000000000000000001e0eb6b51d16dd1e21c876c0396e3f17366a6eaa121491

569394 2019-03-30 01:54:03
get 1200 tx in 0000000000000000000d6440e97b3051efadad69524595a4c74d7455e37cbdae

get 400 tx in 0000000000000000000d6d974e0155fddfb69e27e503f226503559f22684c14c

get 2800 tx in 00000000000000000000ac4320146aadf99c30921f92435b6ba6e1574dd065db

get 800 tx in 0000000000000000001d6c094d490e90fa43e07f030f98db9b8242c4cab9f0cf

get 1800 tx in 0000000000000000000be9f043e98cbfdfb85a4e8e39d88d411308a1155f3611

get 1600 tx in 000000000000000000270f040c2d58576613c45f15b071e1994813e6b69c7bfd

get 2600 tx in 000000000000000000164d8a3b56061c92555c930c437c4dd8eb5b4ad4b6c088

get 1400 tx in 0000000000000000000d6440e97b3051efadad69524595a4c74d7455e37cbdae

get 200 tx in 0000000000000000002b86ed01cd3de03d12dd267708e7dd69bc6614c9331bc4

get 600 tx in 0000000000000000000d6d974e0155fddfb69e27e503f226503559f22684c14c

get 1000 tx in 0000000000000000001d6c094d490e90fa43e07f030f98db9b8242c4cab9f0cf

finish get block 569421  0000000000000000002be416b38f0996ad536168bdc386ce60b1653c59e31c22

569393 2019-03-30 01:52:53
get 2000 tx in 0000000000000000000be9f043e98cbfdfb85a4e8e39d88d411308a1155f3611

get 1800 tx in 000000000000000000270f040c2d58576613c45f15b071e1994813e6b69c7bfd

get 2800 tx in 000000000000000000164d8a3b56061c92555c930c437c4dd8eb5b4ad4b6c088

get 1600 tx in 0000000000000000000d6440e97b3051efadad69524595a4c74d7455e37cbdae

get 400 tx in 0000000000000000002b86ed01cd3de03d12dd267708e7dd69bc6614c9331bc4

get 800 tx in 0000000000000000000d6d974e0155fddfb69e27e503f226503559f22684c14c

get 1200 tx in 0000000000000000001d6c094d490e90fa43e07f030f98db9b8242c4cab9f0cf

get 200 tx in 0000000000000000001f16fa1fa675f1906f71e3822c26f16c27931e3acf7720

get 2200 tx in 0000000000000000000be9f043e98cbfdfb85a4e8e39d88d411308a1155f3611

